stm32f4xx_nucleo.c:370:13:SPIx_Init.part.3	64	static
stm32f4xx_nucleo.c:177:10:BSP_GetVersion	0	static
stm32f4xx_nucleo.c:188:6:BSP_LED_Init	48	static
stm32f4xx_nucleo.c:213:6:BSP_LED_DeInit	16	static
stm32f4xx_nucleo.c:230:6:BSP_LED_On	0	static
stm32f4xx_nucleo.c:241:6:BSP_LED_Off	0	static
stm32f4xx_nucleo.c:252:6:BSP_LED_Toggle	0	static
stm32f4xx_nucleo.c:267:6:BSP_PB_Init	40	static
stm32f4xx_nucleo.c:304:6:BSP_PB_DeInit	8	static
stm32f4xx_nucleo.c:319:10:BSP_PB_GetState	8	static
stm32f4xx_nucleo.c:461:6:SD_IO_Init	64	static
stm32f4xx_nucleo.c:496:6:SD_IO_CSState	0	static
stm32f4xx_nucleo.c:514:6:SD_IO_WriteReadData	16	static
stm32f4xx_nucleo.c:524:9:SD_IO_WriteByte	32	static
stm32f4xx_nucleo.c:536:6:LCD_IO_Init	48	static
stm32f4xx_nucleo.c:566:6:LCD_IO_WriteReg	24	static
stm32f4xx_nucleo.c:586:6:LCD_IO_WriteData	24	static
stm32f4xx_nucleo.c:606:6:LCD_IO_WriteMultipleData	32	static
stm32f4xx_nucleo.c:661:6:LCD_Delay	0	static
stm32f4xx_nucleo.c:754:9:BSP_JOY_Init	48	static
stm32f4xx_nucleo.c:774:6:BSP_JOY_DeInit	8	static
stm32f4xx_nucleo.c:791:18:BSP_JOY_GetState	8	static
