custom_motion_sensors_ex.c:32:9:CUSTOM_MOTION_SENSOR_Read_Register	32	static
custom_motion_sensors_ex.c:67:9:CUSTOM_MOTION_SENSOR_Write_Register	24	static
custom_motion_sensors_ex.c:102:9:CUSTOM_MOTION_SENSOR_Get_DRDY_Status	32	static
custom_motion_sensors_ex.c:154:9:CUSTOM_MOTION_SENSOR_Enable_Free_Fall_Detection	24	static
custom_motion_sensors_ex.c:187:9:CUSTOM_MOTION_SENSOR_Disable_Free_Fall_Detection	24	static
custom_motion_sensors_ex.c:221:9:CUSTOM_MOTION_SENSOR_Set_Free_Fall_Threshold	24	static
custom_motion_sensors_ex.c:255:9:CUSTOM_MOTION_SENSOR_Set_Free_Fall_Duration	24	static
custom_motion_sensors_ex.c:288:9:CUSTOM_MOTION_SENSOR_Enable_Pedometer	24	static
custom_motion_sensors_ex.c:321:9:CUSTOM_MOTION_SENSOR_Disable_Pedometer	24	static
custom_motion_sensors_ex.c:355:9:CUSTOM_MOTION_SENSOR_Set_Pedometer_Threshold	24	static
custom_motion_sensors_ex.c:381:9:CUSTOM_MOTION_SENSOR_Reset_Step_Counter	24	static
custom_motion_sensors_ex.c:415:9:CUSTOM_MOTION_SENSOR_Get_Step_Count	24	static
custom_motion_sensors_ex.c:449:9:CUSTOM_MOTION_SENSOR_Enable_Single_Tap_Detection	24	static
custom_motion_sensors_ex.c:482:9:CUSTOM_MOTION_SENSOR_Disable_Single_Tap_Detection	24	static
custom_motion_sensors_ex.c:516:9:CUSTOM_MOTION_SENSOR_Enable_Double_Tap_Detection	24	static
custom_motion_sensors_ex.c:549:9:CUSTOM_MOTION_SENSOR_Disable_Double_Tap_Detection	24	static
custom_motion_sensors_ex.c:583:9:CUSTOM_MOTION_SENSOR_Set_Tap_Threshold	24	static
custom_motion_sensors_ex.c:617:9:CUSTOM_MOTION_SENSOR_Set_Tap_Shock_Time	24	static
custom_motion_sensors_ex.c:651:9:CUSTOM_MOTION_SENSOR_Set_Tap_Quiet_Time	24	static
custom_motion_sensors_ex.c:685:9:CUSTOM_MOTION_SENSOR_Set_Tap_Duration_Time	24	static
custom_motion_sensors_ex.c:719:9:CUSTOM_MOTION_SENSOR_Enable_Tilt_Detection	24	static
custom_motion_sensors_ex.c:752:9:CUSTOM_MOTION_SENSOR_Disable_Tilt_Detection	24	static
custom_motion_sensors_ex.c:786:9:CUSTOM_MOTION_SENSOR_Enable_Wake_Up_Detection	24	static
custom_motion_sensors_ex.c:819:9:CUSTOM_MOTION_SENSOR_Disable_Wake_Up_Detection	24	static
custom_motion_sensors_ex.c:853:9:CUSTOM_MOTION_SENSOR_Set_Wake_Up_Threshold	24	static
custom_motion_sensors_ex.c:887:9:CUSTOM_MOTION_SENSOR_Set_Wake_Up_Duration	24	static
custom_motion_sensors_ex.c:921:9:CUSTOM_MOTION_SENSOR_Enable_Inactivity_Detection	24	static
custom_motion_sensors_ex.c:947:9:CUSTOM_MOTION_SENSOR_Disable_Inactivity_Detection	24	static
custom_motion_sensors_ex.c:974:9:CUSTOM_MOTION_SENSOR_Set_Sleep_Duration	24	static
custom_motion_sensors_ex.c:1001:9:CUSTOM_MOTION_SENSOR_Enable_6D_Orientation	24	static
custom_motion_sensors_ex.c:1034:9:CUSTOM_MOTION_SENSOR_Disable_6D_Orientation	24	static
custom_motion_sensors_ex.c:1068:9:CUSTOM_MOTION_SENSOR_Set_6D_Orientation_Threshold	24	static
custom_motion_sensors_ex.c:1102:9:CUSTOM_MOTION_SENSOR_Get_6D_Orientation_XL	24	static
custom_motion_sensors_ex.c:1136:9:CUSTOM_MOTION_SENSOR_Get_6D_Orientation_XH	24	static
custom_motion_sensors_ex.c:1170:9:CUSTOM_MOTION_SENSOR_Get_6D_Orientation_YL	24	static
custom_motion_sensors_ex.c:1204:9:CUSTOM_MOTION_SENSOR_Get_6D_Orientation_YH	24	static
custom_motion_sensors_ex.c:1238:9:CUSTOM_MOTION_SENSOR_Get_6D_Orientation_ZL	24	static
custom_motion_sensors_ex.c:1272:9:CUSTOM_MOTION_SENSOR_Get_6D_Orientation_ZH	24	static
custom_motion_sensors_ex.c:1306:9:CUSTOM_MOTION_SENSOR_Get_Event_Status	24	static
custom_motion_sensors_ex.c:1341:9:CUSTOM_MOTION_SENSOR_FIFO_Get_Num_Samples	24	static
custom_motion_sensors_ex.c:1375:9:CUSTOM_MOTION_SENSOR_FIFO_Get_Full_Status	24	static
custom_motion_sensors_ex.c:1410:9:CUSTOM_MOTION_SENSOR_FIFO_Set_Decimation	32	static
custom_motion_sensors_ex.c:1437:9:CUSTOM_MOTION_SENSOR_FIFO_Set_ODR_Value	24	static
custom_motion_sensors_ex.c:1464:9:CUSTOM_MOTION_SENSOR_FIFO_Set_INT1_FIFO_Full	24	static
custom_motion_sensors_ex.c:1498:9:CUSTOM_MOTION_SENSOR_FIFO_Set_Watermark_Level	24	static
custom_motion_sensors_ex.c:1532:9:CUSTOM_MOTION_SENSOR_FIFO_Set_Stop_On_Fth	24	static
custom_motion_sensors_ex.c:1566:9:CUSTOM_MOTION_SENSOR_FIFO_Set_Mode	24	static
custom_motion_sensors_ex.c:1600:9:CUSTOM_MOTION_SENSOR_FIFO_Get_Pattern	24	static
custom_motion_sensors_ex.c:1628:9:CUSTOM_MOTION_SENSOR_FIFO_Get_Axis	32	static
custom_motion_sensors_ex.c:1656:9:CUSTOM_MOTION_SENSOR_FIFO_Set_BDR	32	static
custom_motion_sensors_ex.c:1708:9:CUSTOM_MOTION_SENSOR_FIFO_Get_Tag	24	static
custom_motion_sensors_ex.c:1743:9:CUSTOM_MOTION_SENSOR_FIFO_Get_Axes	32	static
custom_motion_sensors_ex.c:1796:9:CUSTOM_MOTION_SENSOR_Set_SelfTest	32	static
