Archive member included to satisfy reference by file (symbol)

c:/st/stm32cubeide_1.4.0/stm32cubeide/plugins/com.st.stm32cube.ide.mcu.externaltools.gnu-tools-for-stm32.7-2018-q2-update.win32_1.4.0.202007081208/tools/bin/../lib/gcc/arm-none-eabi/7.3.1/../../../../arm-none-eabi/lib/thumb/v7e-m/fpv4-sp/hard\libc_nano.a(lib_a-errno.o)
                              Example/User/syscalls.o (__errno)
c:/st/stm32cubeide_1.4.0/stm32cubeide/plugins/com.st.stm32cube.ide.mcu.externaltools.gnu-tools-for-stm32.7-2018-q2-update.win32_1.4.0.202007081208/tools/bin/../lib/gcc/arm-none-eabi/7.3.1/../../../../arm-none-eabi/lib/thumb/v7e-m/fpv4-sp/hard\libc_nano.a(lib_a-exit.o)
                              c:/st/stm32cubeide_1.4.0/stm32cubeide/plugins/com.st.stm32cube.ide.mcu.externaltools.gnu-tools-for-stm32.7-2018-q2-update.win32_1.4.0.202007081208/tools/bin/../lib/gcc/arm-none-eabi/7.3.1/../../../../arm-none-eabi/lib/thumb/v7e-m/fpv4-sp/hard/crt0.o (exit)
c:/st/stm32cubeide_1.4.0/stm32cubeide/plugins/com.st.stm32cube.ide.mcu.externaltools.gnu-tools-for-stm32.7-2018-q2-update.win32_1.4.0.202007081208/tools/bin/../lib/gcc/arm-none-eabi/7.3.1/../../../../arm-none-eabi/lib/thumb/v7e-m/fpv4-sp/hard\libc_nano.a(lib_a-impure.o)
                              c:/st/stm32cubeide_1.4.0/stm32cubeide/plugins/com.st.stm32cube.ide.mcu.externaltools.gnu-tools-for-stm32.7-2018-q2-update.win32_1.4.0.202007081208/tools/bin/../lib/gcc/arm-none-eabi/7.3.1/../../../../arm-none-eabi/lib/thumb/v7e-m/fpv4-sp/hard\libc_nano.a(lib_a-exit.o) (_global_impure_ptr)
c:/st/stm32cubeide_1.4.0/stm32cubeide/plugins/com.st.stm32cube.ide.mcu.externaltools.gnu-tools-for-stm32.7-2018-q2-update.win32_1.4.0.202007081208/tools/bin/../lib/gcc/arm-none-eabi/7.3.1/../../../../arm-none-eabi/lib/thumb/v7e-m/fpv4-sp/hard\libc_nano.a(lib_a-init.o)
                              c:/st/stm32cubeide_1.4.0/stm32cubeide/plugins/com.st.stm32cube.ide.mcu.externaltools.gnu-tools-for-stm32.7-2018-q2-update.win32_1.4.0.202007081208/tools/bin/../lib/gcc/arm-none-eabi/7.3.1/../../../../arm-none-eabi/lib/thumb/v7e-m/fpv4-sp/hard/crt0.o (__libc_init_array)
c:/st/stm32cubeide_1.4.0/stm32cubeide/plugins/com.st.stm32cube.ide.mcu.externaltools.gnu-tools-for-stm32.7-2018-q2-update.win32_1.4.0.202007081208/tools/bin/../lib/gcc/arm-none-eabi/7.3.1/../../../../arm-none-eabi/lib/thumb/v7e-m/fpv4-sp/hard\libc_nano.a(lib_a-memset.o)
                              c:/st/stm32cubeide_1.4.0/stm32cubeide/plugins/com.st.stm32cube.ide.mcu.externaltools.gnu-tools-for-stm32.7-2018-q2-update.win32_1.4.0.202007081208/tools/bin/../lib/gcc/arm-none-eabi/7.3.1/../../../../arm-none-eabi/lib/thumb/v7e-m/fpv4-sp/hard/crt0.o (memset)
c:/st/stm32cubeide_1.4.0/stm32cubeide/plugins/com.st.stm32cube.ide.mcu.externaltools.gnu-tools-for-stm32.7-2018-q2-update.win32_1.4.0.202007081208/tools/bin/../lib/gcc/arm-none-eabi/7.3.1/../../../../arm-none-eabi/lib/thumb/v7e-m/fpv4-sp/hard\libc_nano.a(lib_a-printf.o)
                              Drivers/BSP/Components/HTS221_Driver.o (printf)
c:/st/stm32cubeide_1.4.0/stm32cubeide/plugins/com.st.stm32cube.ide.mcu.externaltools.gnu-tools-for-stm32.7-2018-q2-update.win32_1.4.0.202007081208/tools/bin/../lib/gcc/arm-none-eabi/7.3.1/../../../../arm-none-eabi/lib/thumb/v7e-m/fpv4-sp/hard\libc_nano.a(lib_a-snprintf.o)
                              Example/User/main.o (snprintf)
c:/st/stm32cubeide_1.4.0/stm32cubeide/plugins/com.st.stm32cube.ide.mcu.externaltools.gnu-tools-for-stm32.7-2018-q2-update.win32_1.4.0.202007081208/tools/bin/../lib/gcc/arm-none-eabi/7.3.1/../../../../arm-none-eabi/lib/thumb/v7e-m/fpv4-sp/hard\libc_nano.a(lib_a-strlen.o)
                              Example/User/main.o (strlen)
c:/st/stm32cubeide_1.4.0/stm32cubeide/plugins/com.st.stm32cube.ide.mcu.externaltools.gnu-tools-for-stm32.7-2018-q2-update.win32_1.4.0.202007081208/tools/bin/../lib/gcc/arm-none-eabi/7.3.1/../../../../arm-none-eabi/lib/thumb/v7e-m/fpv4-sp/hard\libc_nano.a(lib_a-findfp.o)
                              c:/st/stm32cubeide_1.4.0/stm32cubeide/plugins/com.st.stm32cube.ide.mcu.externaltools.gnu-tools-for-stm32.7-2018-q2-update.win32_1.4.0.202007081208/tools/bin/../lib/gcc/arm-none-eabi/7.3.1/../../../../arm-none-eabi/lib/thumb/v7e-m/fpv4-sp/hard\libc_nano.a(lib_a-printf.o) (__sinit)
c:/st/stm32cubeide_1.4.0/stm32cubeide/plugins/com.st.stm32cube.ide.mcu.externaltools.gnu-tools-for-stm32.7-2018-q2-update.win32_1.4.0.202007081208/tools/bin/../lib/gcc/arm-none-eabi/7.3.1/../../../../arm-none-eabi/lib/thumb/v7e-m/fpv4-sp/hard\libc_nano.a(lib_a-fwalk.o)
                              c:/st/stm32cubeide_1.4.0/stm32cubeide/plugins/com.st.stm32cube.ide.mcu.externaltools.gnu-tools-for-stm32.7-2018-q2-update.win32_1.4.0.202007081208/tools/bin/../lib/gcc/arm-none-eabi/7.3.1/../../../../arm-none-eabi/lib/thumb/v7e-m/fpv4-sp/hard\libc_nano.a(lib_a-findfp.o) (_fwalk)
[...]
Memory Configuration

Name             Origin             Length             Attributes
FLASH            0x0000000008000000 0x0000000000080000 xr
RAM              0x0000000020000000 0x0000000000018000 xrw
*default*        0x0000000000000000 0xffffffffffffffff

Linker script and memory map

LOAD c:/st/stm32cubeide_1.4.0/stm32cubeide/plugins/com.st.stm32cube.ide.mcu.externaltools.gnu-tools-for-stm32.7-2018-q2-update.win32_1.4.0.202007081208/tools/bin/../lib/gcc/arm-none-eabi/7.3.1/thumb/v7e-m/fpv4-sp/hard/crti.o
LOAD c:/st/stm32cubeide_1.4.0/stm32cubeide/plugins/com.st.stm32cube.ide.mcu.externaltools.gnu-tools-for-stm32.7-2018-q2-update.win32_1.4.0.202007081208/tools/bin/../lib/gcc/arm-none-eabi/7.3.1/thumb/v7e-m/fpv4-sp/hard/crtbegin.o
LOAD c:/st/stm32cubeide_1.4.0/stm32cubeide/plugins/com.st.stm32cube.ide.mcu.externaltools.gnu-tools-for-stm32.7-2018-q2-update.win32_1.4.0.202007081208/tools/bin/../lib/gcc/arm-none-eabi/7.3.1/../../../../arm-none-eabi/lib/thumb/v7e-m/fpv4-sp/hard/crt0.o
LOAD Drivers/BSP/Components/HTS221_Driver.o
LOAD Drivers/BSP/Components/HTS221_Driver_HL.o
LOAD Drivers/BSP/Components/LIS3MDL_MAG_driver.o
LOAD Drivers/BSP/Components/LIS3MDL_MAG_driver_HL.o
LOAD Drivers/BSP/Components/LPS22HB_Driver.o
LOAD Drivers/BSP/Components/LPS22HB_Driver_HL.o
LOAD Drivers/BSP/Components/LPS25HB_Driver.o
LOAD Drivers/BSP/Components/LPS25HB_Driver_HL.o
LOAD Drivers/BSP/Components/LSM6DS0_ACC_GYRO_driver.o
LOAD Drivers/BSP/Components/LSM6DS0_ACC_GYRO_driver_HL.o
LOAD Drivers/BSP/Components/LSM6DS3_ACC_GYRO_driver.o
LOAD Drivers/BSP/Components/LSM6DS3_ACC_GYRO_driver_HL.o
LOAD Drivers/BSP/STM32F4xx-Nucleo/stm32f4xx_nucleo.o
LOAD Drivers/BSP/X_NUCLEO_IKS01A1/x_nucleo_iks01a1.o
LOAD Drivers/BSP/X_NUCLEO_IKS01A1/x_nucleo_iks01a1_accelero.o
LOAD Drivers/BSP/X_NUCLEO_IKS01A1/x_nucleo_iks01a1_gyro.o
LOAD Drivers/BSP/X_NUCLEO_IKS01A1/x_nucleo_iks01a1_humidity.o
LOAD Drivers/BSP/X_NUCLEO_IKS01A1/x_nucleo_iks01a1_magneto.o
LOAD Drivers/BSP/X_NUCLEO_IKS01A1/x_nucleo_iks01a1_pressure.o
LOAD Drivers/BSP/X_NUCLEO_IKS01A1/x_nucleo_iks01a1_temperature.o
LOAD Drivers/CMSIS/system_stm32f4xx.o
LOAD Drivers/STM32F4xx_HAL_Driver/stm32f4xx_hal.o
LOAD Drivers/STM32F4xx_HAL_Driver/stm32f4xx_hal_cortex.o
LOAD Drivers/STM32F4xx_HAL_Driver/stm32f4xx_hal_dma.o
LOAD Drivers/STM32F4xx_HAL_Driver/stm32f4xx_hal_dma_ex.o
LOAD Drivers/STM32F4xx_HAL_Driver/stm32f4xx_hal_flash.o
LOAD Drivers/STM32F4xx_HAL_Driver/stm32f4xx_hal_flash_ex.o
LOAD Drivers/STM32F4xx_HAL_Driver/stm32f4xx_hal_gpio.o
LOAD Drivers/STM32F4xx_HAL_Driver/stm32f4xx_hal_i2c.o
LOAD Drivers/STM32F4xx_HAL_Driver/stm32f4xx_hal_i2c_ex.o
LOAD Drivers/STM32F4xx_HAL_Driver/stm32f4xx_hal_rcc.o
LOAD Drivers/STM32F4xx_HAL_Driver/stm32f4xx_hal_rcc_ex.o
LOAD Drivers/STM32F4xx_HAL_Driver/stm32f4xx_hal_rtc.o
LOAD Drivers/STM32F4xx_HAL_Driver/stm32f4xx_hal_rtc_ex.o
LOAD Drivers/STM32F4xx_HAL_Driver/stm32f4xx_hal_uart.o
LOAD Example/SW4STM32/startup_stm32f401xe.o
LOAD Example/User/com.o
LOAD Example/User/cube_hal_f4.o
LOAD Example/User/main.o
LOAD Example/User/stm32f4xx_hal_msp.o
LOAD Example/User/stm32f4xx_it.o
LOAD Example/User/syscalls.o
LOAD c:/st/stm32cubeide_1.4.0/stm32cubeide/plugins/com.st.stm32cube.ide.mcu.externaltools.gnu-tools-for-stm32.7-2018-q2-update.win32_1.4.0.202007081208/tools/bin/../lib/gcc/arm-none-eabi/7.3.1/../../../../arm-none-eabi/lib/thumb/v7e-m/fpv4-sp/hard\libm.a
LOAD c:/st/stm32cubeide_1.4.0/stm32cubeide/plugins/com.st.stm32cube.ide.mcu.externaltools.gnu-tools-for-stm32.7-2018-q2-update.win32_1.4.0.202007081208/tools/bin/../lib/gcc/arm-none-eabi/7.3.1/../../../../arm-none-eabi/lib/thumb/v7e-m/fpv4-sp/hard\libc_nano.a
START GROUP
LOAD c:/st/stm32cubeide_1.4.0/stm32cubeide/plugins/com.st.stm32cube.ide.mcu.externaltools.gnu-tools-for-stm32.7-2018-q2-update.win32_1.4.0.202007081208/tools/bin/../lib/gcc/arm-none-eabi/7.3.1/../../../../arm-none-eabi/lib/thumb/v7e-m/fpv4-sp/hard\libc_nano.a
LOAD c:/st/stm32cubeide_1.4.0/stm32cubeide/plugins/com.st.stm32cube.ide.mcu.externaltools.gnu-tools-for-stm32.7-2018-q2-update.win32_1.4.0.202007081208/tools/bin/../lib/gcc/arm-none-eabi/7.3.1/../../../../arm-none-eabi/lib/thumb/v7e-m/fpv4-sp/hard\libm.a
END GROUP
START GROUP
LOAD c:/st/stm32cubeide_1.4.0/stm32cubeide/plugins/com.st.stm32cube.ide.mcu.externaltools.gnu-tools-for-stm32.7-2018-q2-update.win32_1.4.0.202007081208/tools/bin/../lib/gcc/arm-none-eabi/7.3.1/thumb/v7e-m/fpv4-sp/hard\libgcc.a
LOAD c:/st/stm32cubeide_1.4.0/stm32cubeide/plugins/com.st.stm32cube.ide.mcu.externaltools.gnu-tools-for-stm32.7-2018-q2-update.win32_1.4.0.202007081208/tools/bin/../lib/gcc/arm-none-eabi/7.3.1/../../../../arm-none-eabi/lib/thumb/v7e-m/fpv4-sp/hard\libc_nano.a
END GROUP
START GROUP
LOAD c:/st/stm32cubeide_1.4.0/stm32cubeide/plugins/com.st.stm32cube.ide.mcu.externaltools.gnu-tools-for-stm32.7-2018-q2-update.win32_1.4.0.202007081208/tools/bin/../lib/gcc/arm-none-eabi/7.3.1/thumb/v7e-m/fpv4-sp/hard\libgcc.a
LOAD c:/st/stm32cubeide_1.4.0/stm32cubeide/plugins/com.st.stm32cube.ide.mcu.externaltools.gnu-tools-for-stm32.7-2018-q2-update.win32_1.4.0.202007081208/tools/bin/../lib/gcc/arm-none-eabi/7.3.1/../../../../arm-none-eabi/lib/thumb/v7e-m/fpv4-sp/hard\libc_nano.a
END GROUP
LOAD c:/st/stm32cubeide_1.4.0/stm32cubeide/plugins/com.st.stm32cube.ide.mcu.externaltools.gnu-tools-for-stm32.7-2018-q2-update.win32_1.4.0.202007081208/tools/bin/../lib/gcc/arm-none-eabi/7.3.1/thumb/v7e-m/fpv4-sp/hard/crtend.o
LOAD c:/st/stm32cubeide_1.4.0/stm32cubeide/plugins/com.st.stm32cube.ide.mcu.externaltools.gnu-tools-for-stm32.7-2018-q2-update.win32_1.4.0.202007081208/tools/bin/../lib/gcc/arm-none-eabi/7.3.1/thumb/v7e-m/fpv4-sp/hard/crtn.o
                0x0000000020018000                _estack = 0x20018000
                0x0000000000000200                _Min_Heap_Size = 0x200
                0x0000000000000400                _Min_Stack_Size = 0x400

.isr_vector     0x0000000008000000      0x194
                0x0000000008000000                . = ALIGN (0x4)
 *(.isr_vector)
 .isr_vector    0x0000000008000000      0x194 Example/SW4STM32/startup_stm32f401xe.o
                0x0000000008000000                g_pfnVectors
                0x0000000008000194                . = ALIGN (0x4)

.text           0x00000000080001a0     0x7bd0
                0x00000000080001a0                . = ALIGN (0x4)
 *(.text)
 .text          0x00000000080001a0       0x40 c:/st/stm32cubeide_1.4.0/stm32cubeide/plugins/com.st.stm32cube.ide.mcu.externaltools.gnu-tools-for-stm32.7-2018-q2-update.win32_1.4.0.202007081208/tools/bin/../lib/gcc/arm-none-eabi/7.3.1/thumb/v7e-m/fpv4-sp/hard/crtbegin.o
 .text          0x00000000080001e0       0x10 c:/st/stm32cubeide_1.4.0/stm32cubeide/plugins/com.st.stm32cube.ide.mcu.externaltools.gnu-tools-for-stm32.7-2018-q2-update.win32_1.4.0.202007081208/tools/bin/../lib/gcc/arm-none-eabi/7.3.1/../../../../arm-none-eabi/lib/thumb/v7e-m/fpv4-sp/hard\libc_nano.a(lib_a-strlen.o)
                0x00000000080001e0                strlen
 .text          0x00000000080001f0       0xa0 c:/st/stm32cubeide_1.4.0/stm32cubeide/plugins/com.st.stm32cube.ide.mcu.externaltools.gnu-tools-for-stm32.7-2018-q2-update.win32_1.4.0.202007081208/tools/bin/../lib/gcc/arm-none-eabi/7.3.1/../../../../arm-none-eabi/lib/thumb/v7e-m/fpv4-sp/hard\libc_nano.a(lib_a-memchr.o)
                0x00000000080001f0                memchr
 .text          0x0000000008000290       0x30 c:/st/stm32cubeide_1.4.0/stm32cubeide/plugins/com.st.stm32cube.ide.mcu.externaltools.gnu-tools-for-stm32.7-2018-q2-update.win32_1.4.0.202007081208/tools/bin/../lib/gcc/arm-none-eabi/7.3.1/thumb/v7e-m/fpv4-sp/hard\libgcc.a(_aeabi_uldivmod.o)
                0x0000000008000290                __aeabi_uldivmod
 .text          0x00000000080002c0      0x2cc c:/st/stm32cubeide_1.4.0/stm32cubeide/plugins/com.st.stm32cube.ide.mcu.externaltools.gnu-tools-for-stm32.7-2018-q2-update.win32_1.4.0.202007081208/tools/bin/../lib/gcc/arm-none-eabi/7.3.1/thumb/v7e-m/fpv4-sp/hard\libgcc.a(_udivmoddi4.o)
                0x00000000080002c0                __udivmoddi4
 .text          0x000000000800058c        0x4 c:/st/stm32cubeide_1.4.0/stm32cubeide/plugins/com.st.stm32cube.ide.mcu.externaltools.gnu-tools-for-stm32.7-2018-q2-update.win32_1.4.0.202007081208/tools/bin/../lib/gcc/arm-none-eabi/7.3.1/thumb/v7e-m/fpv4-sp/hard\libgcc.a(_dvmd_tls.o)
                0x000000000800058c                __aeabi_idiv0
                0x000000000800058c                __aeabi_ldiv0
 *(.text*)
 .text.LSM6DS0_ACC_GYRO_WriteReg
                0x0000000008000590       0x10 Drivers/BSP/Components/LSM6DS0_ACC_GYRO_driver.o
                0x0000000008000590                LSM6DS0_ACC_GYRO_WriteReg
 .text.LSM6DS0_ACC_GYRO_ReadReg
                0x00000000080005a0       0x10 Drivers/BSP/Components/LSM6DS0_ACC_GYRO_driver.o
                0x00000000080005a0                LSM6DS0_ACC_GYRO_ReadReg
 .text.LSM6DS0_ACC_GYRO_R_WHO_AM_I_
                0x00000000080005b0       0x14 Drivers/BSP/Components/LSM6DS0_ACC_GYRO_driver.o
                0x00000000080005b0                LSM6DS0_ACC_GYRO_R_WHO_AM_I_
 .text.LSM6DS0_ACC_GYRO_W_GyroFullScale
                0x00000000080005c4       0x44 Drivers/BSP/Components/LSM6DS0_ACC_GYRO_driver.o
                0x00000000080005c4                LSM6DS0_ACC_GYRO_W_GyroFullScale
 .text.LSM6DS0_ACC_GYRO_R_GyroFullScale
                0x0000000008000608       0x20 Drivers/BSP/Components/LSM6DS0_ACC_GYRO_driver.o
                0x0000000008000608                LSM6DS0_ACC_GYRO_R_GyroFullScale
 .text.LSM6DS0_ACC_GYRO_W_GyroDataRate
                0x0000000008000628       0x44 Drivers/BSP/Components/LSM6DS0_ACC_GYRO_driver.o
                0x0000000008000628                LSM6DS0_ACC_GYRO_W_GyroDataRate
 .text.LSM6DS0_ACC_GYRO_R_GyroDataRate
                0x000000000800066c       0x20 Drivers/BSP/Components/LSM6DS0_ACC_GYRO_driver.o
                0x000000000800066c                LSM6DS0_ACC_GYRO_R_GyroDataRate
 .text.LSM6DS0_ACC_GYRO_W_AccelerometerFullScale
                0x000000000800068c       0x44 Drivers/BSP/Components/LSM6DS0_ACC_GYRO_driver.o
                0x000000000800068c                LSM6DS0_ACC_GYRO_W_AccelerometerFullScale
 .text.LSM6DS0_ACC_GYRO_R_AccelerometerFullScale
                0x00000000080006d0       0x20 Drivers/BSP/Components/LSM6DS0_ACC_GYRO_driver.o
                0x00000000080006d0                LSM6DS0_ACC_GYRO_R_AccelerometerFullScale
 .text.LSM6DS0_ACC_GYRO_W_AccelerometerDataRate
                0x00000000080006f0       0x44 Drivers/BSP/Components/LSM6DS0_ACC_GYRO_driver.o
                0x00000000080006f0                LSM6DS0_ACC_GYRO_W_AccelerometerDataRate
 .text.LSM6DS0_ACC_GYRO_R_AccelerometerDataRate
                0x0000000008000734       0x20 Drivers/BSP/Components/LSM6DS0_ACC_GYRO_driver.o
                0x0000000008000734                LSM6DS0_ACC_GYRO_R_AccelerometerDataRate
 .text.LSM6DS0_ACC_GYRO_W_BlockDataUpdate
                0x0000000008000754       0x44 Drivers/BSP/Components/LSM6DS0_ACC_GYRO_driver.o
                0x0000000008000754                LSM6DS0_ACC_GYRO_W_BlockDataUpdate
 .text.LSM6DS0_ACC_GYRO_Get_AngularRate
                0x0000000008000798       0x38 Drivers/BSP/Components/LSM6DS0_ACC_GYRO_driver.o
                0x0000000008000798                LSM6DS0_ACC_GYRO_Get_AngularRate
 .text.LSM6DS0_ACC_GYRO_Get_Acceleration
                0x00000000080007d0       0x38 Drivers/BSP/Components/LSM6DS0_ACC_GYRO_driver.o
                0x00000000080007d0                LSM6DS0_ACC_GYRO_Get_Acceleration
 .text.LSM6DS0_ACC_GYRO_R_AccelerometerDataReadyFlag
                0x0000000008000808       0x20 Drivers/BSP/Components/LSM6DS0_ACC_GYRO_driver.o
                0x0000000008000808                LSM6DS0_ACC_GYRO_R_AccelerometerDataReadyFlag
 .text.LSM6DS0_ACC_GYRO_R_GyroDataReadyFlag
                0x0000000008000828       0x20 Drivers/BSP/Components/LSM6DS0_ACC_GYRO_driver.o
                0x0000000008000828                LSM6DS0_ACC_GYRO_R_GyroDataReadyFlag
 .text.LSM6DS0_ACC_GYRO_W_GyroAxisX
                0x0000000008000848       0x44 Drivers/BSP/Components/LSM6DS0_ACC_GYRO_driver.o
                0x0000000008000848                LSM6DS0_ACC_GYRO_W_GyroAxisX
 .text.LSM6DS0_ACC_GYRO_R_GyroAxisX
                0x000000000800088c       0x20 Drivers/BSP/Components/LSM6DS0_ACC_GYRO_driver.o
                0x000000000800088c                LSM6DS0_ACC_GYRO_R_GyroAxisX
 .text.LSM6DS0_ACC_GYRO_W_GyroAxisY
                0x00000000080008ac       0x44 Drivers/BSP/Components/LSM6DS0_ACC_GYRO_driver.o
                0x00000000080008ac                LSM6DS0_ACC_GYRO_W_GyroAxisY
 .text.LSM6DS0_ACC_GYRO_R_GyroAxisY
                0x00000000080008f0       0x20 Drivers/BSP/Components/LSM6DS0_ACC_GYRO_driver.o
                0x00000000080008f0                LSM6DS0_ACC_GYRO_R_GyroAxisY
 .text.LSM6DS0_ACC_GYRO_W_GyroAxisZ
                0x0000000008000910       0x44 Drivers/BSP/Components/LSM6DS0_ACC_GYRO_driver.o
                0x0000000008000910                LSM6DS0_ACC_GYRO_W_GyroAxisZ
 .text.LSM6DS0_ACC_GYRO_R_GyroAxisZ
                0x0000000008000954       0x20 Drivers/BSP/Components/LSM6DS0_ACC_GYRO_driver.o
                0x0000000008000954                LSM6DS0_ACC_GYRO_R_GyroAxisZ
 .text.LSM6DS0_ACC_GYRO_W_AccelerometerAxisX
                0x0000000008000974       0x44 Drivers/BSP/Components/LSM6DS0_ACC_GYRO_driver.o
                0x0000000008000974                LSM6DS0_ACC_GYRO_W_AccelerometerAxisX
 .text.LSM6DS0_ACC_GYRO_R_AccelerometerAxisX
                0x00000000080009b8       0x20 Drivers/BSP/Components/LSM6DS0_ACC_GYRO_driver.o
                0x00000000080009b8                LSM6DS0_ACC_GYRO_R_AccelerometerAxisX
 .text.LSM6DS0_ACC_GYRO_W_AccelerometerAxisY
                0x00000000080009d8       0x44 Drivers/BSP/Components/LSM6DS0_ACC_GYRO_driver.o
                0x00000000080009d8                LSM6DS0_ACC_GYRO_W_AccelerometerAxisY
 .text.LSM6DS0_ACC_GYRO_R_AccelerometerAxisY
                0x0000000008000a1c       0x20 Drivers/BSP/Components/LSM6DS0_ACC_GYRO_driver.o
                0x0000000008000a1c                LSM6DS0_ACC_GYRO_R_AccelerometerAxisY
 .text.LSM6DS0_ACC_GYRO_W_AccelerometerAxisZ
                0x0000000008000a3c       0x44 Drivers/BSP/Components/LSM6DS0_ACC_GYRO_driver.o
                0x0000000008000a3c                LSM6DS0_ACC_GYRO_W_AccelerometerAxisZ
 .text.LSM6DS0_ACC_GYRO_R_AccelerometerAxisZ
                0x0000000008000a80       0x20 Drivers/BSP/Components/LSM6DS0_ACC_GYRO_driver.o
                0x0000000008000a80                LSM6DS0_ACC_GYRO_R_AccelerometerAxisZ
 .text.LSM6DS0_ACC_GYRO_W_AutoIndexOnMultiAccess
                0x0000000008000aa0       0x44 Drivers/BSP/Components/LSM6DS0_ACC_GYRO_driver.o
                0x0000000008000aa0                LSM6DS0_ACC_GYRO_W_AutoIndexOnMultiAccess
 .text.LSM6DS0_X_Get_DRDY_Status
                0x0000000008000ae4       0x30 Drivers/BSP/Components/LSM6DS0_ACC_GYRO_driver_HL.o
 .text.LSM6DS0_X_Write_Reg
                0x0000000008000b14       0x1c Drivers/BSP/Components/LSM6DS0_ACC_GYRO_driver_HL.o
 .text.LSM6DS0_X_Read_Reg
                0x0000000008000b30       0x10 Drivers/BSP/Components/LSM6DS0_ACC_GYRO_driver_HL.o
 .text.LSM6DS0_X_Get_Axes_Status
                0x0000000008000b40       0x68 Drivers/BSP/Components/LSM6DS0_ACC_GYRO_driver_HL.o
 .text.LSM6DS0_X_Set_FS_Value
                0x0000000008000ba8       0x58 Drivers/BSP/Components/LSM6DS0_ACC_GYRO_driver_HL.o
 .text.LSM6DS0_X_Set_FS
                0x0000000008000c00       0x30 Drivers/BSP/Components/LSM6DS0_ACC_GYRO_driver_HL.o
 .text.LSM6DS0_X_Get_FS
                0x0000000008000c30       0x7c Drivers/BSP/Components/LSM6DS0_ACC_GYRO_driver_HL.o
 .text.LSM6DS0_X_Get_Sensitivity
                0x0000000008000cac       0x84 Drivers/BSP/Components/LSM6DS0_ACC_GYRO_driver_HL.o
 .text.LSM6DS0_X_Get_WhoAmI
                0x0000000008000d30       0x10 Drivers/BSP/Components/LSM6DS0_ACC_GYRO_driver_HL.o
 .text.LSM6DS0_G_Get_DRDY_Status
                0x0000000008000d40       0x30 Drivers/BSP/Components/LSM6DS0_ACC_GYRO_driver_HL.o
 .text.LSM6DS0_G_Get_Axes_Status
                0x0000000008000d70       0x68 Drivers/BSP/Components/LSM6DS0_ACC_GYRO_driver_HL.o
 .text.LSM6DS0_G_Set_FS_Value
                0x0000000008000dd8       0x44 Drivers/BSP/Components/LSM6DS0_ACC_GYRO_driver_HL.o
 .text.LSM6DS0_G_Set_FS
                0x0000000008000e1c       0x30 Drivers/BSP/Components/LSM6DS0_ACC_GYRO_driver_HL.o
 .text.LSM6DS0_G_Get_FS
                0x0000000008000e4c       0x5c Drivers/BSP/Components/LSM6DS0_ACC_GYRO_driver_HL.o
 .text.LSM6DS0_G_Get_Sensitivity
                0x0000000008000ea8       0x5c Drivers/BSP/Components/LSM6DS0_ACC_GYRO_driver_HL.o
 .text.LSM6DS0_G_Get_ODR
                0x0000000008000f04       0x90 Drivers/BSP/Components/LSM6DS0_ACC_GYRO_driver_HL.o
 .text.LSM6DS0_X_Set_Axes_Status
                0x0000000008000f94       0x44 Drivers/BSP/Components/LSM6DS0_ACC_GYRO_driver_HL.o
 .text.LSM6DS0_X_Set_ODR_Value
                0x0000000008000fd8       0xe0 Drivers/BSP/Components/LSM6DS0_ACC_GYRO_driver_HL.o
 .text.LSM6DS0_X_Set_ODR
                0x00000000080010b8       0x68 Drivers/BSP/Components/LSM6DS0_ACC_GYRO_driver_HL.o
 .text.LSM6DS0_G_Set_Axes_Status
                0x0000000008001120       0x44 Drivers/BSP/Components/LSM6DS0_ACC_GYRO_driver_HL.o
 .text.LSM6DS0_G_Get_WhoAmI
                0x0000000008001164       0x10 Drivers/BSP/Components/LSM6DS0_ACC_GYRO_driver_HL.o
 .text.LSM6DS0_G_Read_Reg
                0x0000000008001174       0x10 Drivers/BSP/Components/LSM6DS0_ACC_GYRO_driver_HL.o
 .text.LSM6DS0_G_Write_Reg
                0x0000000008001184       0x1c Drivers/BSP/Components/LSM6DS0_ACC_GYRO_driver_HL.o
 .text.LSM6DS0_X_Sensor_Enable
                0x00000000080011a0       0x94 Drivers/BSP/Components/LSM6DS0_ACC_GYRO_driver_HL.o
 .text.LSM6DS0_X_Get_AxesRaw
                0x0000000008001234       0x4c Drivers/BSP/Components/LSM6DS0_ACC_GYRO_driver_HL.o
 .text.LSM6DS0_G_Get_AxesRaw
                0x0000000008001280       0x4c Drivers/BSP/Components/LSM6DS0_ACC_GYRO_driver_HL.o
 .text.LSM6DS0_G_Check_WhoAmI
                0x00000000080012cc       0x2c Drivers/BSP/Components/LSM6DS0_ACC_GYRO_driver_HL.o
 .text.LSM6DS0_X_Check_WhoAmI
                0x00000000080012f8       0x2c Drivers/BSP/Components/LSM6DS0_ACC_GYRO_driver_HL.o
 .text.LSM6DS0_G_Get_Axes
                0x0000000008001324       0xc4 Drivers/BSP/Components/LSM6DS0_ACC_GYRO_driver_HL.o
 .text.LSM6DS0_X_Get_ODR
                0x00000000080013e8       0xa8 Drivers/BSP/Components/LSM6DS0_ACC_GYRO_driver_HL.o
 .text.LSM6DS0_X_DeInit
                0x0000000008001490       0xd8 Drivers/BSP/Components/LSM6DS0_ACC_GYRO_driver_HL.o
 .text.LSM6DS0_X_Get_Axes
                0x0000000008001568       0xe8 Drivers/BSP/Components/LSM6DS0_ACC_GYRO_driver_HL.o
 .text.LSM6DS0_X_Sensor_Disable
                0x0000000008001650       0xb0 Drivers/BSP/Components/LSM6DS0_ACC_GYRO_driver_HL.o
 .text.LSM6DS0_G_Sensor_Disable
                0x0000000008001700       0xac Drivers/BSP/Components/LSM6DS0_ACC_GYRO_driver_HL.o
 .text.LSM6DS0_G_DeInit
                0x00000000080017ac       0xd4 Drivers/BSP/Components/LSM6DS0_ACC_GYRO_driver_HL.o
 .text.LSM6DS0_G_Sensor_Enable
                0x0000000008001880      0x120 Drivers/BSP/Components/LSM6DS0_ACC_GYRO_driver_HL.o
 .text.LSM6DS0_X_Init
                0x00000000080019a0       0x8c Drivers/BSP/Components/LSM6DS0_ACC_GYRO_driver_HL.o
 .text.LSM6DS0_G_Init
                0x0000000008001a2c       0x90 Drivers/BSP/Components/LSM6DS0_ACC_GYRO_driver_HL.o
 .text.LSM6DS0_G_Set_ODR
                0x0000000008001abc       0xf8 Drivers/BSP/Components/LSM6DS0_ACC_GYRO_driver_HL.o
 .text.LSM6DS0_G_Set_ODR_Value
                0x0000000008001bb4      0x16c Drivers/BSP/Components/LSM6DS0_ACC_GYRO_driver_HL.o
 .text.LSM6DS3_ACC_GYRO_WriteReg
                0x0000000008001d20       0x10 Drivers/BSP/Components/LSM6DS3_ACC_GYRO_driver.o
                0x0000000008001d20                LSM6DS3_ACC_GYRO_WriteReg
 .text.LSM6DS3_ACC_GYRO_ReadReg
                0x0000000008001d30       0x10 Drivers/BSP/Components/LSM6DS3_ACC_GYRO_driver.o
                0x0000000008001d30                LSM6DS3_ACC_GYRO_ReadReg
 .text.LSM6DS3_ACC_GYRO_R_WHO_AM_I
                0x0000000008001d40       0x14 Drivers/BSP/Components/LSM6DS3_ACC_GYRO_driver.o
                0x0000000008001d40                LSM6DS3_ACC_GYRO_R_WHO_AM_I
 .text.LSM6DS3_ACC_GYRO_W_BDU
                0x0000000008001d54       0x44 Drivers/BSP/Components/LSM6DS3_ACC_GYRO_driver.o
                0x0000000008001d54                LSM6DS3_ACC_GYRO_W_BDU
 .text.LSM6DS3_ACC_GYRO_W_FS_XL
                0x0000000008001d98       0x44 Drivers/BSP/Components/LSM6DS3_ACC_GYRO_driver.o
                0x0000000008001d98                LSM6DS3_ACC_GYRO_W_FS_XL
 .text.LSM6DS3_ACC_GYRO_R_FS_XL
                0x0000000008001ddc       0x20 Drivers/BSP/Components/LSM6DS3_ACC_GYRO_driver.o
                0x0000000008001ddc                LSM6DS3_ACC_GYRO_R_FS_XL
 .text.LSM6DS3_ACC_GYRO_GetRawAccData
                0x0000000008001dfc       0x38 Drivers/BSP/Components/LSM6DS3_ACC_GYRO_driver.o
                0x0000000008001dfc                LSM6DS3_ACC_GYRO_GetRawAccData
 .text.LSM6DS3_ACC_GYRO_W_ODR_XL
                0x0000000008001e34       0x44 Drivers/BSP/Components/LSM6DS3_ACC_GYRO_driver.o
                0x0000000008001e34                LSM6DS3_ACC_GYRO_W_ODR_XL
 .text.LSM6DS3_ACC_GYRO_R_ODR_XL
                0x0000000008001e78       0x20 Drivers/BSP/Components/LSM6DS3_ACC_GYRO_driver.o
                0x0000000008001e78                LSM6DS3_ACC_GYRO_R_ODR_XL
 .text.LSM6DS3_ACC_GYRO_W_FS_G
                0x0000000008001e98       0x44 Drivers/BSP/Components/LSM6DS3_ACC_GYRO_driver.o
                0x0000000008001e98                LSM6DS3_ACC_GYRO_W_FS_G
 .text.LSM6DS3_ACC_GYRO_R_FS_G
                0x0000000008001edc       0x20 Drivers/BSP/Components/LSM6DS3_ACC_GYRO_driver.o
                0x0000000008001edc                LSM6DS3_ACC_GYRO_R_FS_G
 .text.LSM6DS3_ACC_GYRO_W_ODR_G
                0x0000000008001efc       0x44 Drivers/BSP/Components/LSM6DS3_ACC_GYRO_driver.o
                0x0000000008001efc                LSM6DS3_ACC_GYRO_W_ODR_G
 .text.LSM6DS3_ACC_GYRO_R_ODR_G
                0x0000000008001f40       0x20 Drivers/BSP/Components/LSM6DS3_ACC_GYRO_driver.o
                0x0000000008001f40                LSM6DS3_ACC_GYRO_R_ODR_G
 .text.LSM6DS3_ACC_GYRO_GetRawGyroData
                0x0000000008001f60       0x38 Drivers/BSP/Components/LSM6DS3_ACC_GYRO_driver.o
                0x0000000008001f60                LSM6DS3_ACC_GYRO_GetRawGyroData
 .text.LSM6DS3_ACC_GYRO_W_FS_125
                0x0000000008001f98       0x44 Drivers/BSP/Components/LSM6DS3_ACC_GYRO_driver.o
                0x0000000008001f98                LSM6DS3_ACC_GYRO_W_FS_125
 .text.LSM6DS3_ACC_GYRO_R_FS_125
                0x0000000008001fdc       0x20 Drivers/BSP/Components/LSM6DS3_ACC_GYRO_driver.o
                0x0000000008001fdc                LSM6DS3_ACC_GYRO_R_FS_125
 .text.LSM6DS3_ACC_GYRO_W_FIFO_Watermark
                0x0000000008001ffc       0x6c Drivers/BSP/Components/LSM6DS3_ACC_GYRO_driver.o
                0x0000000008001ffc                LSM6DS3_ACC_GYRO_W_FIFO_Watermark
 .text.LSM6DS3_ACC_GYRO_W_DEC_FIFO_XL
                0x0000000008002068       0x44 Drivers/BSP/Components/LSM6DS3_ACC_GYRO_driver.o
                0x0000000008002068                LSM6DS3_ACC_GYRO_W_DEC_FIFO_XL
 .text.LSM6DS3_ACC_GYRO_W_DEC_FIFO_G
                0x00000000080020ac       0x44 Drivers/BSP/Components/LSM6DS3_ACC_GYRO_driver.o
                0x00000000080020ac                LSM6DS3_ACC_GYRO_W_DEC_FIFO_G
 .text.LSM6DS3_ACC_GYRO_W_FIFO_MODE
                0x00000000080020f0       0x44 Drivers/BSP/Components/LSM6DS3_ACC_GYRO_driver.o
                0x00000000080020f0                LSM6DS3_ACC_GYRO_W_FIFO_MODE
 .text.LSM6DS3_ACC_GYRO_W_ODR_FIFO
                0x0000000008002134       0x44 Drivers/BSP/Components/LSM6DS3_ACC_GYRO_driver.o
                0x0000000008002134                LSM6DS3_ACC_GYRO_W_ODR_FIFO
 .text.LSM6DS3_ACC_GYRO_W_FSS5_on_INT1
                0x0000000008002178       0x44 Drivers/BSP/Components/LSM6DS3_ACC_GYRO_driver.o
                0x0000000008002178                LSM6DS3_ACC_GYRO_W_FSS5_on_INT1
 .text.LSM6DS3_ACC_GYRO_W_PEDO_STEP_on_INT1
                0x00000000080021bc       0x44 Drivers/BSP/Components/LSM6DS3_ACC_GYRO_driver.o
                0x00000000080021bc                LSM6DS3_ACC_GYRO_W_PEDO_STEP_on_INT1
 .text.LSM6DS3_ACC_GYRO_W_IF_Addr_Incr
                0x0000000008002200       0x44 Drivers/BSP/Components/LSM6DS3_ACC_GYRO_driver.o
                0x0000000008002200                LSM6DS3_ACC_GYRO_W_IF_Addr_Incr
 .text.LSM6DS3_ACC_GYRO_W_STOP_ON_FTH
                0x0000000008002244       0x44 Drivers/BSP/Components/LSM6DS3_ACC_GYRO_driver.o
                0x0000000008002244                LSM6DS3_ACC_GYRO_W_STOP_ON_FTH
 .text.LSM6DS3_ACC_GYRO_W_SelfTest_XL
                0x0000000008002288       0x44 Drivers/BSP/Components/LSM6DS3_ACC_GYRO_driver.o
                0x0000000008002288                LSM6DS3_ACC_GYRO_W_SelfTest_XL
 .text.LSM6DS3_ACC_GYRO_W_SelfTest_G
                0x00000000080022cc       0x44 Drivers/BSP/Components/LSM6DS3_ACC_GYRO_driver.o
                0x00000000080022cc                LSM6DS3_ACC_GYRO_W_SelfTest_G
 .text.LSM6DS3_ACC_GYRO_W_XEN_XL
                0x0000000008002310       0x44 Drivers/BSP/Components/LSM6DS3_ACC_GYRO_driver.o
                0x0000000008002310                LSM6DS3_ACC_GYRO_W_XEN_XL
 .text.LSM6DS3_ACC_GYRO_R_XEN_XL
                0x0000000008002354       0x20 Drivers/BSP/Components/LSM6DS3_ACC_GYRO_driver.o
                0x0000000008002354                LSM6DS3_ACC_GYRO_R_XEN_XL
 .text.LSM6DS3_ACC_GYRO_W_YEN_XL
                0x0000000008002374       0x44 Drivers/BSP/Components/LSM6DS3_ACC_GYRO_driver.o
                0x0000000008002374                LSM6DS3_ACC_GYRO_W_YEN_XL
 .text.LSM6DS3_ACC_GYRO_R_YEN_XL
                0x00000000080023b8       0x20 Drivers/BSP/Components/LSM6DS3_ACC_GYRO_driver.o
                0x00000000080023b8                LSM6DS3_ACC_GYRO_R_YEN_XL
 .text.LSM6DS3_ACC_GYRO_W_ZEN_XL
                0x00000000080023d8       0x44 Drivers/BSP/Components/LSM6DS3_ACC_GYRO_driver.o
                0x00000000080023d8                LSM6DS3_ACC_GYRO_W_ZEN_XL
 .text.LSM6DS3_ACC_GYRO_R_ZEN_XL
                0x000000000800241c       0x20 Drivers/BSP/Components/LSM6DS3_ACC_GYRO_driver.o
                0x000000000800241c                LSM6DS3_ACC_GYRO_R_ZEN_XL
 .text.LSM6DS3_ACC_GYRO_W_PedoStepReset
                0x000000000800243c       0x44 Drivers/BSP/Components/LSM6DS3_ACC_GYRO_driver.o
                0x000000000800243c                LSM6DS3_ACC_GYRO_W_PedoStepReset
 .text.LSM6DS3_ACC_GYRO_W_XEN_G
                0x0000000008002480       0x44 Drivers/BSP/Components/LSM6DS3_ACC_GYRO_driver.o
                0x0000000008002480                LSM6DS3_ACC_GYRO_W_XEN_G
 .text.LSM6DS3_ACC_GYRO_R_XEN_G
                0x00000000080024c4       0x20 Drivers/BSP/Components/LSM6DS3_ACC_GYRO_driver.o
                0x00000000080024c4                LSM6DS3_ACC_GYRO_R_XEN_G
 .text.LSM6DS3_ACC_GYRO_W_YEN_G
                0x00000000080024e4       0x44 Drivers/BSP/Components/LSM6DS3_ACC_GYRO_driver.o
                0x00000000080024e4                LSM6DS3_ACC_GYRO_W_YEN_G
 .text.LSM6DS3_ACC_GYRO_R_YEN_G
                0x0000000008002528       0x20 Drivers/BSP/Components/LSM6DS3_ACC_GYRO_driver.o
                0x0000000008002528                LSM6DS3_ACC_GYRO_R_YEN_G
 .text.LSM6DS3_ACC_GYRO_W_ZEN_G
                0x0000000008002548       0x44 Drivers/BSP/Components/LSM6DS3_ACC_GYRO_driver.o
                0x0000000008002548                LSM6DS3_ACC_GYRO_W_ZEN_G
 .text.LSM6DS3_ACC_GYRO_R_ZEN_G
                0x000000000800258c       0x20 Drivers/BSP/Components/LSM6DS3_ACC_GYRO_driver.o
                0x000000000800258c                LSM6DS3_ACC_GYRO_R_ZEN_G
 .text.LSM6DS3_ACC_GYRO_W_FUNC_EN
                0x00000000080025ac       0x44 Drivers/BSP/Components/LSM6DS3_ACC_GYRO_driver.o
                0x00000000080025ac                LSM6DS3_ACC_GYRO_W_FUNC_EN
 .text.LSM6DS3_ACC_GYRO_R_WU_EV_STATUS
                0x00000000080025f0       0x20 Drivers/BSP/Components/LSM6DS3_ACC_GYRO_driver.o
                0x00000000080025f0                LSM6DS3_ACC_GYRO_R_WU_EV_STATUS
 .text.LSM6DS3_ACC_GYRO_R_FF_EV_STATUS
                0x0000000008002610       0x20 Drivers/BSP/Components/LSM6DS3_ACC_GYRO_driver.o
                0x0000000008002610                LSM6DS3_ACC_GYRO_R_FF_EV_STATUS
 .text.LSM6DS3_ACC_GYRO_R_DOUBLE_TAP_EV_STATUS
                0x0000000008002630       0x20 Drivers/BSP/Components/LSM6DS3_ACC_GYRO_driver.o
                0x0000000008002630                LSM6DS3_ACC_GYRO_R_DOUBLE_TAP_EV_STATUS
 .text.LSM6DS3_ACC_GYRO_R_SINGLE_TAP_EV_STATUS
                0x0000000008002650       0x20 Drivers/BSP/Components/LSM6DS3_ACC_GYRO_driver.o
                0x0000000008002650                LSM6DS3_ACC_GYRO_R_SINGLE_TAP_EV_STATUS
 .text.LSM6DS3_ACC_GYRO_R_DSD_XL
                0x0000000008002670       0x20 Drivers/BSP/Components/LSM6DS3_ACC_GYRO_driver.o
                0x0000000008002670                LSM6DS3_ACC_GYRO_R_DSD_XL
 .text.LSM6DS3_ACC_GYRO_R_DSD_XH
                0x0000000008002690       0x20 Drivers/BSP/Components/LSM6DS3_ACC_GYRO_driver.o
                0x0000000008002690                LSM6DS3_ACC_GYRO_R_DSD_XH
 .text.LSM6DS3_ACC_GYRO_R_DSD_YL
                0x00000000080026b0       0x20 Drivers/BSP/Components/LSM6DS3_ACC_GYRO_driver.o
                0x00000000080026b0                LSM6DS3_ACC_GYRO_R_DSD_YL
 .text.LSM6DS3_ACC_GYRO_R_DSD_YH
                0x00000000080026d0       0x20 Drivers/BSP/Components/LSM6DS3_ACC_GYRO_driver.o
                0x00000000080026d0                LSM6DS3_ACC_GYRO_R_DSD_YH
 .text.LSM6DS3_ACC_GYRO_R_DSD_ZL
                0x00000000080026f0       0x20 Drivers/BSP/Components/LSM6DS3_ACC_GYRO_driver.o
                0x00000000080026f0                LSM6DS3_ACC_GYRO_R_DSD_ZL
 .text.LSM6DS3_ACC_GYRO_R_DSD_ZH
                0x0000000008002710       0x20 Drivers/BSP/Components/LSM6DS3_ACC_GYRO_driver.o
                0x0000000008002710                LSM6DS3_ACC_GYRO_R_DSD_ZH
 .text.LSM6DS3_ACC_GYRO_R_D6D_EV_STATUS
                0x0000000008002730       0x20 Drivers/BSP/Components/LSM6DS3_ACC_GYRO_driver.o
                0x0000000008002730                LSM6DS3_ACC_GYRO_R_D6D_EV_STATUS
 .text.LSM6DS3_ACC_GYRO_R_XLDA
                0x0000000008002750       0x20 Drivers/BSP/Components/LSM6DS3_ACC_GYRO_driver.o
                0x0000000008002750                LSM6DS3_ACC_GYRO_R_XLDA
 .text.LSM6DS3_ACC_GYRO_R_GDA
                0x0000000008002770       0x20 Drivers/BSP/Components/LSM6DS3_ACC_GYRO_driver.o
                0x0000000008002770                LSM6DS3_ACC_GYRO_R_GDA
 .text.LSM6DS3_ACC_GYRO_R_FIFONumOfEntries
                0x0000000008002790       0x48 Drivers/BSP/Components/LSM6DS3_ACC_GYRO_driver.o
                0x0000000008002790                LSM6DS3_ACC_GYRO_R_FIFONumOfEntries
 .text.LSM6DS3_ACC_GYRO_R_FIFOEmpty
                0x00000000080027d8       0x20 Drivers/BSP/Components/LSM6DS3_ACC_GYRO_driver.o
                0x00000000080027d8                LSM6DS3_ACC_GYRO_R_FIFOEmpty
 .text.LSM6DS3_ACC_GYRO_R_FIFOFull
                0x00000000080027f8       0x20 Drivers/BSP/Components/LSM6DS3_ACC_GYRO_driver.o
                0x00000000080027f8                LSM6DS3_ACC_GYRO_R_FIFOFull
 .text.LSM6DS3_ACC_GYRO_R_OVERRUN
                0x0000000008002818       0x20 Drivers/BSP/Components/LSM6DS3_ACC_GYRO_driver.o
                0x0000000008002818                LSM6DS3_ACC_GYRO_R_OVERRUN
 .text.LSM6DS3_ACC_GYRO_R_FIFOPattern
                0x0000000008002838       0x48 Drivers/BSP/Components/LSM6DS3_ACC_GYRO_driver.o
                0x0000000008002838                LSM6DS3_ACC_GYRO_R_FIFOPattern
 .text.LSM6DS3_ACC_GYRO_R_PEDO_EV_STATUS
                0x0000000008002880       0x20 Drivers/BSP/Components/LSM6DS3_ACC_GYRO_driver.o
                0x0000000008002880                LSM6DS3_ACC_GYRO_R_PEDO_EV_STATUS
 .text.LSM6DS3_ACC_GYRO_R_TILT_EV_STATUS
                0x00000000080028a0       0x20 Drivers/BSP/Components/LSM6DS3_ACC_GYRO_driver.o
                0x00000000080028a0                LSM6DS3_ACC_GYRO_R_TILT_EV_STATUS
 .text.LSM6DS3_ACC_GYRO_W_LIR
                0x00000000080028c0       0x44 Drivers/BSP/Components/LSM6DS3_ACC_GYRO_driver.o
                0x00000000080028c0                LSM6DS3_ACC_GYRO_W_LIR
 .text.LSM6DS3_ACC_GYRO_W_TAP_Z_EN
                0x0000000008002904       0x44 Drivers/BSP/Components/LSM6DS3_ACC_GYRO_driver.o
                0x0000000008002904                LSM6DS3_ACC_GYRO_W_TAP_Z_EN
 .text.LSM6DS3_ACC_GYRO_W_TAP_Y_EN
                0x0000000008002948       0x44 Drivers/BSP/Components/LSM6DS3_ACC_GYRO_driver.o
                0x0000000008002948                LSM6DS3_ACC_GYRO_W_TAP_Y_EN
 .text.LSM6DS3_ACC_GYRO_W_TAP_X_EN
                0x000000000800298c       0x44 Drivers/BSP/Components/LSM6DS3_ACC_GYRO_driver.o
                0x000000000800298c                LSM6DS3_ACC_GYRO_W_TAP_X_EN
 .text.LSM6DS3_ACC_GYRO_W_TILT_EN
                0x00000000080029d0       0x44 Drivers/BSP/Components/LSM6DS3_ACC_GYRO_driver.o
                0x00000000080029d0                LSM6DS3_ACC_GYRO_W_TILT_EN
 .text.LSM6DS3_ACC_GYRO_W_PEDO_EN
                0x0000000008002a14       0x44 Drivers/BSP/Components/LSM6DS3_ACC_GYRO_driver.o
                0x0000000008002a14                LSM6DS3_ACC_GYRO_W_PEDO_EN
 .text.LSM6DS3_ACC_GYRO_W_TAP_THS
                0x0000000008002a58       0x48 Drivers/BSP/Components/LSM6DS3_ACC_GYRO_driver.o
                0x0000000008002a58                LSM6DS3_ACC_GYRO_W_TAP_THS
 .text.LSM6DS3_ACC_GYRO_W_SIXD_THS
                0x0000000008002aa0       0x44 Drivers/BSP/Components/LSM6DS3_ACC_GYRO_driver.o
                0x0000000008002aa0                LSM6DS3_ACC_GYRO_W_SIXD_THS
 .text.LSM6DS3_ACC_GYRO_W_SHOCK_Duration
                0x0000000008002ae4       0x48 Drivers/BSP/Components/LSM6DS3_ACC_GYRO_driver.o
                0x0000000008002ae4                LSM6DS3_ACC_GYRO_W_SHOCK_Duration
 .text.LSM6DS3_ACC_GYRO_W_QUIET_Duration
                0x0000000008002b2c       0x48 Drivers/BSP/Components/LSM6DS3_ACC_GYRO_driver.o
                0x0000000008002b2c                LSM6DS3_ACC_GYRO_W_QUIET_Duration
 .text.LSM6DS3_ACC_GYRO_W_DUR
                0x0000000008002b74       0x44 Drivers/BSP/Components/LSM6DS3_ACC_GYRO_driver.o
                0x0000000008002b74                LSM6DS3_ACC_GYRO_W_DUR
 .text.LSM6DS3_ACC_GYRO_W_WK_THS
                0x0000000008002bb8       0x48 Drivers/BSP/Components/LSM6DS3_ACC_GYRO_driver.o
                0x0000000008002bb8                LSM6DS3_ACC_GYRO_W_WK_THS
 .text.LSM6DS3_ACC_GYRO_W_SINGLE_DOUBLE_TAP_EV
                0x0000000008002c00       0x44 Drivers/BSP/Components/LSM6DS3_ACC_GYRO_driver.o
                0x0000000008002c00                LSM6DS3_ACC_GYRO_W_SINGLE_DOUBLE_TAP_EV
 .text.LSM6DS3_ACC_GYRO_W_SLEEP_DUR
                0x0000000008002c44       0x48 Drivers/BSP/Components/LSM6DS3_ACC_GYRO_driver.o
                0x0000000008002c44                LSM6DS3_ACC_GYRO_W_SLEEP_DUR
 .text.LSM6DS3_ACC_GYRO_W_TIMER_HR
                0x0000000008002c8c       0x44 Drivers/BSP/Components/LSM6DS3_ACC_GYRO_driver.o
                0x0000000008002c8c                LSM6DS3_ACC_GYRO_W_TIMER_HR
 .text.LSM6DS3_ACC_GYRO_W_WAKE_DUR
                0x0000000008002cd0       0x48 Drivers/BSP/Components/LSM6DS3_ACC_GYRO_driver.o
                0x0000000008002cd0                LSM6DS3_ACC_GYRO_W_WAKE_DUR
 .text.LSM6DS3_ACC_GYRO_W_FF_THS
                0x0000000008002d18       0x44 Drivers/BSP/Components/LSM6DS3_ACC_GYRO_driver.o
                0x0000000008002d18                LSM6DS3_ACC_GYRO_W_FF_THS
 .text.LSM6DS3_ACC_GYRO_W_FF_Duration
                0x0000000008002d5c       0x78 Drivers/BSP/Components/LSM6DS3_ACC_GYRO_driver.o
                0x0000000008002d5c                LSM6DS3_ACC_GYRO_W_FF_Duration
 .text.LSM6DS3_ACC_GYRO_W_TiltEvOnInt1
                0x0000000008002dd4       0x44 Drivers/BSP/Components/LSM6DS3_ACC_GYRO_driver.o
                0x0000000008002dd4                LSM6DS3_ACC_GYRO_W_TiltEvOnInt1
 .text.LSM6DS3_ACC_GYRO_W_6DEvOnInt1
                0x0000000008002e18       0x44 Drivers/BSP/Components/LSM6DS3_ACC_GYRO_driver.o
                0x0000000008002e18                LSM6DS3_ACC_GYRO_W_6DEvOnInt1
 .text.LSM6DS3_ACC_GYRO_W_TapEvOnInt1
                0x0000000008002e5c       0x44 Drivers/BSP/Components/LSM6DS3_ACC_GYRO_driver.o
                0x0000000008002e5c                LSM6DS3_ACC_GYRO_W_TapEvOnInt1
 .text.LSM6DS3_ACC_GYRO_W_FFEvOnInt1
                0x0000000008002ea0       0x44 Drivers/BSP/Components/LSM6DS3_ACC_GYRO_driver.o
                0x0000000008002ea0                LSM6DS3_ACC_GYRO_W_FFEvOnInt1
 .text.LSM6DS3_ACC_GYRO_W_WUEvOnInt1
                0x0000000008002ee4       0x44 Drivers/BSP/Components/LSM6DS3_ACC_GYRO_driver.o
                0x0000000008002ee4                LSM6DS3_ACC_GYRO_W_WUEvOnInt1
 .text.LSM6DS3_ACC_GYRO_W_SingleTapOnInt1
                0x0000000008002f28       0x44 Drivers/BSP/Components/LSM6DS3_ACC_GYRO_driver.o
                0x0000000008002f28                LSM6DS3_ACC_GYRO_W_SingleTapOnInt1
 .text.LSM6DS3_ACC_GYRO_W_TiltEvOnInt2
                0x0000000008002f6c       0x44 Drivers/BSP/Components/LSM6DS3_ACC_GYRO_driver.o
                0x0000000008002f6c                LSM6DS3_ACC_GYRO_W_TiltEvOnInt2
 .text.LSM6DS3_ACC_GYRO_W_6DEvOnInt2
                0x0000000008002fb0       0x44 Drivers/BSP/Components/LSM6DS3_ACC_GYRO_driver.o
                0x0000000008002fb0                LSM6DS3_ACC_GYRO_W_6DEvOnInt2
 .text.LSM6DS3_ACC_GYRO_W_TapEvOnInt2
                0x0000000008002ff4       0x44 Drivers/BSP/Components/LSM6DS3_ACC_GYRO_driver.o
                0x0000000008002ff4                LSM6DS3_ACC_GYRO_W_TapEvOnInt2
 .text.LSM6DS3_ACC_GYRO_W_FFEvOnInt2
                0x0000000008003038       0x44 Drivers/BSP/Components/LSM6DS3_ACC_GYRO_driver.o
                0x0000000008003038                LSM6DS3_ACC_GYRO_W_FFEvOnInt2
 .text.LSM6DS3_ACC_GYRO_W_WUEvOnInt2
                0x000000000800307c       0x44 Drivers/BSP/Components/LSM6DS3_ACC_GYRO_driver.o
                0x000000000800307c                LSM6DS3_ACC_GYRO_W_WUEvOnInt2
 .text.LSM6DS3_ACC_GYRO_W_SingleTapOnInt2
                0x00000000080030c0       0x44 Drivers/BSP/Components/LSM6DS3_ACC_GYRO_driver.o
                0x00000000080030c0                LSM6DS3_ACC_GYRO_W_SingleTapOnInt2
 .text.LSM6DS3_ACC_GYRO_Get_GetFIFOData
                0x0000000008003104       0x2c Drivers/BSP/Components/LSM6DS3_ACC_GYRO_driver.o
                0x0000000008003104                LSM6DS3_ACC_GYRO_Get_GetFIFOData
 .text.LSM6DS3_ACC_GYRO_Get_GetStepCounter
                0x0000000008003130       0x2c Drivers/BSP/Components/LSM6DS3_ACC_GYRO_driver.o
                0x0000000008003130                LSM6DS3_ACC_GYRO_Get_GetStepCounter
 .text.LSM6DS3_ACC_GYRO_W_PedoThreshold
                0x000000000800315c       0x90 Drivers/BSP/Components/LSM6DS3_ACC_GYRO_driver.o
                0x000000000800315c                LSM6DS3_ACC_GYRO_W_PedoThreshold
 .text.LSM6DS3_FIFO_Set_Watermark_Level
                0x00000000080031ec       0x10 Drivers/BSP/Components/LSM6DS3_ACC_GYRO_driver_HL.o
 .text.LSM6DS3_X_Get_Sensitivity
                0x00000000080031fc       0x78 Drivers/BSP/Components/LSM6DS3_ACC_GYRO_driver_HL.o
 .text.LSM6DS3_X_Get_FS
                0x0000000008003274       0x70 Drivers/BSP/Components/LSM6DS3_ACC_GYRO_driver_HL.o
 .text.LSM6DS3_FIFO_Get_Num_Of_Samples
                0x00000000080032e4       0x10 Drivers/BSP/Components/LSM6DS3_ACC_GYRO_driver_HL.o
 .text.LSM6DS3_FIFO_Get_Data
                0x00000000080032f4       0x10 Drivers/BSP/Components/LSM6DS3_ACC_GYRO_driver_HL.o
 .text.LSM6DS3_FIFO_Get_Pattern
                0x0000000008003304       0x10 Drivers/BSP/Components/LSM6DS3_ACC_GYRO_driver_HL.o
 .text.LSM6DS3_FIFO_Get_Overrun_Status
                0x0000000008003314       0x30 Drivers/BSP/Components/LSM6DS3_ACC_GYRO_driver_HL.o
 .text.LSM6DS3_FIFO_Get_Empty_Status
                0x0000000008003344       0x30 Drivers/BSP/Components/LSM6DS3_ACC_GYRO_driver_HL.o
 .text.LSM6DS3_FIFO_Get_Full_Status
                0x0000000008003374       0x30 Drivers/BSP/Components/LSM6DS3_ACC_GYRO_driver_HL.o
 .text.LSM6DS3_FIFO_Set_ODR_Value
                0x00000000080033a4       0xe0 Drivers/BSP/Components/LSM6DS3_ACC_GYRO_driver_HL.o
 .text.LSM6DS3_X_Read_Reg
                0x0000000008003484       0x10 Drivers/BSP/Components/LSM6DS3_ACC_GYRO_driver_HL.o
 .text.LSM6DS3_X_Get_Event_Status
                0x0000000008003494      0x178 Drivers/BSP/Components/LSM6DS3_ACC_GYRO_driver_HL.o
 .text.LSM6DS3_X_Get_6D_Orientation_ZH
                0x000000000800360c       0x30 Drivers/BSP/Components/LSM6DS3_ACC_GYRO_driver_HL.o
 .text.LSM6DS3_X_Get_6D_Orientation_ZL
                0x000000000800363c       0x30 Drivers/BSP/Components/LSM6DS3_ACC_GYRO_driver_HL.o
 .text.LSM6DS3_X_Get_6D_Orientation_YH
                0x000000000800366c       0x30 Drivers/BSP/Components/LSM6DS3_ACC_GYRO_driver_HL.o
 .text.LSM6DS3_X_Get_6D_Orientation_YL
                0x000000000800369c       0x30 Drivers/BSP/Components/LSM6DS3_ACC_GYRO_driver_HL.o
 .text.LSM6DS3_X_Get_6D_Orientation_XH
                0x00000000080036cc       0x30 Drivers/BSP/Components/LSM6DS3_ACC_GYRO_driver_HL.o
 .text.LSM6DS3_X_Get_6D_Orientation_XL
                0x00000000080036fc       0x30 Drivers/BSP/Components/LSM6DS3_ACC_GYRO_driver_HL.o
 .text.LSM6DS3_X_Get_6D_Orientation_Status
                0x000000000800372c       0x30 Drivers/BSP/Components/LSM6DS3_ACC_GYRO_driver_HL.o
 .text.LSM6DS3_X_Set_FS_Value
                0x000000000800375c       0x58 Drivers/BSP/Components/LSM6DS3_ACC_GYRO_driver_HL.o
 .text.LSM6DS3_X_Set_FS
                0x00000000080037b4       0x30 Drivers/BSP/Components/LSM6DS3_ACC_GYRO_driver_HL.o
 .text.LSM6DS3_X_Set_Tap_Duration_Time
                0x00000000080037e4       0x10 Drivers/BSP/Components/LSM6DS3_ACC_GYRO_driver_HL.o
 .text.LSM6DS3_X_Set_Tap_Quiet_Time
                0x00000000080037f4       0x10 Drivers/BSP/Components/LSM6DS3_ACC_GYRO_driver_HL.o
 .text.LSM6DS3_X_Set_Tap_Shock_Time
                0x0000000008003804       0x10 Drivers/BSP/Components/LSM6DS3_ACC_GYRO_driver_HL.o
 .text.LSM6DS3_X_Set_Tap_Threshold
                0x0000000008003814       0x10 Drivers/BSP/Components/LSM6DS3_ACC_GYRO_driver_HL.o
 .text.LSM6DS3_X_Get_Double_Tap_Detection_Status
                0x0000000008003824       0x30 Drivers/BSP/Components/LSM6DS3_ACC_GYRO_driver_HL.o
 .text.LSM6DS3_X_Get_Single_Tap_Detection_Status
                0x0000000008003854       0x30 Drivers/BSP/Components/LSM6DS3_ACC_GYRO_driver_HL.o
 .text.LSM6DS3_X_Set_Wake_Up_Threshold
                0x0000000008003884       0x10 Drivers/BSP/Components/LSM6DS3_ACC_GYRO_driver_HL.o
 .text.LSM6DS3_X_Get_Wake_Up_Detection_Status
                0x0000000008003894       0x30 Drivers/BSP/Components/LSM6DS3_ACC_GYRO_driver_HL.o
 .text.LSM6DS3_X_Get_Tilt_Detection_Status
                0x00000000080038c4       0x30 Drivers/BSP/Components/LSM6DS3_ACC_GYRO_driver_HL.o
 .text.LSM6DS3_X_Set_Pedometer_Threshold
                0x00000000080038f4       0x10 Drivers/BSP/Components/LSM6DS3_ACC_GYRO_driver_HL.o
 .text.LSM6DS3_X_Disable_Step_Counter_Reset
                0x0000000008003904       0x10 Drivers/BSP/Components/LSM6DS3_ACC_GYRO_driver_HL.o
 .text.LSM6DS3_X_Enable_Step_Counter_Reset
                0x0000000008003914       0x10 Drivers/BSP/Components/LSM6DS3_ACC_GYRO_driver_HL.o
 .text.LSM6DS3_X_Get_Step_Count
                0x0000000008003924       0x10 Drivers/BSP/Components/LSM6DS3_ACC_GYRO_driver_HL.o
 .text.LSM6DS3_X_Get_Pedometer_Status
                0x0000000008003934       0x30 Drivers/BSP/Components/LSM6DS3_ACC_GYRO_driver_HL.o
 .text.LSM6DS3_X_Set_Free_Fall_Threshold
                0x0000000008003964       0x10 Drivers/BSP/Components/LSM6DS3_ACC_GYRO_driver_HL.o
 .text.LSM6DS3_X_Get_Free_Fall_Detection_Status
                0x0000000008003974       0x30 Drivers/BSP/Components/LSM6DS3_ACC_GYRO_driver_HL.o
 .text.LSM6DS3_G_Get_FS
                0x00000000080039a4       0x90 Drivers/BSP/Components/LSM6DS3_ACC_GYRO_driver_HL.o
 .text.LSM6DS3_X_Get_DRDY_Status
                0x0000000008003a34       0x30 Drivers/BSP/Components/LSM6DS3_ACC_GYRO_driver_HL.o
 .text.LSM6DS3_X_Write_Reg
                0x0000000008003a64       0x1c Drivers/BSP/Components/LSM6DS3_ACC_GYRO_driver_HL.o
 .text.LSM6DS3_X_Get_Axes_Status
                0x0000000008003a80       0x68 Drivers/BSP/Components/LSM6DS3_ACC_GYRO_driver_HL.o
 .text.LSM6DS3_X_Get_ODR
                0x0000000008003ae8       0xd4 Drivers/BSP/Components/LSM6DS3_ACC_GYRO_driver_HL.o
 .text.LSM6DS3_X_Get_WhoAmI
                0x0000000008003bbc       0x10 Drivers/BSP/Components/LSM6DS3_ACC_GYRO_driver_HL.o
 .text.LSM6DS3_G_Get_DRDY_Status
                0x0000000008003bcc       0x30 Drivers/BSP/Components/LSM6DS3_ACC_GYRO_driver_HL.o
 .text.LSM6DS3_G_Get_Axes_Status
                0x0000000008003bfc       0x68 Drivers/BSP/Components/LSM6DS3_ACC_GYRO_driver_HL.o
 .text.LSM6DS3_G_Set_FS
                0x0000000008003c64       0x30 Drivers/BSP/Components/LSM6DS3_ACC_GYRO_driver_HL.o
 .text.LSM6DS3_G_Get_ODR
                0x0000000008003c94       0xb4 Drivers/BSP/Components/LSM6DS3_ACC_GYRO_driver_HL.o
 .text.LSM6DS3_X_Set_SelfTest
                0x0000000008003d48       0x18 Drivers/BSP/Components/LSM6DS3_ACC_GYRO_driver_HL.o
 .text.LSM6DS3_X_Set_Interrupt_Latch
                0x0000000008003d60       0x18 Drivers/BSP/Components/LSM6DS3_ACC_GYRO_driver_HL.o
 .text.LSM6DS3_FIFO_Set_Stop_On_Fth
                0x0000000008003d78       0x18 Drivers/BSP/Components/LSM6DS3_ACC_GYRO_driver_HL.o
 .text.LSM6DS3_FIFO_Set_INT1_FIFO_Full
                0x0000000008003d90       0x18 Drivers/BSP/Components/LSM6DS3_ACC_GYRO_driver_HL.o
 .text.LSM6DS3_FIFO_Set_Mode
                0x0000000008003da8       0x28 Drivers/BSP/Components/LSM6DS3_ACC_GYRO_driver_HL.o
 .text.LSM6DS3_FIFO_X_Set_Decimation
                0x0000000008003dd0       0x18 Drivers/BSP/Components/LSM6DS3_ACC_GYRO_driver_HL.o
 .text.LSM6DS3_X_Disable_6D_Orientation
                0x0000000008003de8       0x2c Drivers/BSP/Components/LSM6DS3_ACC_GYRO_driver_HL.o
 .text.LSM6DS3_X_Set_ODR
                0x0000000008003e14       0x78 Drivers/BSP/Components/LSM6DS3_ACC_GYRO_driver_HL.o
 .text.LSM6DS3_X_Disable_Double_Tap_Detection
                0x0000000008003e8c       0x80 Drivers/BSP/Components/LSM6DS3_ACC_GYRO_driver_HL.o
 .text.LSM6DS3_X_Disable_Single_Tap_Detection
                0x0000000008003f0c       0x68 Drivers/BSP/Components/LSM6DS3_ACC_GYRO_driver_HL.o
 .text.LSM6DS3_X_Disable_Wake_Up_Detection
                0x0000000008003f74       0x38 Drivers/BSP/Components/LSM6DS3_ACC_GYRO_driver_HL.o
 .text.LSM6DS3_X_Disable_Tilt_Detection
                0x0000000008003fac       0x38 Drivers/BSP/Components/LSM6DS3_ACC_GYRO_driver_HL.o
 .text.LSM6DS3_X_Disable_Pedometer
                0x0000000008003fe4       0x38 Drivers/BSP/Components/LSM6DS3_ACC_GYRO_driver_HL.o
 .text.LSM6DS3_X_Disable_Free_Fall_Detection
                0x000000000800401c       0x38 Drivers/BSP/Components/LSM6DS3_ACC_GYRO_driver_HL.o
 .text.LSM6DS3_G_Set_SelfTest
                0x0000000008004054       0x28 Drivers/BSP/Components/LSM6DS3_ACC_GYRO_driver_HL.o
 .text.LSM6DS3_G_Get_Sensitivity
                0x000000000800407c       0x90 Drivers/BSP/Components/LSM6DS3_ACC_GYRO_driver_HL.o
 .text.LSM6DS3_FIFO_G_Set_Decimation
                0x000000000800410c       0x54 Drivers/BSP/Components/LSM6DS3_ACC_GYRO_driver_HL.o
 .text.LSM6DS3_X_Set_Axes_Status
                0x0000000008004160       0x44 Drivers/BSP/Components/LSM6DS3_ACC_GYRO_driver_HL.o
 .text.LSM6DS3_G_Set_Axes_Status
                0x00000000080041a4       0x44 Drivers/BSP/Components/LSM6DS3_ACC_GYRO_driver_HL.o
 .text.LSM6DS3_G_Set_FS_Value
                0x00000000080041e8       0x90 Drivers/BSP/Components/LSM6DS3_ACC_GYRO_driver_HL.o
 .text.LSM6DS3_G_Set_ODR_Value
                0x0000000008004278      0x124 Drivers/BSP/Components/LSM6DS3_ACC_GYRO_driver_HL.o
 .text.LSM6DS3_G_Set_ODR
                0x000000000800439c       0x78 Drivers/BSP/Components/LSM6DS3_ACC_GYRO_driver_HL.o
 .text.LSM6DS3_G_Get_WhoAmI
                0x0000000008004414       0x10 Drivers/BSP/Components/LSM6DS3_ACC_GYRO_driver_HL.o
 .text.LSM6DS3_X_Set_ODR_Value
                0x0000000008004424      0x168 Drivers/BSP/Components/LSM6DS3_ACC_GYRO_driver_HL.o
 .text.LSM6DS3_G_Read_Reg
                0x000000000800458c       0x10 Drivers/BSP/Components/LSM6DS3_ACC_GYRO_driver_HL.o
 .text.LSM6DS3_G_Write_Reg
                0x000000000800459c       0x1c Drivers/BSP/Components/LSM6DS3_ACC_GYRO_driver_HL.o
 .text.LSM6DS3_G_Set_Interrupt_Latch
                0x00000000080045b8       0x18 Drivers/BSP/Components/LSM6DS3_ACC_GYRO_driver_HL.o
 .text.LSM6DS3_X_Enable_Double_Tap_Detection
                0x00000000080045d0       0xc4 Drivers/BSP/Components/LSM6DS3_ACC_GYRO_driver_HL.o
 .text.LSM6DS3_X_Enable_Tilt_Detection
                0x0000000008004694       0x7c Drivers/BSP/Components/LSM6DS3_ACC_GYRO_driver_HL.o
 .text.LSM6DS3_X_Enable_Pedometer
                0x0000000008004710       0x70 Drivers/BSP/Components/LSM6DS3_ACC_GYRO_driver_HL.o
 .text.LSM6DS3_G_Get_AxesRaw
                0x0000000008004780       0x4c Drivers/BSP/Components/LSM6DS3_ACC_GYRO_driver_HL.o
 .text.LSM6DS3_X_Get_AxesRaw
                0x00000000080047cc       0x4c Drivers/BSP/Components/LSM6DS3_ACC_GYRO_driver_HL.o
 .text.LSM6DS3_G_Sensor_Enable
                0x0000000008004818       0xbc Drivers/BSP/Components/LSM6DS3_ACC_GYRO_driver_HL.o
 .text.LSM6DS3_X_Check_WhoAmI
                0x00000000080048d4       0x2c Drivers/BSP/Components/LSM6DS3_ACC_GYRO_driver_HL.o
 .text.LSM6DS3_G_Check_WhoAmI
                0x0000000008004900       0x2c Drivers/BSP/Components/LSM6DS3_ACC_GYRO_driver_HL.o
 .text.LSM6DS3_X_Sensor_Enable
                0x000000000800492c       0xe8 Drivers/BSP/Components/LSM6DS3_ACC_GYRO_driver_HL.o
 .text.LSM6DS3_X_Enable_Wake_Up_Detection
                0x0000000008004a14       0x7c Drivers/BSP/Components/LSM6DS3_ACC_GYRO_driver_HL.o
 .text.LSM6DS3_X_Enable_6D_Orientation
                0x0000000008004a90       0x70 Drivers/BSP/Components/LSM6DS3_ACC_GYRO_driver_HL.o
 .text.LSM6DS3_X_Enable_Free_Fall_Detection
                0x0000000008004b00       0xa0 Drivers/BSP/Components/LSM6DS3_ACC_GYRO_driver_HL.o
 .text.LSM6DS3_X_Enable_Single_Tap_Detection
                0x0000000008004ba0       0xac Drivers/BSP/Components/LSM6DS3_ACC_GYRO_driver_HL.o
 .text.LSM6DS3_G_Get_Axes
                0x0000000008004c4c       0xf8 Drivers/BSP/Components/LSM6DS3_ACC_GYRO_driver_HL.o
 .text.LSM6DS3_FIFO_G_Get_Axis
                0x0000000008004d44       0xd4 Drivers/BSP/Components/LSM6DS3_ACC_GYRO_driver_HL.o
 .text.LSM6DS3_X_Get_Axes
                0x0000000008004e18       0xdc Drivers/BSP/Components/LSM6DS3_ACC_GYRO_driver_HL.o
 .text.LSM6DS3_FIFO_X_Get_Axis
                0x0000000008004ef4       0xb8 Drivers/BSP/Components/LSM6DS3_ACC_GYRO_driver_HL.o
 .text.LSM6DS3_G_Sensor_Disable
                0x0000000008004fac       0xc4 Drivers/BSP/Components/LSM6DS3_ACC_GYRO_driver_HL.o
 .text.LSM6DS3_X_Sensor_Disable
                0x0000000008005070       0xe0 Drivers/BSP/Components/LSM6DS3_ACC_GYRO_driver_HL.o
 .text.LSM6DS3_G_DeInit
                0x0000000008005150       0xec Drivers/BSP/Components/LSM6DS3_ACC_GYRO_driver_HL.o
 .text.LSM6DS3_X_DeInit
                0x000000000800523c      0x138 Drivers/BSP/Components/LSM6DS3_ACC_GYRO_driver_HL.o
 .text.LSM6DS3_G_Init
                0x0000000008005374       0x98 Drivers/BSP/Components/LSM6DS3_ACC_GYRO_driver_HL.o
 .text.LSM6DS3_X_Init
                0x000000000800540c       0x98 Drivers/BSP/Components/LSM6DS3_ACC_GYRO_driver_HL.o
 .text.BSP_LED_Init
                0x00000000080054a4       0x50 Drivers/BSP/STM32F4xx-Nucleo/stm32f4xx_nucleo.o
                0x00000000080054a4                BSP_LED_Init
 .text.BSP_PB_Init
                0x00000000080054f4       0x80 Drivers/BSP/STM32F4xx-Nucleo/stm32f4xx_nucleo.o
                0x00000000080054f4                BSP_PB_Init
 .text.I2C_EXPBD_Init
                0x0000000008005574       0xc8 Drivers/BSP/X_NUCLEO_IKS01A1/x_nucleo_iks01a1.o
 .text.Sensor_IO_Init
                0x000000000800563c       0xc8 Drivers/BSP/X_NUCLEO_IKS01A1/x_nucleo_iks01a1.o
                0x000000000800563c                Sensor_IO_Init
 .text.LSM6DS0_Sensor_IO_ITConfig
                0x0000000008005704        0x4 Drivers/BSP/X_NUCLEO_IKS01A1/x_nucleo_iks01a1.o
                0x0000000008005704                LSM6DS0_Sensor_IO_ITConfig
 .text.LSM6DS3_Sensor_IO_ITConfig
                0x0000000008005708       0x8c Drivers/BSP/X_NUCLEO_IKS01A1/x_nucleo_iks01a1.o
                0x0000000008005708                LSM6DS3_Sensor_IO_ITConfig
 .text.Sensor_IO_Write
                0x0000000008005794       0x9c Drivers/BSP/X_NUCLEO_IKS01A1/x_nucleo_iks01a1.o
                0x0000000008005794                Sensor_IO_Write
 .text.Sensor_IO_Read
                0x0000000008005830       0x9c Drivers/BSP/X_NUCLEO_IKS01A1/x_nucleo_iks01a1.o
                0x0000000008005830                Sensor_IO_Read
 .text.BSP_ACCELERO_Init
                0x00000000080058cc      0x1b4 Drivers/BSP/X_NUCLEO_IKS01A1/x_nucleo_iks01a1_accelero.o
                0x00000000080058cc                BSP_ACCELERO_Init
 .text.BSP_ACCELERO_Sensor_Enable
                0x0000000008005a80       0x20 Drivers/BSP/X_NUCLEO_IKS01A1/x_nucleo_iks01a1_accelero.o
                0x0000000008005a80                BSP_ACCELERO_Sensor_Enable
 .text.BSP_ACCELERO_IsInitialized
                0x0000000008005aa0       0x10 Drivers/BSP/X_NUCLEO_IKS01A1/x_nucleo_iks01a1_accelero.o
                0x0000000008005aa0                BSP_ACCELERO_IsInitialized
 .text.BSP_ACCELERO_Get_Instance
                0x0000000008005ab0       0x10 Drivers/BSP/X_NUCLEO_IKS01A1/x_nucleo_iks01a1_accelero.o
                0x0000000008005ab0                BSP_ACCELERO_Get_Instance
 .text.BSP_ACCELERO_Get_Axes
                0x0000000008005ac0       0x24 Drivers/BSP/X_NUCLEO_IKS01A1/x_nucleo_iks01a1_accelero.o
                0x0000000008005ac0                BSP_ACCELERO_Get_Axes
 .text.SystemInit
                0x0000000008005ae4       0x50 Drivers/CMSIS/system_stm32f4xx.o
                0x0000000008005ae4                SystemInit
 .text.HAL_MspInit
                0x0000000008005b34        0x4 Drivers/STM32F4xx_HAL_Driver/stm32f4xx_hal.o
                0x0000000008005b34                HAL_MspInit
 .text.HAL_InitTick
                0x0000000008005b38       0x44 Drivers/STM32F4xx_HAL_Driver/stm32f4xx_hal.o
                0x0000000008005b38                HAL_InitTick
 .text.HAL_Init
                0x0000000008005b7c       0x34 Drivers/STM32F4xx_HAL_Driver/stm32f4xx_hal.o
                0x0000000008005b7c                HAL_Init
 .text.HAL_IncTick
                0x0000000008005bb0       0x18 Drivers/STM32F4xx_HAL_Driver/stm32f4xx_hal.o
                0x0000000008005bb0                HAL_IncTick
 .text.HAL_GetTick
                0x0000000008005bc8        0xc Drivers/STM32F4xx_HAL_Driver/stm32f4xx_hal.o
                0x0000000008005bc8                HAL_GetTick
 .text.HAL_Delay
                0x0000000008005bd4       0x24 Drivers/STM32F4xx_HAL_Driver/stm32f4xx_hal.o
                0x0000000008005bd4                HAL_Delay
 .text.HAL_NVIC_SetPriorityGrouping
                0x0000000008005bf8       0x24 Drivers/STM32F4xx_HAL_Driver/stm32f4xx_hal_cortex.o
                0x0000000008005bf8                HAL_NVIC_SetPriorityGrouping
 .text.HAL_NVIC_SetPriority
                0x0000000008005c1c       0x6c Drivers/STM32F4xx_HAL_Driver/stm32f4xx_hal_cortex.o
                0x0000000008005c1c                HAL_NVIC_SetPriority
 .text.HAL_NVIC_EnableIRQ
                0x0000000008005c88       0x18 Drivers/STM32F4xx_HAL_Driver/stm32f4xx_hal_cortex.o
                0x0000000008005c88                HAL_NVIC_EnableIRQ
 .text.HAL_SYSTICK_Config
                0x0000000008005ca0       0x34 Drivers/STM32F4xx_HAL_Driver/stm32f4xx_hal_cortex.o
                0x0000000008005ca0                HAL_SYSTICK_Config
 .text.HAL_GPIO_Init
                0x0000000008005cd4      0x1c0 Drivers/STM32F4xx_HAL_Driver/stm32f4xx_hal_gpio.o
                0x0000000008005cd4                HAL_GPIO_Init
 .text.HAL_GPIO_WritePin
                0x0000000008005e94        0x8 Drivers/STM32F4xx_HAL_Driver/stm32f4xx_hal_gpio.o
                0x0000000008005e94                HAL_GPIO_WritePin
 .text.HAL_GPIO_EXTI_Callback
                0x0000000008005e9c        0x4 Drivers/STM32F4xx_HAL_Driver/stm32f4xx_hal_gpio.o
                0x0000000008005e9c                HAL_GPIO_EXTI_Callback
 .text.HAL_GPIO_EXTI_IRQHandler
                0x0000000008005ea0       0x18 Drivers/STM32F4xx_HAL_Driver/stm32f4xx_hal_gpio.o
                0x0000000008005ea0                HAL_GPIO_EXTI_IRQHandler
 .text.I2C_RequestMemoryWrite
                0x0000000008005eb8      0x194 Drivers/STM32F4xx_HAL_Driver/stm32f4xx_hal_i2c.o
 .text.I2C_RequestMemoryRead
                0x000000000800604c      0x254 Drivers/STM32F4xx_HAL_Driver/stm32f4xx_hal_i2c.o
 .text.HAL_I2C_MspInit
                0x00000000080062a0        0x4 Drivers/STM32F4xx_HAL_Driver/stm32f4xx_hal_i2c.o
                0x00000000080062a0                HAL_I2C_MspInit
 .text.HAL_I2C_Init
                0x00000000080062a4       0xec Drivers/STM32F4xx_HAL_Driver/stm32f4xx_hal_i2c.o
                0x00000000080062a4                HAL_I2C_Init
 .text.HAL_I2C_MspDeInit
                0x0000000008006390        0x4 Drivers/STM32F4xx_HAL_Driver/stm32f4xx_hal_i2c.o
                0x0000000008006390                HAL_I2C_MspDeInit
 .text.HAL_I2C_DeInit
                0x0000000008006394       0x34 Drivers/STM32F4xx_HAL_Driver/stm32f4xx_hal_i2c.o
                0x0000000008006394                HAL_I2C_DeInit
 .text.HAL_I2C_Mem_Write
                0x00000000080063c8      0x1d4 Drivers/STM32F4xx_HAL_Driver/stm32f4xx_hal_i2c.o
                0x00000000080063c8                HAL_I2C_Mem_Write
 .text.HAL_I2C_Mem_Read
                0x000000000800659c      0x308 Drivers/STM32F4xx_HAL_Driver/stm32f4xx_hal_i2c.o
                0x000000000800659c                HAL_I2C_Mem_Read
 .text.HAL_I2C_GetState
                0x00000000080068a4        0x8 Drivers/STM32F4xx_HAL_Driver/stm32f4xx_hal_i2c.o
                0x00000000080068a4                HAL_I2C_GetState
 .text.HAL_RCC_OscConfig
                0x00000000080068ac      0x374 Drivers/STM32F4xx_HAL_Driver/stm32f4xx_hal_rcc.o
                0x00000000080068ac                HAL_RCC_OscConfig
 .text.HAL_RCC_GetSysClockFreq
                0x0000000008006c20       0x6c Drivers/STM32F4xx_HAL_Driver/stm32f4xx_hal_rcc.o
                0x0000000008006c20                HAL_RCC_GetSysClockFreq
 .text.HAL_RCC_ClockConfig
                0x0000000008006c8c      0x134 Drivers/STM32F4xx_HAL_Driver/stm32f4xx_hal_rcc.o
                0x0000000008006c8c                HAL_RCC_ClockConfig
 .text.HAL_RCC_GetPCLK1Freq
                0x0000000008006dc0       0x20 Drivers/STM32F4xx_HAL_Driver/stm32f4xx_hal_rcc.o
                0x0000000008006dc0                HAL_RCC_GetPCLK1Freq
 .text.HAL_RCC_GetPCLK2Freq
                0x0000000008006de0       0x20 Drivers/STM32F4xx_HAL_Driver/stm32f4xx_hal_rcc.o
                0x0000000008006de0                HAL_RCC_GetPCLK2Freq
 .text.HAL_UART_MspInit
                0x0000000008006e00        0x4 Drivers/STM32F4xx_HAL_Driver/stm32f4xx_hal_uart.o
                0x0000000008006e00                HAL_UART_MspInit
 .text.HAL_UART_Init
                0x0000000008006e04      0x314 Drivers/STM32F4xx_HAL_Driver/stm32f4xx_hal_uart.o
                0x0000000008006e04                HAL_UART_Init
 .text.HAL_UART_Transmit
                0x0000000008007118      0x110 Drivers/STM32F4xx_HAL_Driver/stm32f4xx_hal_uart.o
                0x0000000008007118                HAL_UART_Transmit
 .text.Reset_Handler
                0x0000000008007228       0x50 Example/SW4STM32/startup_stm32f401xe.o
                0x0000000008007228                Reset_Handler
 .text.Default_Handler
                0x0000000008007278        0x2 Example/SW4STM32/startup_stm32f401xe.o
                0x0000000008007278                RTC_Alarm_IRQHandler
                0x0000000008007278                EXTI2_IRQHandler
                0x0000000008007278                SPI4_IRQHandler
                0x0000000008007278                TIM1_CC_IRQHandler
                0x0000000008007278                DMA2_Stream5_IRQHandler
                0x0000000008007278                DMA1_Stream5_IRQHandler
                0x0000000008007278                PVD_IRQHandler
                0x0000000008007278                SDIO_IRQHandler
                0x0000000008007278                TAMP_STAMP_IRQHandler
                0x0000000008007278                PendSV_Handler
                0x0000000008007278                EXTI3_IRQHandler
                0x0000000008007278                TIM1_UP_TIM10_IRQHandler
                0x0000000008007278                I2C3_ER_IRQHandler
                0x0000000008007278                EXTI0_IRQHandler
                0x0000000008007278                I2C2_EV_IRQHandler
                0x0000000008007278                DMA1_Stream2_IRQHandler
                0x0000000008007278                FPU_IRQHandler
                0x0000000008007278                UsageFault_Handler
                0x0000000008007278                DMA2_Stream2_IRQHandler
                0x0000000008007278                SPI1_IRQHandler
                0x0000000008007278                TIM1_BRK_TIM9_IRQHandler
                0x0000000008007278                DMA2_Stream3_IRQHandler
                0x0000000008007278                USART6_IRQHandler
                0x0000000008007278                DMA2_Stream0_IRQHandler
                0x0000000008007278                TIM4_IRQHandler
                0x0000000008007278                I2C1_EV_IRQHandler
                0x0000000008007278                DMA1_Stream6_IRQHandler
                0x0000000008007278                DMA1_Stream1_IRQHandler
                0x0000000008007278                TIM3_IRQHandler
                0x0000000008007278                RCC_IRQHandler
                0x0000000008007278                Default_Handler
                0x0000000008007278                ADC_IRQHandler
                0x0000000008007278                DMA1_Stream7_IRQHandler
                0x0000000008007278                TIM5_IRQHandler
                0x0000000008007278                DMA2_Stream7_IRQHandler
                0x0000000008007278                I2C3_EV_IRQHandler
                0x0000000008007278                EXTI9_5_IRQHandler
                0x0000000008007278                RTC_WKUP_IRQHandler
                0x0000000008007278                SPI2_IRQHandler
                0x0000000008007278                MemManage_Handler
                0x0000000008007278                DMA1_Stream0_IRQHandler
                0x0000000008007278                SVC_Handler
                0x0000000008007278                EXTI4_IRQHandler
                0x0000000008007278                WWDG_IRQHandler
                0x0000000008007278                TIM2_IRQHandler
                0x0000000008007278                OTG_FS_WKUP_IRQHandler
                0x0000000008007278                TIM1_TRG_COM_TIM11_IRQHandler
                0x0000000008007278                EXTI1_IRQHandler
                0x0000000008007278                USART2_IRQHandler
                0x0000000008007278                I2C2_ER_IRQHandler
                0x0000000008007278                DMA2_Stream1_IRQHandler
                0x0000000008007278                FLASH_IRQHandler
                0x0000000008007278                DMA2_Stream4_IRQHandler
                0x0000000008007278                BusFault_Handler
                0x0000000008007278                USART1_IRQHandler
                0x0000000008007278                OTG_FS_IRQHandler
                0x0000000008007278                SPI3_IRQHandler
                0x0000000008007278                DMA1_Stream4_IRQHandler
                0x0000000008007278                I2C1_ER_IRQHandler
                0x0000000008007278                DMA2_Stream6_IRQHandler
                0x0000000008007278                DMA1_Stream3_IRQHandler
 *fill*         0x000000000800727a        0x2 
 .text.USARTConfig
                0x000000000800727c       0xb0 Example/User/com.o
                0x000000000800727c                USARTConfig
 .text.SystemClock_Config
                0x000000000800732c       0x80 Example/User/cube_hal_f4.o
                0x000000000800732c                SystemClock_Config
 .text.startup.main
                0x00000000080073ac       0xd0 Example/User/main.o
                0x00000000080073ac                main
 .text.NMI_Handler
                0x000000000800747c        0x4 Example/User/stm32f4xx_it.o
                0x000000000800747c                NMI_Handler
 .text.HardFault_Handler
                0x0000000008007480        0x4 Example/User/stm32f4xx_it.o
                0x0000000008007480                HardFault_Handler
 .text.DebugMon_Handler
                0x0000000008007484        0x4 Example/User/stm32f4xx_it.o
                0x0000000008007484                DebugMon_Handler
 .text.SysTick_Handler
                0x0000000008007488        0x4 Example/User/stm32f4xx_it.o
                0x0000000008007488                SysTick_Handler
 .text.EXTI15_10_IRQHandler
                0x000000000800748c        0x8 Example/User/stm32f4xx_it.o
                0x000000000800748c                EXTI15_10_IRQHandler
 .text._sbrk    0x0000000008007494       0x3c Example/User/syscalls.o
                0x0000000008007494                _sbrk
 .text.__errno  0x00000000080074d0        0xc c:/st/stm32cubeide_1.4.0/stm32cubeide/plugins/com.st.stm32cube.ide.mcu.externaltools.gnu-tools-for-stm32.7-2018-q2-update.win32_1.4.0.202007081208/tools/bin/../lib/gcc/arm-none-eabi/7.3.1/../../../../arm-none-eabi/lib/thumb/v7e-m/fpv4-sp/hard\libc_nano.a(lib_a-errno.o)
                0x00000000080074d0                __errno
 .text.__libc_init_array
                0x00000000080074dc       0x48 c:/st/stm32cubeide_1.4.0/stm32cubeide/plugins/com.st.stm32cube.ide.mcu.externaltools.gnu-tools-for-stm32.7-2018-q2-update.win32_1.4.0.202007081208/tools/bin/../lib/gcc/arm-none-eabi/7.3.1/../../../../arm-none-eabi/lib/thumb/v7e-m/fpv4-sp/hard\libc_nano.a(lib_a-init.o)
                0x00000000080074dc                __libc_init_array
 .text.snprintf
                0x0000000008007524       0x68 c:/st/stm32cubeide_1.4.0/stm32cubeide/plugins/com.st.stm32cube.ide.mcu.externaltools.gnu-tools-for-stm32.7-2018-q2-update.win32_1.4.0.202007081208/tools/bin/../lib/gcc/arm-none-eabi/7.3.1/../../../../arm-none-eabi/lib/thumb/v7e-m/fpv4-sp/hard\libc_nano.a(lib_a-snprintf.o)
                0x0000000008007524                sniprintf
                0x0000000008007524                snprintf
 .text._malloc_r
                0x000000000800758c       0xb4 c:/st/stm32cubeide_1.4.0/stm32cubeide/plugins/com.st.stm32cube.ide.mcu.externaltools.gnu-tools-for-stm32.7-2018-q2-update.win32_1.4.0.202007081208/tools/bin/../lib/gcc/arm-none-eabi/7.3.1/../../../../arm-none-eabi/lib/thumb/v7e-m/fpv4-sp/hard\libc_nano.a(lib_a-nano-mallocr.o)
                0x000000000800758c                _malloc_r
 .text.__ssputs_r
                0x0000000008007640       0xb4 c:/st/stm32cubeide_1.4.0/stm32cubeide/plugins/com.st.stm32cube.ide.mcu.externaltools.gnu-tools-for-stm32.7-2018-q2-update.win32_1.4.0.202007081208/tools/bin/../lib/gcc/arm-none-eabi/7.3.1/../../../../arm-none-eabi/lib/thumb/v7e-m/fpv4-sp/hard\libc_nano.a(lib_a-nano-svfprintf.o)
                0x0000000008007640                __ssputs_r
 .text._svfprintf_r
                0x00000000080076f4      0x1f0 c:/st/stm32cubeide_1.4.0/stm32cubeide/plugins/com.st.stm32cube.ide.mcu.externaltools.gnu-tools-for-stm32.7-2018-q2-update.win32_1.4.0.202007081208/tools/bin/../lib/gcc/arm-none-eabi/7.3.1/../../../../arm-none-eabi/lib/thumb/v7e-m/fpv4-sp/hard\libc_nano.a(lib_a-nano-svfprintf.o)
                0x00000000080076f4                _svfiprintf_r
                0x00000000080076f4                _svfprintf_r
 .text._printf_common
                0x00000000080078e4       0xea c:/st/stm32cubeide_1.4.0/stm32cubeide/plugins/com.st.stm32cube.ide.mcu.externaltools.gnu-tools-for-stm32.7-2018-q2-update.win32_1.4.0.202007081208/tools/bin/../lib/gcc/arm-none-eabi/7.3.1/../../../../arm-none-eabi/lib/thumb/v7e-m/fpv4-sp/hard\libc_nano.a(lib_a-nano-vfprintf_i.o)
                0x00000000080078e4                _printf_common
 *fill*         0x00000000080079ce        0x2 
 .text._printf_i
                0x00000000080079d0      0x224 c:/st/stm32cubeide_1.4.0/stm32cubeide/plugins/com.st.stm32cube.ide.mcu.externaltools.gnu-tools-for-stm32.7-2018-q2-update.win32_1.4.0.202007081208/tools/bin/../lib/gcc/arm-none-eabi/7.3.1/../../../../arm-none-eabi/lib/thumb/v7e-m/fpv4-sp/hard\libc_nano.a(lib_a-nano-vfprintf_i.o)
                0x00000000080079d0                _printf_i
 .text._sbrk_r  0x0000000008007bf4       0x20 c:/st/stm32cubeide_1.4.0/stm32cubeide/plugins/com.st.stm32cube.ide.mcu.externaltools.gnu-tools-for-stm32.7-2018-q2-update.win32_1.4.0.202007081208/tools/bin/../lib/gcc/arm-none-eabi/7.3.1/../../../../arm-none-eabi/lib/thumb/v7e-m/fpv4-sp/hard\libc_nano.a(lib_a-sbrkr.o)
                0x0000000008007bf4                _sbrk_r
 .text.memcpy   0x0000000008007c14       0x16 c:/st/stm32cubeide_1.4.0/stm32cubeide/plugins/com.st.stm32cube.ide.mcu.externaltools.gnu-tools-for-stm32.7-2018-q2-update.win32_1.4.0.202007081208/tools/bin/../lib/gcc/arm-none-eabi/7.3.1/../../../../arm-none-eabi/lib/thumb/v7e-m/fpv4-sp/hard\libc_nano.a(lib_a-memcpy-stub.o)
                0x0000000008007c14                memcpy
 .text.memmove  0x0000000008007c2a       0x32 c:/st/stm32cubeide_1.4.0/stm32cubeide/plugins/com.st.stm32cube.ide.mcu.externaltools.gnu-tools-for-stm32.7-2018-q2-update.win32_1.4.0.202007081208/tools/bin/../lib/gcc/arm-none-eabi/7.3.1/../../../../arm-none-eabi/lib/thumb/v7e-m/fpv4-sp/hard\libc_nano.a(lib_a-memmove.o)
                0x0000000008007c2a                memmove
 .text.__malloc_lock
                0x0000000008007c5c        0x2 c:/st/stm32cubeide_1.4.0/stm32cubeide/plugins/com.st.stm32cube.ide.mcu.externaltools.gnu-tools-for-stm32.7-2018-q2-update.win32_1.4.0.202007081208/tools/bin/../lib/gcc/arm-none-eabi/7.3.1/../../../../arm-none-eabi/lib/thumb/v7e-m/fpv4-sp/hard\libc_nano.a(lib_a-mlock.o)
                0x0000000008007c5c                __malloc_lock
 .text.__malloc_unlock
                0x0000000008007c5e        0x2 c:/st/stm32cubeide_1.4.0/stm32cubeide/plugins/com.st.stm32cube.ide.mcu.externaltools.gnu-tools-for-stm32.7-2018-q2-update.win32_1.4.0.202007081208/tools/bin/../lib/gcc/arm-none-eabi/7.3.1/../../../../arm-none-eabi/lib/thumb/v7e-m/fpv4-sp/hard\libc_nano.a(lib_a-mlock.o)
                0x0000000008007c5e                __malloc_unlock
 .text._free_r  0x0000000008007c60       0x9c c:/st/stm32cubeide_1.4.0/stm32cubeide/plugins/com.st.stm32cube.ide.mcu.externaltools.gnu-tools-for-stm32.7-2018-q2-update.win32_1.4.0.202007081208/tools/bin/../lib/gcc/arm-none-eabi/7.3.1/../../../../arm-none-eabi/lib/thumb/v7e-m/fpv4-sp/hard\libc_nano.a(lib_a-nano-freer.o)
                0x0000000008007c60                _free_r
 .text._realloc_r
                0x0000000008007cfc       0x4c c:/st/stm32cubeide_1.4.0/stm32cubeide/plugins/com.st.stm32cube.ide.mcu.externaltools.gnu-tools-for-stm32.7-2018-q2-update.win32_1.4.0.202007081208/tools/bin/../lib/gcc/arm-none-eabi/7.3.1/../../../../arm-none-eabi/lib/thumb/v7e-m/fpv4-sp/hard\libc_nano.a(lib_a-nano-reallocr.o)
                0x0000000008007cfc                _realloc_r
 .text._malloc_usable_size_r
                0x0000000008007d48       0x10 c:/st/stm32cubeide_1.4.0/stm32cubeide/plugins/com.st.stm32cube.ide.mcu.externaltools.gnu-tools-for-stm32.7-2018-q2-update.win32_1.4.0.202007081208/tools/bin/../lib/gcc/arm-none-eabi/7.3.1/../../../../arm-none-eabi/lib/thumb/v7e-m/fpv4-sp/hard\libc_nano.a(lib_a-nano-msizer.o)
                0x0000000008007d48                _malloc_usable_size_r
 *(.glue_7)
 .glue_7        0x0000000008007d58        0x0 linker stubs
 *(.glue_7t)
 .glue_7t       0x0000000008007d58        0x0 linker stubs
 *(.eh_frame)
 .eh_frame      0x0000000008007d58        0x0 c:/st/stm32cubeide_1.4.0/stm32cubeide/plugins/com.st.stm32cube.ide.mcu.externaltools.gnu-tools-for-stm32.7-2018-q2-update.win32_1.4.0.202007081208/tools/bin/../lib/gcc/arm-none-eabi/7.3.1/thumb/v7e-m/fpv4-sp/hard/crtbegin.o
 *(.init)
 .init          0x0000000008007d58        0x4 c:/st/stm32cubeide_1.4.0/stm32cubeide/plugins/com.st.stm32cube.ide.mcu.externaltools.gnu-tools-for-stm32.7-2018-q2-update.win32_1.4.0.202007081208/tools/bin/../lib/gcc/arm-none-eabi/7.3.1/thumb/v7e-m/fpv4-sp/hard/crti.o
                0x0000000008007d58                _init
 .init          0x0000000008007d5c        0x8 c:/st/stm32cubeide_1.4.0/stm32cubeide/plugins/com.st.stm32cube.ide.mcu.externaltools.gnu-tools-for-stm32.7-2018-q2-update.win32_1.4.0.202007081208/tools/bin/../lib/gcc/arm-none-eabi/7.3.1/thumb/v7e-m/fpv4-sp/hard/crtn.o
 *(.fini)
 .fini          0x0000000008007d64        0x4 c:/st/stm32cubeide_1.4.0/stm32cubeide/plugins/com.st.stm32cube.ide.mcu.externaltools.gnu-tools-for-stm32.7-2018-q2-update.win32_1.4.0.202007081208/tools/bin/../lib/gcc/arm-none-eabi/7.3.1/thumb/v7e-m/fpv4-sp/hard/crti.o
                0x0000000008007d64                _fini
 .fini          0x0000000008007d68        0x8 c:/st/stm32cubeide_1.4.0/stm32cubeide/plugins/com.st.stm32cube.ide.mcu.externaltools.gnu-tools-for-stm32.7-2018-q2-update.win32_1.4.0.202007081208/tools/bin/../lib/gcc/arm-none-eabi/7.3.1/thumb/v7e-m/fpv4-sp/hard/crtn.o
                0x0000000008007d70                . = ALIGN (0x4)
                0x0000000008007d70                _etext = .

.vfp11_veneer   0x0000000008007d70        0x0
 .vfp11_veneer  0x0000000008007d70        0x0 linker stubs

.v4_bx          0x0000000008007d70        0x0
 .v4_bx         0x0000000008007d70        0x0 linker stubs

.iplt           0x0000000008007d70        0x0
 .iplt          0x0000000008007d70        0x0 c:/st/stm32cubeide_1.4.0/stm32cubeide/plugins/com.st.stm32cube.ide.mcu.externaltools.gnu-tools-for-stm32.7-2018-q2-update.win32_1.4.0.202007081208/tools/bin/../lib/gcc/arm-none-eabi/7.3.1/thumb/v7e-m/fpv4-sp/hard/crtbegin.o

.rodata         0x0000000008007d70       0xb8
                0x0000000008007d70                . = ALIGN (0x4)
 *(.rodata)
 .rodata        0x0000000008007d70       0x18 Drivers/CMSIS/system_stm32f4xx.o
                0x0000000008007d70                AHBPrescTable
                0x0000000008007d80                APBPrescTable
 *(.rodata*)
 .rodata.str1.4
                0x0000000008007d88        0xc Example/User/main.o
                                          0xb (size before relaxing)
 .rodata.__sf_fake_stderr
                0x0000000008007d94       0x20 c:/st/stm32cubeide_1.4.0/stm32cubeide/plugins/com.st.stm32cube.ide.mcu.externaltools.gnu-tools-for-stm32.7-2018-q2-update.win32_1.4.0.202007081208/tools/bin/../lib/gcc/arm-none-eabi/7.3.1/../../../../arm-none-eabi/lib/thumb/v7e-m/fpv4-sp/hard\libc_nano.a(lib_a-findfp.o)
                0x0000000008007d94                __sf_fake_stderr
 .rodata.__sf_fake_stdin
                0x0000000008007db4       0x20 c:/st/stm32cubeide_1.4.0/stm32cubeide/plugins/com.st.stm32cube.ide.mcu.externaltools.gnu-tools-for-stm32.7-2018-q2-update.win32_1.4.0.202007081208/tools/bin/../lib/gcc/arm-none-eabi/7.3.1/../../../../arm-none-eabi/lib/thumb/v7e-m/fpv4-sp/hard\libc_nano.a(lib_a-findfp.o)
                0x0000000008007db4                __sf_fake_stdin
 .rodata.__sf_fake_stdout
                0x0000000008007dd4       0x20 c:/st/stm32cubeide_1.4.0/stm32cubeide/plugins/com.st.stm32cube.ide.mcu.externaltools.gnu-tools-for-stm32.7-2018-q2-update.win32_1.4.0.202007081208/tools/bin/../lib/gcc/arm-none-eabi/7.3.1/../../../../arm-none-eabi/lib/thumb/v7e-m/fpv4-sp/hard\libc_nano.a(lib_a-findfp.o)
                0x0000000008007dd4                __sf_fake_stdout
 .rodata._svfprintf_r.str1.1
                0x0000000008007df4       0x11 c:/st/stm32cubeide_1.4.0/stm32cubeide/plugins/com.st.stm32cube.ide.mcu.externaltools.gnu-tools-for-stm32.7-2018-q2-update.win32_1.4.0.202007081208/tools/bin/../lib/gcc/arm-none-eabi/7.3.1/../../../../arm-none-eabi/lib/thumb/v7e-m/fpv4-sp/hard\libc_nano.a(lib_a-nano-svfprintf.o)
 .rodata._printf_i.str1.1
                0x0000000008007e05       0x22 c:/st/stm32cubeide_1.4.0/stm32cubeide/plugins/com.st.stm32cube.ide.mcu.externaltools.gnu-tools-for-stm32.7-2018-q2-update.win32_1.4.0.202007081208/tools/bin/../lib/gcc/arm-none-eabi/7.3.1/../../../../arm-none-eabi/lib/thumb/v7e-m/fpv4-sp/hard\libc_nano.a(lib_a-nano-vfprintf_i.o)
                0x0000000008007e28                . = ALIGN (0x4)
 *fill*         0x0000000008007e27        0x1 

.ARM.extab
 *(.ARM.extab* .gnu.linkonce.armextab.*)

.ARM            0x0000000008007e28        0x8
                0x0000000008007e28                __exidx_start = .
 *(.ARM.exidx*)
 .ARM.exidx     0x0000000008007e28        0x8 c:/st/stm32cubeide_1.4.0/stm32cubeide/plugins/com.st.stm32cube.ide.mcu.externaltools.gnu-tools-for-stm32.7-2018-q2-update.win32_1.4.0.202007081208/tools/bin/../lib/gcc/arm-none-eabi/7.3.1/thumb/v7e-m/fpv4-sp/hard\libgcc.a(_udivmoddi4.o)
                0x0000000008007e30                __exidx_end = .

.rel.dyn        0x0000000008007e30        0x0
 .rel.iplt      0x0000000008007e30        0x0 c:/st/stm32cubeide_1.4.0/stm32cubeide/plugins/com.st.stm32cube.ide.mcu.externaltools.gnu-tools-for-stm32.7-2018-q2-update.win32_1.4.0.202007081208/tools/bin/../lib/gcc/arm-none-eabi/7.3.1/thumb/v7e-m/fpv4-sp/hard/crtbegin.o

.preinit_array  0x0000000008007e30        0x0
                0x0000000008007e30                PROVIDE (__preinit_array_start = .)
 *(.preinit_array*)
                0x0000000008007e30                PROVIDE (__preinit_array_end = .)

.init_array     0x0000000008007e30        0x4
                0x0000000008007e30                PROVIDE (__init_array_start = .)
 *(SORT_BY_NAME(.init_array.*))
 *(.init_array*)
 .init_array    0x0000000008007e30        0x4 c:/st/stm32cubeide_1.4.0/stm32cubeide/plugins/com.st.stm32cube.ide.mcu.externaltools.gnu-tools-for-stm32.7-2018-q2-update.win32_1.4.0.202007081208/tools/bin/../lib/gcc/arm-none-eabi/7.3.1/thumb/v7e-m/fpv4-sp/hard/crtbegin.o
                0x0000000008007e34                PROVIDE (__init_array_end = .)

.fini_array     0x0000000008007e34        0x4
                [!provide]                        PROVIDE (__fini_array_start = .)
 *(SORT_BY_NAME(.fini_array.*))
 *(.fini_array*)
 .fini_array    0x0000000008007e34        0x4 c:/st/stm32cubeide_1.4.0/stm32cubeide/plugins/com.st.stm32cube.ide.mcu.externaltools.gnu-tools-for-stm32.7-2018-q2-update.win32_1.4.0.202007081208/tools/bin/../lib/gcc/arm-none-eabi/7.3.1/thumb/v7e-m/fpv4-sp/hard/crtbegin.o
                [!provide]                        PROVIDE (__fini_array_end = .)
                0x0000000008007e38                _sidata = LOADADDR (.data)

.data           0x0000000020000000      0x2cc load address 0x0000000008007e38
                0x0000000020000000                . = ALIGN (0x4)
                0x0000000020000000                _sdata = .
 *(.data)
 .data          0x0000000020000000       0xa0 Drivers/BSP/Components/LSM6DS0_ACC_GYRO_driver_HL.o
                0x0000000020000000                LSM6DS0_G_Drv
                0x0000000020000050                LSM6DS0_X_Drv
 .data          0x00000000200000a0      0x1b0 Drivers/BSP/Components/LSM6DS3_ACC_GYRO_driver_HL.o
                0x00000000200000a0                LSM6DS3_G_Drv
                0x00000000200000f0                LSM6DS3_X_Drv
                0x0000000020000140                LSM6DS3_G_ExtDrv
                0x000000002000017c                LSM6DS3_X_ExtDrv
 .data          0x0000000020000250        0xc Drivers/BSP/STM32F4xx-Nucleo/stm32f4xx_nucleo.o
                0x0000000020000250                GPIO_PORT
                0x0000000020000254                BUTTON_PORT
                0x0000000020000258                SpixTimeout
 .data          0x000000002000025c        0x4 Drivers/CMSIS/system_stm32f4xx.o
                0x000000002000025c                SystemCoreClock
 .data          0x0000000020000260        0x8 Drivers/STM32F4xx_HAL_Driver/stm32f4xx_hal.o
                0x0000000020000260                uwTickFreq
                0x0000000020000264                uwTickPrio
 *(.data*)
 .data._impure_ptr
                0x0000000020000268        0x4 c:/st/stm32cubeide_1.4.0/stm32cubeide/plugins/com.st.stm32cube.ide.mcu.externaltools.gnu-tools-for-stm32.7-2018-q2-update.win32_1.4.0.202007081208/tools/bin/../lib/gcc/arm-none-eabi/7.3.1/../../../../arm-none-eabi/lib/thumb/v7e-m/fpv4-sp/hard\libc_nano.a(lib_a-impure.o)
                0x0000000020000268                _impure_ptr
 .data.impure_data
                0x000000002000026c       0x60 c:/st/stm32cubeide_1.4.0/stm32cubeide/plugins/com.st.stm32cube.ide.mcu.externaltools.gnu-tools-for-stm32.7-2018-q2-update.win32_1.4.0.202007081208/tools/bin/../lib/gcc/arm-none-eabi/7.3.1/../../../../arm-none-eabi/lib/thumb/v7e-m/fpv4-sp/hard\libc_nano.a(lib_a-impure.o)
                0x00000000200002cc                . = ALIGN (0x4)
                0x00000000200002cc                _edata = .

.igot.plt       0x00000000200002cc        0x0 load address 0x0000000008008104
 .igot.plt      0x00000000200002cc        0x0 c:/st/stm32cubeide_1.4.0/stm32cubeide/plugins/com.st.stm32cube.ide.mcu.externaltools.gnu-tools-for-stm32.7-2018-q2-update.win32_1.4.0.202007081208/tools/bin/../lib/gcc/arm-none-eabi/7.3.1/thumb/v7e-m/fpv4-sp/hard/crtbegin.o
                0x00000000200002cc                . = ALIGN (0x4)

.bss            0x00000000200002cc      0x428 load address 0x0000000008008104
                0x00000000200002cc                _sbss = .
                0x00000000200002cc                __bss_start__ = _sbss
 *(.bss)
 .bss           0x00000000200002cc       0x1c c:/st/stm32cubeide_1.4.0/stm32cubeide/plugins/com.st.stm32cube.ide.mcu.externaltools.gnu-tools-for-stm32.7-2018-q2-update.win32_1.4.0.202007081208/tools/bin/../lib/gcc/arm-none-eabi/7.3.1/thumb/v7e-m/fpv4-sp/hard/crtbegin.o
 .bss           0x00000000200002e8       0x54 Drivers/BSP/X_NUCLEO_IKS01A1/x_nucleo_iks01a1.o
 .bss           0x000000002000033c       0x44 Drivers/BSP/X_NUCLEO_IKS01A1/x_nucleo_iks01a1_accelero.o
 .bss           0x0000000020000380      0x112 Example/User/main.o
 *fill*         0x0000000020000492        0x2 
 .bss           0x0000000020000494        0x8 Example/User/syscalls.o
                0x0000000020000498                __env
 *(.bss*)
 .bss.__malloc_free_list
                0x000000002000049c        0x4 c:/st/stm32cubeide_1.4.0/stm32cubeide/plugins/com.st.stm32cube.ide.mcu.externaltools.gnu-tools-for-stm32.7-2018-q2-update.win32_1.4.0.202007081208/tools/bin/../lib/gcc/arm-none-eabi/7.3.1/../../../../arm-none-eabi/lib/thumb/v7e-m/fpv4-sp/hard\libc_nano.a(lib_a-nano-mallocr.o)
                0x000000002000049c                __malloc_free_list
 .bss.__malloc_sbrk_start
                0x00000000200004a0        0x4 c:/st/stm32cubeide_1.4.0/stm32cubeide/plugins/com.st.stm32cube.ide.mcu.externaltools.gnu-tools-for-stm32.7-2018-q2-update.win32_1.4.0.202007081208/tools/bin/../lib/gcc/arm-none-eabi/7.3.1/../../../../arm-none-eabi/lib/thumb/v7e-m/fpv4-sp/hard\libc_nano.a(lib_a-nano-mallocr.o)
                0x00000000200004a0                __malloc_sbrk_start
 *(COMMON)
 COMMON         0x00000000200004a4        0x8 Drivers/BSP/Components/LSM6DS0_ACC_GYRO_driver_HL.o
                0x00000000200004a4                LSM6DS0_Combo_Data
 COMMON         0x00000000200004ac        0x4 Drivers/STM32F4xx_HAL_Driver/stm32f4xx_hal.o
                0x00000000200004ac                uwTick
 COMMON         0x00000000200004b0      0x240 Example/User/com.o
                0x00000000200004b0                UartHandle
                0x00000000200004f0                UART_RxBuffer
                0x00000000200005f0                UART_TxBuffer
 COMMON         0x00000000200006f0        0x4 c:/st/stm32cubeide_1.4.0/stm32cubeide/plugins/com.st.stm32cube.ide.mcu.externaltools.gnu-tools-for-stm32.7-2018-q2-update.win32_1.4.0.202007081208/tools/bin/../lib/gcc/arm-none-eabi/7.3.1/../../../../arm-none-eabi/lib/thumb/v7e-m/fpv4-sp/hard\libc_nano.a(lib_a-reent.o)
                0x00000000200006f0                errno
                0x00000000200006f4                . = ALIGN (0x4)
                0x00000000200006f4                _ebss = .
                0x00000000200006f4                __bss_end__ = _ebss

._user_heap_stack
                0x00000000200006f4      0x600 load address 0x0000000008008104
                0x00000000200006f4                . = ALIGN (0x4)
                0x00000000200006f4                PROVIDE (end = .)
                [!provide]                        PROVIDE (_end = .)
                0x00000000200008f4                . = (. + _Min_Heap_Size)
 *fill*         0x00000000200006f4      0x200 
                0x0000000020000cf4                . = (. + _Min_Stack_Size)
 *fill*         0x00000000200008f4      0x400 
                0x0000000020000cf4                . = ALIGN (0x4)

/DISCARD/
 libc.a(*)
 libm.a(*)
 libgcc.a(*)

.ARM.attributes
                0x0000000000000000       0x30
 *(.ARM.attributes)
 .ARM.attributes
                0x0000000000000000       0x22 c:/st/stm32cubeide_1.4.0/stm32cubeide/plugins/com.st.stm32cube.ide.mcu.externaltools.gnu-tools-for-stm32.7-2018-q2-update.win32_1.4.0.202007081208/tools/bin/../lib/gcc/arm-none-eabi/7.3.1/thumb/v7e-m/fpv4-sp/hard/crti.o
 .ARM.attributes
                0x0000000000000022       0x34 c:/st/stm32cubeide_1.4.0/stm32cubeide/plugins/com.st.stm32cube.ide.mcu.externaltools.gnu-tools-for-stm32.7-2018-q2-update.win32_1.4.0.202007081208/tools/bin/../lib/gcc/arm-none-eabi/7.3.1/thumb/v7e-m/fpv4-sp/hard/crtbegin.o
 .ARM.attributes
                0x0000000000000056       0x39 Drivers/BSP/Components/LSM6DS0_ACC_GYRO_driver.o
 .ARM.attributes
                0x000000000000008f       0x39 Drivers/BSP/Components/LSM6DS0_ACC_GYRO_driver_HL.o
 .ARM.attributes
                0x00000000000000c8       0x39 Drivers/BSP/Components/LSM6DS3_ACC_GYRO_driver.o
 .ARM.attributes
                0x0000000000000101       0x39 Drivers/BSP/Components/LSM6DS3_ACC_GYRO_driver_HL.o
 .ARM.attributes
                0x000000000000013a       0x39 Drivers/BSP/STM32F4xx-Nucleo/stm32f4xx_nucleo.o
 .ARM.attributes
                0x0000000000000173       0x39 Drivers/BSP/X_NUCLEO_IKS01A1/x_nucleo_iks01a1.o
 .ARM.attributes
                0x00000000000001ac       0x39 Drivers/BSP/X_NUCLEO_IKS01A1/x_nucleo_iks01a1_accelero.o
 .ARM.attributes
                0x00000000000001e5       0x39 Drivers/CMSIS/system_stm32f4xx.o
 .ARM.attributes
                0x000000000000021e       0x39 Drivers/STM32F4xx_HAL_Driver/stm32f4xx_hal.o
 .ARM.attributes
                0x0000000000000257       0x39 Drivers/STM32F4xx_HAL_Driver/stm32f4xx_hal_cortex.o
 .ARM.attributes
                0x0000000000000290       0x39 Drivers/STM32F4xx_HAL_Driver/stm32f4xx_hal_gpio.o
 .ARM.attributes
                0x00000000000002c9       0x39 Drivers/STM32F4xx_HAL_Driver/stm32f4xx_hal_i2c.o
 .ARM.attributes
                0x0000000000000302       0x39 Drivers/STM32F4xx_HAL_Driver/stm32f4xx_hal_rcc.o
 .ARM.attributes
                0x000000000000033b       0x39 Drivers/STM32F4xx_HAL_Driver/stm32f4xx_hal_uart.o
 .ARM.attributes
                0x0000000000000374       0x21 Example/SW4STM32/startup_stm32f401xe.o
 .ARM.attributes
                0x0000000000000395       0x39 Example/User/com.o
 .ARM.attributes
                0x00000000000003ce       0x39 Example/User/cube_hal_f4.o
 .ARM.attributes
                0x0000000000000407       0x39 Example/User/main.o
 .ARM.attributes
                0x0000000000000440       0x39 Example/User/stm32f4xx_it.o
 .ARM.attributes
                0x0000000000000479       0x39 Example/User/syscalls.o
 .ARM.attributes
                0x00000000000004b2       0x34 c:/st/stm32cubeide_1.4.0/stm32cubeide/plugins/com.st.stm32cube.ide.mcu.externaltools.gnu-tools-for-stm32.7-2018-q2-update.win32_1.4.0.202007081208/tools/bin/../lib/gcc/arm-none-eabi/7.3.1/../../../../arm-none-eabi/lib/thumb/v7e-m/fpv4-sp/hard\libc_nano.a(lib_a-errno.o)
 .ARM.attributes
                0x00000000000004e6       0x34 c:/st/stm32cubeide_1.4.0/stm32cubeide/plugins/com.st.stm32cube.ide.mcu.externaltools.gnu-tools-for-stm32.7-2018-q2-update.win32_1.4.0.202007081208/tools/bin/../lib/gcc/arm-none-eabi/7.3.1/../../../../arm-none-eabi/lib/thumb/v7e-m/fpv4-sp/hard\libc_nano.a(lib_a-impure.o)
 .ARM.attributes
                0x000000000000051a       0x34 c:/st/stm32cubeide_1.4.0/stm32cubeide/plugins/com.st.stm32cube.ide.mcu.externaltools.gnu-tools-for-stm32.7-2018-q2-update.win32_1.4.0.202007081208/tools/bin/../lib/gcc/arm-none-eabi/7.3.1/../../../../arm-none-eabi/lib/thumb/v7e-m/fpv4-sp/hard\libc_nano.a(lib_a-init.o)
 .ARM.attributes
                0x000000000000054e       0x34 c:/st/stm32cubeide_1.4.0/stm32cubeide/plugins/com.st.stm32cube.ide.mcu.externaltools.gnu-tools-for-stm32.7-2018-q2-update.win32_1.4.0.202007081208/tools/bin/../lib/gcc/arm-none-eabi/7.3.1/../../../../arm-none-eabi/lib/thumb/v7e-m/fpv4-sp/hard\libc_nano.a(lib_a-snprintf.o)
 .ARM.attributes
                0x0000000000000582       0x1b c:/st/stm32cubeide_1.4.0/stm32cubeide/plugins/com.st.stm32cube.ide.mcu.externaltools.gnu-tools-for-stm32.7-2018-q2-update.win32_1.4.0.202007081208/tools/bin/../lib/gcc/arm-none-eabi/7.3.1/../../../../arm-none-eabi/lib/thumb/v7e-m/fpv4-sp/hard\libc_nano.a(lib_a-strlen.o)
 .ARM.attributes
                0x000000000000059d       0x34 c:/st/stm32cubeide_1.4.0/stm32cubeide/plugins/com.st.stm32cube.ide.mcu.externaltools.gnu-tools-for-stm32.7-2018-q2-update.win32_1.4.0.202007081208/tools/bin/../lib/gcc/arm-none-eabi/7.3.1/../../../../arm-none-eabi/lib/thumb/v7e-m/fpv4-sp/hard\libc_nano.a(lib_a-findfp.o)
 .ARM.attributes
                0x00000000000005d1       0x34 c:/st/stm32cubeide_1.4.0/stm32cubeide/plugins/com.st.stm32cube.ide.mcu.externaltools.gnu-tools-for-stm32.7-2018-q2-update.win32_1.4.0.202007081208/tools/bin/../lib/gcc/arm-none-eabi/7.3.1/../../../../arm-none-eabi/lib/thumb/v7e-m/fpv4-sp/hard\libc_nano.a(lib_a-nano-mallocr.o)
 .ARM.attributes
                0x0000000000000605       0x34 c:/st/stm32cubeide_1.4.0/stm32cubeide/plugins/com.st.stm32cube.ide.mcu.externaltools.gnu-tools-for-stm32.7-2018-q2-update.win32_1.4.0.202007081208/tools/bin/../lib/gcc/arm-none-eabi/7.3.1/../../../../arm-none-eabi/lib/thumb/v7e-m/fpv4-sp/hard\libc_nano.a(lib_a-nano-svfprintf.o)
 .ARM.attributes
                0x0000000000000639       0x34 c:/st/stm32cubeide_1.4.0/stm32cubeide/plugins/com.st.stm32cube.ide.mcu.externaltools.gnu-tools-for-stm32.7-2018-q2-update.win32_1.4.0.202007081208/tools/bin/../lib/gcc/arm-none-eabi/7.3.1/../../../../arm-none-eabi/lib/thumb/v7e-m/fpv4-sp/hard\libc_nano.a(lib_a-nano-vfprintf_i.o)
 .ARM.attributes
                0x000000000000066d       0x34 c:/st/stm32cubeide_1.4.0/stm32cubeide/plugins/com.st.stm32cube.ide.mcu.externaltools.gnu-tools-for-stm32.7-2018-q2-update.win32_1.4.0.202007081208/tools/bin/../lib/gcc/arm-none-eabi/7.3.1/../../../../arm-none-eabi/lib/thumb/v7e-m/fpv4-sp/hard\libc_nano.a(lib_a-sbrkr.o)
 .ARM.attributes
                0x00000000000006a1       0x20 c:/st/stm32cubeide_1.4.0/stm32cubeide/plugins/com.st.stm32cube.ide.mcu.externaltools.gnu-tools-for-stm32.7-2018-q2-update.win32_1.4.0.202007081208/tools/bin/../lib/gcc/arm-none-eabi/7.3.1/../../../../arm-none-eabi/lib/thumb/v7e-m/fpv4-sp/hard\libc_nano.a(lib_a-memchr.o)
 .ARM.attributes
                0x00000000000006c1       0x34 c:/st/stm32cubeide_1.4.0/stm32cubeide/plugins/com.st.stm32cube.ide.mcu.externaltools.gnu-tools-for-stm32.7-2018-q2-update.win32_1.4.0.202007081208/tools/bin/../lib/gcc/arm-none-eabi/7.3.1/../../../../arm-none-eabi/lib/thumb/v7e-m/fpv4-sp/hard\libc_nano.a(lib_a-memcpy-stub.o)
 .ARM.attributes
                0x00000000000006f5       0x34 c:/st/stm32cubeide_1.4.0/stm32cubeide/plugins/com.st.stm32cube.ide.mcu.externaltools.gnu-tools-for-stm32.7-2018-q2-update.win32_1.4.0.202007081208/tools/bin/../lib/gcc/arm-none-eabi/7.3.1/../../../../arm-none-eabi/lib/thumb/v7e-m/fpv4-sp/hard\libc_nano.a(lib_a-memmove.o)
 .ARM.attributes
                0x0000000000000729       0x34 c:/st/stm32cubeide_1.4.0/stm32cubeide/plugins/com.st.stm32cube.ide.mcu.externaltools.gnu-tools-for-stm32.7-2018-q2-update.win32_1.4.0.202007081208/tools/bin/../lib/gcc/arm-none-eabi/7.3.1/../../../../arm-none-eabi/lib/thumb/v7e-m/fpv4-sp/hard\libc_nano.a(lib_a-mlock.o)
 .ARM.attributes
                0x000000000000075d       0x34 c:/st/stm32cubeide_1.4.0/stm32cubeide/plugins/com.st.stm32cube.ide.mcu.externaltools.gnu-tools-for-stm32.7-2018-q2-update.win32_1.4.0.202007081208/tools/bin/../lib/gcc/arm-none-eabi/7.3.1/../../../../arm-none-eabi/lib/thumb/v7e-m/fpv4-sp/hard\libc_nano.a(lib_a-nano-freer.o)
 .ARM.attributes
                0x0000000000000791       0x34 c:/st/stm32cubeide_1.4.0/stm32cubeide/plugins/com.st.stm32cube.ide.mcu.externaltools.gnu-tools-for-stm32.7-2018-q2-update.win32_1.4.0.202007081208/tools/bin/../lib/gcc/arm-none-eabi/7.3.1/../../../../arm-none-eabi/lib/thumb/v7e-m/fpv4-sp/hard\libc_nano.a(lib_a-nano-reallocr.o)
 .ARM.attributes