LIS3MDL_MAG_driver_HL.c:707:25:LIS3MDL_Get_DRDY_Status	16	static
LIS3MDL_MAG_driver_HL.c:689:25:LIS3MDL_Write_Reg	16	static
LIS3MDL_MAG_driver_HL.c:670:25:LIS3MDL_Read_Reg	8	static
LIS3MDL_MAG_driver_HL.c:644:25:LIS3MDL_Set_FS_Value	8	static
LIS3MDL_MAG_driver_HL.c:607:25:LIS3MDL_Set_FS	8	static
LIS3MDL_MAG_driver_HL.c:566:25:LIS3MDL_Get_FS	16	static
LIS3MDL_MAG_driver_HL.c:396:25:LIS3MDL_Get_Sensitivity	16	static
LIS3MDL_MAG_driver_HL.c:535:25:LIS3MDL_Set_ODR_Value	8	static
LIS3MDL_MAG_driver_HL.c:492:25:LIS3MDL_Set_ODR	8	static
LIS3MDL_MAG_driver_HL.c:439:25:LIS3MDL_Get_ODR	16	static
LIS3MDL_MAG_driver_HL.c:287:25:LIS3MDL_Get_WhoAmI	8	static
LIS3MDL_MAG_driver_HL.c:307:25:LIS3MDL_Check_WhoAmI	16	static
LIS3MDL_MAG_driver_HL.c:230:25:LIS3MDL_Sensor_Enable	8	static
LIS3MDL_MAG_driver_HL.c:258:25:LIS3MDL_Sensor_Disable	8	static
LIS3MDL_MAG_driver_HL.c:203:25:LIS3MDL_DeInit	24	static
LIS3MDL_MAG_driver_HL.c:368:25:LIS3MDL_Get_AxesRaw	32	static
LIS3MDL_MAG_driver_HL.c:149:25:LIS3MDL_Init	24	static
LIS3MDL_MAG_driver_HL.c:333:25:LIS3MDL_Get_Axes	40	static
