LIS3MDL_MAG_driver.c:77:10:LIS3MDL_MAG_WriteReg	8	static
LIS3MDL_MAG_driver.c:94:10:LIS3MDL_MAG_ReadReg	8	static
LIS3MDL_MAG_driver.c:112:10:LIS3MDL_MAG_R_WHO_AM_I_	8	static
LIS3MDL_MAG_driver.c:130:11:LIS3MDL_MAG_W_SystemOperatingMode	24	static
LIS3MDL_MAG_driver.c:153:10:LIS3MDL_MAG_R_SystemOperatingMode	8	static
LIS3MDL_MAG_driver.c:170:11:LIS3MDL_MAG_W_BlockDataUpdate	24	static
LIS3MDL_MAG_driver.c:193:10:LIS3MDL_MAG_R_BlockDataUpdate	8	static
LIS3MDL_MAG_driver.c:210:11:LIS3MDL_MAG_W_FullScale	24	static
LIS3MDL_MAG_driver.c:233:10:LIS3MDL_MAG_R_FullScale	8	static
LIS3MDL_MAG_driver.c:250:11:LIS3MDL_MAG_W_OutputDataRate	24	static
LIS3MDL_MAG_driver.c:273:10:LIS3MDL_MAG_R_OutputDataRate	8	static
LIS3MDL_MAG_driver.c:290:10:LIS3MDL_MAG_Get_Magnetic	16	static
LIS3MDL_MAG_driver.c:320:11:LIS3MDL_MAG_W_SelfTest	24	static
LIS3MDL_MAG_driver.c:343:10:LIS3MDL_MAG_R_SelfTest	8	static
LIS3MDL_MAG_driver.c:360:11:LIS3MDL_MAG_W_OperatingModeXY	24	static
LIS3MDL_MAG_driver.c:383:10:LIS3MDL_MAG_R_OperatingModeXY	8	static
LIS3MDL_MAG_driver.c:400:11:LIS3MDL_MAG_W_TemperatureSensor	24	static
LIS3MDL_MAG_driver.c:423:10:LIS3MDL_MAG_R_TemperatureSensor	8	static
LIS3MDL_MAG_driver.c:440:11:LIS3MDL_MAG_W_SoftRST	24	static
LIS3MDL_MAG_driver.c:463:10:LIS3MDL_MAG_R_SoftRST	8	static
LIS3MDL_MAG_driver.c:480:11:LIS3MDL_MAG_W_Reboot	24	static
LIS3MDL_MAG_driver.c:503:10:LIS3MDL_MAG_R_Reboot	8	static
LIS3MDL_MAG_driver.c:521:11:LIS3MDL_MAG_W_SerialInterfaceMode	24	static
LIS3MDL_MAG_driver.c:544:10:LIS3MDL_MAG_R_SerialInterfaceMode	8	static
LIS3MDL_MAG_driver.c:561:11:LIS3MDL_MAG_W_FastLowPowerXYZ	24	static
LIS3MDL_MAG_driver.c:584:10:LIS3MDL_MAG_R_FastLowPowerXYZ	8	static
LIS3MDL_MAG_driver.c:601:11:LIS3MDL_MAG_W_LittleBigEndianInversion	24	static
LIS3MDL_MAG_driver.c:624:10:LIS3MDL_MAG_R_LittleBigEndianInversion	8	static
LIS3MDL_MAG_driver.c:641:11:LIS3MDL_MAG_W_OperatingModeZ	24	static
LIS3MDL_MAG_driver.c:664:10:LIS3MDL_MAG_R_OperatingModeZ	8	static
LIS3MDL_MAG_driver.c:681:10:LIS3MDL_MAG_R_NewXData	8	static
LIS3MDL_MAG_driver.c:698:10:LIS3MDL_MAG_R_NewYData	8	static
LIS3MDL_MAG_driver.c:715:10:LIS3MDL_MAG_R_NewZData	8	static
LIS3MDL_MAG_driver.c:732:10:LIS3MDL_MAG_R_NewXYZData	8	static
LIS3MDL_MAG_driver.c:749:10:LIS3MDL_MAG_R_DataXOverrun	8	static
LIS3MDL_MAG_driver.c:766:10:LIS3MDL_MAG_R_DataYOverrun	8	static
LIS3MDL_MAG_driver.c:783:10:LIS3MDL_MAG_R_DataZOverrun	8	static
LIS3MDL_MAG_driver.c:800:10:LIS3MDL_MAG_R_DataXYZOverrun	8	static
LIS3MDL_MAG_driver.c:817:11:LIS3MDL_MAG_W_InterruptEnable	24	static
LIS3MDL_MAG_driver.c:840:10:LIS3MDL_MAG_R_InterruptEnable	8	static
LIS3MDL_MAG_driver.c:857:11:LIS3MDL_MAG_W_LatchInterruptRq	24	static
LIS3MDL_MAG_driver.c:880:10:LIS3MDL_MAG_R_LatchInterruptRq	8	static
LIS3MDL_MAG_driver.c:897:11:LIS3MDL_MAG_W_InterruptActive	24	static
LIS3MDL_MAG_driver.c:920:10:LIS3MDL_MAG_R_InterruptActive	8	static
LIS3MDL_MAG_driver.c:937:11:LIS3MDL_MAG_W_InterruptOnZ	24	static
LIS3MDL_MAG_driver.c:960:10:LIS3MDL_MAG_R_InterruptOnZ	8	static
LIS3MDL_MAG_driver.c:977:11:LIS3MDL_MAG_W_InterruptOnY	24	static
LIS3MDL_MAG_driver.c:1000:10:LIS3MDL_MAG_R_InterruptOnY	8	static
LIS3MDL_MAG_driver.c:1017:11:LIS3MDL_MAG_W_InterruptOnX	24	static
LIS3MDL_MAG_driver.c:1040:10:LIS3MDL_MAG_R_InterruptOnX	8	static
LIS3MDL_MAG_driver.c:1057:11:LIS3MDL_MAG_W_InterruptFlag	24	static
LIS3MDL_MAG_driver.c:1080:10:LIS3MDL_MAG_R_InterruptFlag	8	static
LIS3MDL_MAG_driver.c:1097:11:LIS3MDL_MAG_W_MagneticFieldOverflow	24	static
LIS3MDL_MAG_driver.c:1120:10:LIS3MDL_MAG_R_MagneticFieldOverflow	8	static
LIS3MDL_MAG_driver.c:1137:11:LIS3MDL_MAG_W_NegativeThresholdFlagZ	24	static
LIS3MDL_MAG_driver.c:1160:10:LIS3MDL_MAG_R_NegativeThresholdFlagZ	8	static
LIS3MDL_MAG_driver.c:1177:11:LIS3MDL_MAG_W_NegativeThresholdFlagY	24	static
LIS3MDL_MAG_driver.c:1200:10:LIS3MDL_MAG_R_NegativeThresholdFlagY	8	static
LIS3MDL_MAG_driver.c:1217:11:LIS3MDL_MAG_W_NegativeThresholdFlagX	24	static
LIS3MDL_MAG_driver.c:1240:10:LIS3MDL_MAG_R_NegativeThresholdFlagX	8	static
LIS3MDL_MAG_driver.c:1257:11:LIS3MDL_MAG_W_PositiveThresholdFlagZ	24	static
LIS3MDL_MAG_driver.c:1280:10:LIS3MDL_MAG_R_PositiveThresholdFlagZ	8	static
LIS3MDL_MAG_driver.c:1297:11:LIS3MDL_MAG_W_PositiveThresholdFlagY	24	static
LIS3MDL_MAG_driver.c:1320:10:LIS3MDL_MAG_R_PositiveThresholdFlagY	8	static
LIS3MDL_MAG_driver.c:1337:11:LIS3MDL_MAG_W_PositiveThresholdFlagX	24	static
LIS3MDL_MAG_driver.c:1360:10:LIS3MDL_MAG_R_PositiveThresholdFlagX	8	static
LIS3MDL_MAG_driver.c:1377:10:LIS3MDL_MAG_Get_Temperature	16	static
LIS3MDL_MAG_driver.c:1406:10:LIS3MDL_MAG_Set_MagneticThreshold	16	static
LIS3MDL_MAG_driver.c:1425:10:LIS3MDL_MAG_Get_MagneticThreshold	16	static
LIS3MDL_MAG_driver.c:1459:6:LIS3MDL_MAG_SwapHighLowByte	32	static
