LPS25HB_Driver_HL.c:431:25:LPS25HB_P_Get_DRDY_Status	16	static
LPS25HB_Driver_HL.c:702:25:LPS25HB_T_Get_DRDY_Status	16	static
LPS25HB_Driver_HL.c:412:25:LPS25HB_P_Write_Reg	16	static
LPS25HB_Driver_HL.c:392:25:LPS25HB_P_Read_Reg	8	static
LPS25HB_Driver_HL.c:363:25:LPS25HB_P_Set_ODR	8	static
LPS25HB_Driver_HL.c:349:25:LPS25HB_P_Get_ODR	16	static
LPS25HB_Driver_HL.c:335:25:LPS25HB_P_Get_Press	24	static
LPS25HB_Driver_HL.c:308:25:LPS25HB_P_Get_WhoAmI	8	static
LPS25HB_Driver_HL.c:605:25:LPS25HB_T_Get_Temp	24	static
LPS25HB_Driver_HL.c:274:25:LPS25HB_P_Sensor_Disable	8	static
LPS25HB_Driver_HL.c:543:25:LPS25HB_T_Sensor_Disable	8	static
LPS25HB_Driver_HL.c:241:25:LPS25HB_P_Sensor_Enable	8	static
LPS25HB_Driver_HL.c:509:25:LPS25HB_T_Sensor_Enable	8	static
LPS25HB_Driver_HL.c:453:25:LPS25HB_T_Init	16	static
LPS25HB_Driver_HL.c:648:25:LPS25HB_T_Set_ODR_Value	8	static
LPS25HB_Driver_HL.c:377:25:LPS25HB_P_Set_ODR_Value	8	static
LPS25HB_Driver_HL.c:577:25:LPS25HB_T_Get_WhoAmI	8	static
LPS25HB_Driver_HL.c:634:25:LPS25HB_T_Set_ODR	8	static
LPS25HB_Driver_HL.c:619:25:LPS25HB_T_Get_ODR	16	static
LPS25HB_Driver_HL.c:663:25:LPS25HB_T_Read_Reg	8	static
LPS25HB_Driver_HL.c:591:25:LPS25HB_T_Check_WhoAmI	16	static
LPS25HB_Driver_HL.c:321:25:LPS25HB_P_Check_WhoAmI	16	static
LPS25HB_Driver_HL.c:683:25:LPS25HB_T_Write_Reg	16	static
LPS25HB_Driver_HL.c:214:25:LPS25HB_P_DeInit	8	static
LPS25HB_Driver_HL.c:481:25:LPS25HB_T_DeInit	8	static
LPS25HB_Driver_HL.c:187:25:LPS25HB_P_Init	16	static
