LPS25HB_Driver.c:97:18:LPS25HB_ReadReg	8	static
LPS25HB_Driver.c:114:18:LPS25HB_WriteReg	8	static
LPS25HB_Driver.c:139:18:LPS25HB_Get_DeviceID	8	static
LPS25HB_Driver.c:153:18:LPS25HB_Get_DriverVersion	0	static
LPS25HB_Driver.c:195:18:LPS25HB_Activate	24	static
LPS25HB_Driver.c:208:18:LPS25HB_DeActivate	24	static
LPS25HB_Driver.c:270:18:LPS25HB_Get_AvgP	16	static
LPS25HB_Driver.c:289:18:LPS25HB_Get_AvgT	16	static
LPS25HB_Driver.c:333:18:LPS25HB_Get_Odr	16	static
LPS25HB_Driver.c:402:18:LPS25HB_Get_Bdu	16	static
LPS25HB_Driver.c:444:18:LPS25HB_Get_InterruptCircuitEnable	16	static
LPS25HB_Driver.c:463:18:LPS25HB_ResetAZ	24	static
LPS25HB_Driver.c:511:18:LPS25HB_Get_SpiInterface	16	static
LPS25HB_Driver.c:558:18:LPS25HB_StartOneShotMeasurement	24	static
LPS25HB_Driver.c:606:18:LPS25HB_SwReset	24	static
LPS25HB_Driver.c:627:18:LPS25HB_MemoryBoot	24	static
LPS25HB_Driver.c:649:18:LPS25HB_SwResetAndMemoryBoot	24	static
LPS25HB_Driver.c:894:18:LPS25HB_Get_InterruptDifferentialEventStatus	16	static
LPS25HB_Driver.c:915:18:LPS25HB_Get_DataStatus	16	static
LPS25HB_Driver.c:939:18:LPS25HB_Get_RawPressure	16	static
LPS25HB_Driver.c:969:18:LPS25HB_Get_Pressure	16	static
LPS25HB_Driver.c:989:18:LPS25HB_Get_RawTemperature	16	static
LPS25HB_Driver.c:1014:18:LPS25HB_Get_Temperature	16	static
LPS25HB_Driver.c:1033:18:LPS25HB_Get_PressureThreshold	16	static
LPS25HB_Driver.c:1053:18:LPS25HB_Set_PressureThreshold	24	static
LPS25HB_Driver.c:1097:18:LPS25HB_Get_FifoMode	16	static
LPS25HB_Driver.c:1116:18:LPS25HB_Get_FifoStatus	24	static
LPS25HB_Driver.c:1161:18:LPS25HB_Get_FifoWatermarkLevel	8	static
LPS25HB_Driver.c:1202:18:LPS25HB_Get_FifoSampleSize	16	static
LPS25HB_Driver.c:1221:18:LPS25HB_Get_PressureOffsetValue	16	static
LPS25HB_Driver.c:1294:18:LPS25HB_Get_GenericConfig	24	static
LPS25HB_Driver.c:1368:18:LPS25HB_Get_InterruptConfig	24	static
LPS25HB_Driver.c:1452:18:LPS25HB_Get_FifoConfig	24	static
LPS25HB_Driver.c:1502:18:LPS25HB_Get_ReferencePressure	16	static
LPS25HB_Driver.c:1533:18:LPS25HB_IsMeasurementCompleted	16	static
LPS25HB_Driver.c:1555:18:LPS25HB_Get_Measurement	24	static
LPS25HB_Driver.c:1581:18:LPS25HB_DeInit	24	static
LPS25HB_Driver.c:1610:6:LPS25HB_assert_failed	8	static
LPS25HB_Driver.c:169:18:LPS25HB_Set_Avg	24	static
LPS25HB_Driver.c:222:18:LPS25HB_Set_AvgP	24	static
LPS25HB_Driver.c:246:18:LPS25HB_Set_AvgT	24	static
LPS25HB_Driver.c:308:18:LPS25HB_Set_Odr	24	static
LPS25HB_Driver.c:351:18:LPS25HB_Set_PowerDownMode	24	static
LPS25HB_Driver.c:378:18:LPS25HB_Set_Bdu	24	static
LPS25HB_Driver.c:420:18:LPS25HB_Set_InterruptCircuitEnable	24	static
LPS25HB_Driver.c:486:18:LPS25HB_Set_SpiInterface	24	static
LPS25HB_Driver.c:529:18:LPS25HB_Set_I2C	24	static
LPS25HB_Driver.c:583:18:LPS25HB_Set_AutoZeroFunction	24	static
LPS25HB_Driver.c:670:18:LPS25HB_Set_FifoModeUse	24	static
LPS25HB_Driver.c:693:18:LPS25HB_Set_FifoWatermarkLevelUse	24	static
LPS25HB_Driver.c:717:18:LPS25HB_Set_FifoMeanDecUse	24	static
LPS25HB_Driver.c:742:18:LPS25HB_Set_InterruptActiveLevel	24	static
LPS25HB_Driver.c:766:18:LPS25HB_Set_InterruptOutputType	24	static
LPS25HB_Driver.c:790:18:LPS25HB_Set_InterruptControlConfig	24	static
LPS25HB_Driver.c:814:18:LPS25HB_Set_InterruptDataConfig	24	static
LPS25HB_Driver.c:839:18:LPS25HB_Set_InterruptDifferentialConfig	24	static
LPS25HB_Driver.c:869:18:LPS25HB_LatchInterruptRequest	24	static
LPS25HB_Driver.c:1073:18:LPS25HB_Set_FifoMode	24	static
LPS25HB_Driver.c:1137:18:LPS25HB_Set_FifoWatermarkLevel	24	static
LPS25HB_Driver.c:1177:18:LPS25HB_Set_FifoSampleSize	24	static
LPS25HB_Driver.c:1242:18:LPS25HB_Set_GenericConfig	32	static
LPS25HB_Driver.c:1405:18:LPS25HB_Set_FifoConfig	32	static
LPS25HB_Driver.c:1329:18:LPS25HB_Set_InterruptConfig	24	static
