LSM6DS3_ACC_GYRO_driver.c:80:10:LSM6DS3_ACC_GYRO_WriteReg	8	static
LSM6DS3_ACC_GYRO_driver.c:102:10:LSM6DS3_ACC_GYRO_ReadReg	8	static
LSM6DS3_ACC_GYRO_driver.c:124:10:LSM6DS3_ACC_GYRO_R_WHO_AM_I	8	static
LSM6DS3_ACC_GYRO_driver.c:142:11:LSM6DS3_ACC_GYRO_W_BDU	24	static
LSM6DS3_ACC_GYRO_driver.c:165:10:LSM6DS3_ACC_GYRO_R_BDU	8	static
LSM6DS3_ACC_GYRO_driver.c:182:11:LSM6DS3_ACC_GYRO_W_FS_XL	24	static
LSM6DS3_ACC_GYRO_driver.c:205:10:LSM6DS3_ACC_GYRO_R_FS_XL	8	static
LSM6DS3_ACC_GYRO_driver.c:222:10:LSM6DS3_ACC_GYRO_GetRawAccData	16	static
LSM6DS3_ACC_GYRO_driver.c:261:10:LSM6DS3_ACC_Get_Acceleration	48	static
LSM6DS3_ACC_GYRO_driver.c:317:11:LSM6DS3_ACC_GYRO_W_ODR_XL	24	static
LSM6DS3_ACC_GYRO_driver.c:340:10:LSM6DS3_ACC_GYRO_R_ODR_XL	8	static
LSM6DS3_ACC_GYRO_driver.c:357:10:LSM6DS3_ACC_GYRO_translate_ODR_XL	0	static
LSM6DS3_ACC_GYRO_driver.c:411:11:LSM6DS3_ACC_GYRO_W_FS_G	24	static
LSM6DS3_ACC_GYRO_driver.c:434:10:LSM6DS3_ACC_GYRO_R_FS_G	8	static
LSM6DS3_ACC_GYRO_driver.c:451:11:LSM6DS3_ACC_GYRO_W_ODR_G	24	static
LSM6DS3_ACC_GYRO_driver.c:474:10:LSM6DS3_ACC_GYRO_R_ODR_G	8	static
LSM6DS3_ACC_GYRO_driver.c:491:10:LSM6DS3_ACC_GYRO_translate_ODR_G	0	static
LSM6DS3_ACC_GYRO_driver.c:545:10:LSM6DS3_ACC_GYRO_GetRawGyroData	16	static
LSM6DS3_ACC_GYRO_driver.c:585:10:LSM6DS3_ACC_Get_AngularRate	48	static
LSM6DS3_ACC_GYRO_driver.c:650:11:LSM6DS3_ACC_GYRO_W_BW_XL	24	static
LSM6DS3_ACC_GYRO_driver.c:673:10:LSM6DS3_ACC_GYRO_R_BW_XL	8	static
LSM6DS3_ACC_GYRO_driver.c:690:11:LSM6DS3_ACC_GYRO_W_FS_125	24	static
LSM6DS3_ACC_GYRO_driver.c:713:10:LSM6DS3_ACC_GYRO_R_FS_125	8	static
LSM6DS3_ACC_GYRO_driver.c:732:11:LSM6DS3_ACC_GYRO_W_EmbeddedAccess	24	static
LSM6DS3_ACC_GYRO_driver.c:755:10:LSM6DS3_ACC_GYRO_R_EmbeddedAccess	8	static
LSM6DS3_ACC_GYRO_driver.c:772:11:LSM6DS3_ACC_GYRO_W_Stamping_Time_Frame	24	static
LSM6DS3_ACC_GYRO_driver.c:798:10:LSM6DS3_ACC_GYRO_R_Stamping_Time_Frame	8	static
LSM6DS3_ACC_GYRO_driver.c:816:11:LSM6DS3_ACC_GYRO_W_FIFO_Watermark	24	static
LSM6DS3_ACC_GYRO_driver.c:860:10:LSM6DS3_ACC_GYRO_R_FIFO_Watermark	24	static
LSM6DS3_ACC_GYRO_driver.c:890:11:LSM6DS3_ACC_GYRO_W_TIM_PEDO_FIFO_Write_En	24	static
LSM6DS3_ACC_GYRO_driver.c:913:10:LSM6DS3_ACC_GYRO_R_TIM_PEDO_FIFO_Write_En	8	static
LSM6DS3_ACC_GYRO_driver.c:929:11:LSM6DS3_ACC_GYRO_W_TIM_PEDO_FIFO_En	24	static
LSM6DS3_ACC_GYRO_driver.c:952:10:LSM6DS3_ACC_GYRO_R_TIM_PEDO_FIFO_En	8	static
LSM6DS3_ACC_GYRO_driver.c:968:11:LSM6DS3_ACC_GYRO_W_DEC_FIFO_XL	24	static
LSM6DS3_ACC_GYRO_driver.c:991:11:LSM6DS3_ACC_GYRO_W_DEC_FIFO_XL_val	16	static
LSM6DS3_ACC_GYRO_driver.c:1041:10:LSM6DS3_ACC_GYRO_R_DEC_FIFO_XL	8	static
LSM6DS3_ACC_GYRO_driver.c:1058:11:LSM6DS3_ACC_GYRO_W_DEC_FIFO_G	24	static
LSM6DS3_ACC_GYRO_driver.c:1081:11:LSM6DS3_ACC_GYRO_W_DEC_FIFO_G_val	16	static
LSM6DS3_ACC_GYRO_driver.c:1131:10:LSM6DS3_ACC_GYRO_R_DEC_FIFO_G	8	static
LSM6DS3_ACC_GYRO_driver.c:1148:11:LSM6DS3_ACC_GYRO_W_DEC_FIFO_SLV0	24	static
LSM6DS3_ACC_GYRO_driver.c:1171:10:LSM6DS3_ACC_GYRO_R_DEC_FIFO_SLV0	8	static
LSM6DS3_ACC_GYRO_driver.c:1188:11:LSM6DS3_ACC_GYRO_W_DEC_FIFO_SLV1	24	static
LSM6DS3_ACC_GYRO_driver.c:1211:10:LSM6DS3_ACC_GYRO_R_DEC_FIFO_SLV1	8	static
LSM6DS3_ACC_GYRO_driver.c:1228:11:LSM6DS3_ACC_GYRO_W_HI_DATA_ONLY	24	static
LSM6DS3_ACC_GYRO_driver.c:1251:10:LSM6DS3_ACC_GYRO_R_HI_DATA_ONLY	8	static
LSM6DS3_ACC_GYRO_driver.c:1268:11:LSM6DS3_ACC_GYRO_W_FIFO_MODE	24	static
LSM6DS3_ACC_GYRO_driver.c:1291:10:LSM6DS3_ACC_GYRO_R_FIFO_MODE	8	static
LSM6DS3_ACC_GYRO_driver.c:1308:11:LSM6DS3_ACC_GYRO_W_ODR_FIFO	24	static
LSM6DS3_ACC_GYRO_driver.c:1331:10:LSM6DS3_ACC_GYRO_R_ODR_FIFO	8	static
LSM6DS3_ACC_GYRO_driver.c:1348:11:LSM6DS3_ACC_GYRO_W_Orientation	24	static
LSM6DS3_ACC_GYRO_driver.c:1371:10:LSM6DS3_ACC_GYRO_R_Orientation	8	static
LSM6DS3_ACC_GYRO_driver.c:1388:11:LSM6DS3_ACC_GYRO_W_SignZ_G	24	static
LSM6DS3_ACC_GYRO_driver.c:1411:10:LSM6DS3_ACC_GYRO_R_SignZ_G	8	static
LSM6DS3_ACC_GYRO_driver.c:1428:11:LSM6DS3_ACC_GYRO_W_SignY_G	24	static
LSM6DS3_ACC_GYRO_driver.c:1451:10:LSM6DS3_ACC_GYRO_R_SignY_G	8	static
LSM6DS3_ACC_GYRO_driver.c:1468:11:LSM6DS3_ACC_GYRO_W_SignX_G	24	static
LSM6DS3_ACC_GYRO_driver.c:1491:10:LSM6DS3_ACC_GYRO_R_SignX_G	8	static
LSM6DS3_ACC_GYRO_driver.c:1508:11:LSM6DS3_ACC_GYRO_W_DRDY_XL_on_INT1	24	static
LSM6DS3_ACC_GYRO_driver.c:1531:10:LSM6DS3_ACC_GYRO_R_DRDY_XL_on_INT1	8	static
LSM6DS3_ACC_GYRO_driver.c:1548:11:LSM6DS3_ACC_GYRO_W_DRDY_G_on_INT1	24	static
LSM6DS3_ACC_GYRO_driver.c:1571:10:LSM6DS3_ACC_GYRO_R_DRDY_G_on_INT1	8	static
LSM6DS3_ACC_GYRO_driver.c:1588:11:LSM6DS3_ACC_GYRO_W_BOOT_on_INT1	24	static
LSM6DS3_ACC_GYRO_driver.c:1611:10:LSM6DS3_ACC_GYRO_R_BOOT_on_INT1	8	static
LSM6DS3_ACC_GYRO_driver.c:1628:11:LSM6DS3_ACC_GYRO_W_FIFO_TSHLD_on_INT1	24	static
LSM6DS3_ACC_GYRO_driver.c:1651:10:LSM6DS3_ACC_GYRO_R_FIFO_TSHLD_on_INT1	8	static
LSM6DS3_ACC_GYRO_driver.c:1668:11:LSM6DS3_ACC_GYRO_W_OVERRUN_on_INT1	24	static
LSM6DS3_ACC_GYRO_driver.c:1691:10:LSM6DS3_ACC_GYRO_R_OVERRUN_on_INT1	8	static
LSM6DS3_ACC_GYRO_driver.c:1708:11:LSM6DS3_ACC_GYRO_W_FSS5_on_INT1	24	static
LSM6DS3_ACC_GYRO_driver.c:1731:10:LSM6DS3_ACC_GYRO_R_FSS5_on_INT1	8	static
LSM6DS3_ACC_GYRO_driver.c:1748:11:LSM6DS3_ACC_GYRO_W_SIGN_MOT_on_INT1	24	static
LSM6DS3_ACC_GYRO_driver.c:1771:10:LSM6DS3_ACC_GYRO_R_SIGN_MOT_on_INT1	8	static
LSM6DS3_ACC_GYRO_driver.c:1788:11:LSM6DS3_ACC_GYRO_W_PEDO_STEP_on_INT1	24	static
LSM6DS3_ACC_GYRO_driver.c:1811:10:LSM6DS3_ACC_GYRO_R_PEDO_STEP_on_INT1	8	static
LSM6DS3_ACC_GYRO_driver.c:1828:11:LSM6DS3_ACC_GYRO_W_DRDY_XL_on_INT2	24	static
LSM6DS3_ACC_GYRO_driver.c:1851:10:LSM6DS3_ACC_GYRO_R_DRDY_XL_on_INT2	8	static
LSM6DS3_ACC_GYRO_driver.c:1868:11:LSM6DS3_ACC_GYRO_W_DRDY_G_on_INT2	24	static
LSM6DS3_ACC_GYRO_driver.c:1891:10:LSM6DS3_ACC_GYRO_R_DRDY_G_on_INT2	8	static
LSM6DS3_ACC_GYRO_driver.c:1908:11:LSM6DS3_ACC_GYRO_W_DRDY_TEMP_on_INT2	24	static
LSM6DS3_ACC_GYRO_driver.c:1931:10:LSM6DS3_ACC_GYRO_R_DRDY_TEMP_on_INT2	8	static
LSM6DS3_ACC_GYRO_driver.c:1948:11:LSM6DS3_ACC_GYRO_W_FIFO_TSHLD_on_INT2	24	static
LSM6DS3_ACC_GYRO_driver.c:1971:10:LSM6DS3_ACC_GYRO_R_FIFO_TSHLD_on_INT2	8	static
LSM6DS3_ACC_GYRO_driver.c:1988:11:LSM6DS3_ACC_GYRO_W_OVERRUN_on_INT2	24	static
LSM6DS3_ACC_GYRO_driver.c:2011:10:LSM6DS3_ACC_GYRO_R_OVERRUN_on_INT2	8	static
LSM6DS3_ACC_GYRO_driver.c:2028:11:LSM6DS3_ACC_GYRO_W_FSS5_on_INT2	24	static
LSM6DS3_ACC_GYRO_driver.c:2051:10:LSM6DS3_ACC_GYRO_R_FSS5_on_INT2	8	static
LSM6DS3_ACC_GYRO_driver.c:2068:11:LSM6DS3_ACC_GYRO_W_SIGN_MOT_on_INT2	24	static
LSM6DS3_ACC_GYRO_driver.c:2091:10:LSM6DS3_ACC_GYRO_R_SIGN_MOT_on_INT2	8	static
LSM6DS3_ACC_GYRO_driver.c:2108:11:LSM6DS3_ACC_GYRO_W_PEDO_STEP_on_INT2	24	static
LSM6DS3_ACC_GYRO_driver.c:2131:10:LSM6DS3_ACC_GYRO_R_PEDO_STEP_on_INT2	8	static
LSM6DS3_ACC_GYRO_driver.c:2148:11:LSM6DS3_ACC_GYRO_W_SW_RESET	24	static
LSM6DS3_ACC_GYRO_driver.c:2171:10:LSM6DS3_ACC_GYRO_R_SW_RESET	8	static
LSM6DS3_ACC_GYRO_driver.c:2188:11:LSM6DS3_ACC_GYRO_W_BLE	24	static
LSM6DS3_ACC_GYRO_driver.c:2211:10:LSM6DS3_ACC_GYRO_R_BLE	8	static
LSM6DS3_ACC_GYRO_driver.c:2228:11:LSM6DS3_ACC_GYRO_W_IF_Addr_Incr	24	static
LSM6DS3_ACC_GYRO_driver.c:2251:10:LSM6DS3_ACC_GYRO_R_IF_Addr_Incr	8	static
LSM6DS3_ACC_GYRO_driver.c:2268:11:LSM6DS3_ACC_GYRO_W_SPI_Mode	24	static
LSM6DS3_ACC_GYRO_driver.c:2291:10:LSM6DS3_ACC_GYRO_R_SPI_Mode	8	static
LSM6DS3_ACC_GYRO_driver.c:2308:11:LSM6DS3_ACC_GYRO_W_PadSel	24	static
LSM6DS3_ACC_GYRO_driver.c:2331:10:LSM6DS3_ACC_GYRO_R_PadSel	8	static
LSM6DS3_ACC_GYRO_driver.c:2348:11:LSM6DS3_ACC_GYRO_W_INT_ACT_LEVEL	24	static
LSM6DS3_ACC_GYRO_driver.c:2371:10:LSM6DS3_ACC_GYRO_R_INT_ACT_LEVEL	8	static
LSM6DS3_ACC_GYRO_driver.c:2388:11:LSM6DS3_ACC_GYRO_W_BOOT	24	static
LSM6DS3_ACC_GYRO_driver.c:2411:10:LSM6DS3_ACC_GYRO_R_BOOT	8	static
LSM6DS3_ACC_GYRO_driver.c:2428:11:LSM6DS3_ACC_GYRO_W_STOP_ON_FTH	24	static
LSM6DS3_ACC_GYRO_driver.c:2451:10:LSM6DS3_ACC_GYRO_R_STOP_ON_FTH	8	static
LSM6DS3_ACC_GYRO_driver.c:2468:11:LSM6DS3_ACC_GYRO_W_MODE3_Enable	24	static
LSM6DS3_ACC_GYRO_driver.c:2491:10:LSM6DS3_ACC_GYRO_R_MODE3_Enable	8	static
LSM6DS3_ACC_GYRO_driver.c:2508:11:LSM6DS3_ACC_GYRO_W_I2C_DISABLE	24	static
LSM6DS3_ACC_GYRO_driver.c:2531:10:LSM6DS3_ACC_GYRO_R_I2C_DISABLE	8	static
LSM6DS3_ACC_GYRO_driver.c:2548:11:LSM6DS3_ACC_GYRO_W_DRDY_MSK	24	static
LSM6DS3_ACC_GYRO_driver.c:2571:10:LSM6DS3_ACC_GYRO_R_DRDY_MSK	8	static
LSM6DS3_ACC_GYRO_driver.c:2588:11:LSM6DS3_ACC_GYRO_W_FIFO_TEMP_EN	24	static
LSM6DS3_ACC_GYRO_driver.c:2611:10:LSM6DS3_ACC_GYRO_R_FIFO_TEMP_EN	8	static
LSM6DS3_ACC_GYRO_driver.c:2628:11:LSM6DS3_ACC_GYRO_W_INT2_ON_INT1	24	static
LSM6DS3_ACC_GYRO_driver.c:2651:10:LSM6DS3_ACC_GYRO_R_INT2_ON_INT1	8	static
LSM6DS3_ACC_GYRO_driver.c:2668:11:LSM6DS3_ACC_GYRO_W_SleepMode_G	24	static
LSM6DS3_ACC_GYRO_driver.c:2691:10:LSM6DS3_ACC_GYRO_R_SleepMode_G	8	static
LSM6DS3_ACC_GYRO_driver.c:2708:11:LSM6DS3_ACC_GYRO_W_BW_Fixed_By_ODR	24	static
LSM6DS3_ACC_GYRO_driver.c:2731:10:LSM6DS3_ACC_GYRO_R_BW_Fixed_By_ODR	8	static
LSM6DS3_ACC_GYRO_driver.c:2748:11:LSM6DS3_ACC_GYRO_W_SelfTest_XL	24	static
LSM6DS3_ACC_GYRO_driver.c:2771:10:LSM6DS3_ACC_GYRO_R_SelfTest_XL	8	static
LSM6DS3_ACC_GYRO_driver.c:2788:11:LSM6DS3_ACC_GYRO_W_SelfTest_G	24	static
LSM6DS3_ACC_GYRO_driver.c:2811:10:LSM6DS3_ACC_GYRO_R_SelfTest_G	8	static
LSM6DS3_ACC_GYRO_driver.c:2828:11:LSM6DS3_ACC_GYRO_W_CircularBurstMode	24	static
LSM6DS3_ACC_GYRO_driver.c:2852:10:LSM6DS3_ACC_GYRO_R_CircularBurstMode	8	static
LSM6DS3_ACC_GYRO_driver.c:2869:11:LSM6DS3_ACC_GYRO_W_LowPower_XL	24	static
LSM6DS3_ACC_GYRO_driver.c:2892:10:LSM6DS3_ACC_GYRO_R_LowPower_XL	8	static
LSM6DS3_ACC_GYRO_driver.c:2909:11:LSM6DS3_ACC_GYRO_W_DEN_LVL2_EN	24	static
LSM6DS3_ACC_GYRO_driver.c:2932:10:LSM6DS3_ACC_GYRO_R_DEN_LVL2_EN	8	static
LSM6DS3_ACC_GYRO_driver.c:2949:11:LSM6DS3_ACC_GYRO_W_DEN_LVL_EN	24	static
LSM6DS3_ACC_GYRO_driver.c:2972:10:LSM6DS3_ACC_GYRO_R_DEN_LVL_EN	8	static
LSM6DS3_ACC_GYRO_driver.c:2989:11:LSM6DS3_ACC_GYRO_W_DEN_EDGE_EN	24	static
LSM6DS3_ACC_GYRO_driver.c:3012:10:LSM6DS3_ACC_GYRO_R_DEN_EDGE_EN	8	static
LSM6DS3_ACC_GYRO_driver.c:3029:11:LSM6DS3_ACC_GYRO_W_HPCF_G	24	static
LSM6DS3_ACC_GYRO_driver.c:3052:10:LSM6DS3_ACC_GYRO_R_HPCF_G	8	static
LSM6DS3_ACC_GYRO_driver.c:3069:11:LSM6DS3_ACC_GYRO_W_HPFilter_En	24	static
LSM6DS3_ACC_GYRO_driver.c:3092:10:LSM6DS3_ACC_GYRO_R_HPFilter_En	8	static
LSM6DS3_ACC_GYRO_driver.c:3109:11:LSM6DS3_ACC_GYRO_W_LP_Mode	24	static
LSM6DS3_ACC_GYRO_driver.c:3132:10:LSM6DS3_ACC_GYRO_R_LP_Mode	8	static
LSM6DS3_ACC_GYRO_driver.c:3149:11:LSM6DS3_ACC_GYRO_W_ROUNDING_STATUS	24	static
LSM6DS3_ACC_GYRO_driver.c:3172:10:LSM6DS3_ACC_GYRO_R_ROUNDING_STATUS	8	static
LSM6DS3_ACC_GYRO_driver.c:3189:11:LSM6DS3_ACC_GYRO_W_HP_G_RST	24	static
LSM6DS3_ACC_GYRO_driver.c:3212:10:LSM6DS3_ACC_GYRO_R_HP_G_RST	8	static
LSM6DS3_ACC_GYRO_driver.c:3229:11:LSM6DS3_ACC_GYRO_W_LPF2_XL	24	static
LSM6DS3_ACC_GYRO_driver.c:3252:10:LSM6DS3_ACC_GYRO_R_LPF2_XL	8	static
LSM6DS3_ACC_GYRO_driver.c:3269:11:LSM6DS3_ACC_GYRO_W_HPCF_XL	24	static
LSM6DS3_ACC_GYRO_driver.c:3292:10:LSM6DS3_ACC_GYRO_R_HPCF_XL	8	static
LSM6DS3_ACC_GYRO_driver.c:3309:11:LSM6DS3_ACC_GYRO_W_LOW_PASS_ON_6D	24	static
LSM6DS3_ACC_GYRO_driver.c:3332:10:LSM6DS3_ACC_GYRO_R_LOW_PASS_ON_6D	8	static
LSM6DS3_ACC_GYRO_driver.c:3349:11:LSM6DS3_ACC_GYRO_W_HP_SLOPE_XL	24	static
LSM6DS3_ACC_GYRO_driver.c:3372:10:LSM6DS3_ACC_GYRO_R_HP_SLOPE_XL	8	static
LSM6DS3_ACC_GYRO_driver.c:3389:11:LSM6DS3_ACC_GYRO_W_XEN_XL	24	static
LSM6DS3_ACC_GYRO_driver.c:3412:10:LSM6DS3_ACC_GYRO_R_XEN_XL	8	static
LSM6DS3_ACC_GYRO_driver.c:3428:11:LSM6DS3_ACC_GYRO_W_YEN_XL	24	static
LSM6DS3_ACC_GYRO_driver.c:3451:10:LSM6DS3_ACC_GYRO_R_YEN_XL	8	static
LSM6DS3_ACC_GYRO_driver.c:3468:11:LSM6DS3_ACC_GYRO_W_ZEN_XL	24	static
LSM6DS3_ACC_GYRO_driver.c:3491:10:LSM6DS3_ACC_GYRO_R_ZEN_XL	8	static
LSM6DS3_ACC_GYRO_driver.c:3508:11:LSM6DS3_ACC_GYRO_W_SOFT	24	static
LSM6DS3_ACC_GYRO_driver.c:3531:10:LSM6DS3_ACC_GYRO_R_SOFT	8	static
LSM6DS3_ACC_GYRO_driver.c:3548:11:LSM6DS3_ACC_GYRO_W_SignifcantMotion	24	static
LSM6DS3_ACC_GYRO_driver.c:3571:10:LSM6DS3_ACC_GYRO_R_SignifcantMotion	8	static
LSM6DS3_ACC_GYRO_driver.c:3588:11:LSM6DS3_ACC_GYRO_W_PedoStepReset	24	static
LSM6DS3_ACC_GYRO_driver.c:3611:10:LSM6DS3_ACC_GYRO_R_PedoStepReset	8	static
LSM6DS3_ACC_GYRO_driver.c:3628:11:LSM6DS3_ACC_GYRO_W_XEN_G	24	static
LSM6DS3_ACC_GYRO_driver.c:3651:10:LSM6DS3_ACC_GYRO_R_XEN_G	8	static
LSM6DS3_ACC_GYRO_driver.c:3668:11:LSM6DS3_ACC_GYRO_W_YEN_G	24	static
LSM6DS3_ACC_GYRO_driver.c:3691:10:LSM6DS3_ACC_GYRO_R_YEN_G	8	static
LSM6DS3_ACC_GYRO_driver.c:3708:11:LSM6DS3_ACC_GYRO_W_ZEN_G	24	static
LSM6DS3_ACC_GYRO_driver.c:3731:10:LSM6DS3_ACC_GYRO_R_ZEN_G	8	static
LSM6DS3_ACC_GYRO_driver.c:3748:11:LSM6DS3_ACC_GYRO_W_FUNC_EN	24	static
LSM6DS3_ACC_GYRO_driver.c:3771:10:LSM6DS3_ACC_GYRO_R_FUNC_EN	8	static
LSM6DS3_ACC_GYRO_driver.c:3788:11:LSM6DS3_ACC_GYRO_W_I2C_MASTER_Enable	24	static
LSM6DS3_ACC_GYRO_driver.c:3811:10:LSM6DS3_ACC_GYRO_R_I2C_MASTER_Enable	8	static
LSM6DS3_ACC_GYRO_driver.c:3828:11:LSM6DS3_ACC_GYRO_W_IronCorrection_EN	24	static
LSM6DS3_ACC_GYRO_driver.c:3851:10:LSM6DS3_ACC_GYRO_R_IronCorrection_EN	8	static
LSM6DS3_ACC_GYRO_driver.c:3868:11:LSM6DS3_ACC_GYRO_W_PASS_THRU_MODE	24	static
LSM6DS3_ACC_GYRO_driver.c:3891:10:LSM6DS3_ACC_GYRO_R_PASS_THRU_MODE	8	static
LSM6DS3_ACC_GYRO_driver.c:3908:11:LSM6DS3_ACC_GYRO_W_PULL_UP_EN	24	static
LSM6DS3_ACC_GYRO_driver.c:3931:10:LSM6DS3_ACC_GYRO_R_PULL_UP_EN	8	static
LSM6DS3_ACC_GYRO_driver.c:3948:11:LSM6DS3_ACC_GYRO_W_SensorHUB_Trigger_Sel	24	static
LSM6DS3_ACC_GYRO_driver.c:3971:10:LSM6DS3_ACC_GYRO_R_SensorHUB_Trigger_Sel	8	static
LSM6DS3_ACC_GYRO_driver.c:3988:11:LSM6DS3_ACC_GYRO_W_DATA_VAL_SEL_FIFO	24	static
LSM6DS3_ACC_GYRO_driver.c:4011:10:LSM6DS3_ACC_GYRO_R_DATA_VAL_SEL_FIFO	8	static
LSM6DS3_ACC_GYRO_driver.c:4028:11:LSM6DS3_ACC_GYRO_W_DRDY_ON_INT1	24	static
LSM6DS3_ACC_GYRO_driver.c:4051:10:LSM6DS3_ACC_GYRO_R_DRDY_ON_INT1	8	static
LSM6DS3_ACC_GYRO_driver.c:4068:10:LSM6DS3_ACC_GYRO_R_Z_WU	8	static
LSM6DS3_ACC_GYRO_driver.c:4085:10:LSM6DS3_ACC_GYRO_R_Y_WU	8	static
LSM6DS3_ACC_GYRO_driver.c:4102:10:LSM6DS3_ACC_GYRO_R_X_WU	8	static
LSM6DS3_ACC_GYRO_driver.c:4119:10:LSM6DS3_ACC_GYRO_R_WU_EV_STATUS	8	static
LSM6DS3_ACC_GYRO_driver.c:4136:10:LSM6DS3_ACC_GYRO_R_SLEEP_EV_STATUS	8	static
LSM6DS3_ACC_GYRO_driver.c:4153:10:LSM6DS3_ACC_GYRO_R_FF_EV_STATUS	8	static
LSM6DS3_ACC_GYRO_driver.c:4170:10:LSM6DS3_ACC_GYRO_R_Z_TAP	8	static
LSM6DS3_ACC_GYRO_driver.c:4187:10:LSM6DS3_ACC_GYRO_R_Y_TAP	8	static
LSM6DS3_ACC_GYRO_driver.c:4204:10:LSM6DS3_ACC_GYRO_R_X_TAP	8	static
LSM6DS3_ACC_GYRO_driver.c:4221:10:LSM6DS3_ACC_GYRO_R_TAP_SIGN	8	static
LSM6DS3_ACC_GYRO_driver.c:4238:10:LSM6DS3_ACC_GYRO_R_DOUBLE_TAP_EV_STATUS	8	static
LSM6DS3_ACC_GYRO_driver.c:4255:10:LSM6DS3_ACC_GYRO_R_SINGLE_TAP_EV_STATUS	8	static
LSM6DS3_ACC_GYRO_driver.c:4272:10:LSM6DS3_ACC_GYRO_R_TAP_EV_STATUS	8	static
LSM6DS3_ACC_GYRO_driver.c:4289:10:LSM6DS3_ACC_GYRO_R_DSD_XL	8	static
LSM6DS3_ACC_GYRO_driver.c:4306:10:LSM6DS3_ACC_GYRO_R_DSD_XH	8	static
LSM6DS3_ACC_GYRO_driver.c:4323:10:LSM6DS3_ACC_GYRO_R_DSD_YL	8	static
LSM6DS3_ACC_GYRO_driver.c:4340:10:LSM6DS3_ACC_GYRO_R_DSD_YH	8	static
LSM6DS3_ACC_GYRO_driver.c:4357:10:LSM6DS3_ACC_GYRO_R_DSD_ZL	8	static
LSM6DS3_ACC_GYRO_driver.c:4374:10:LSM6DS3_ACC_GYRO_R_DSD_ZH	8	static
LSM6DS3_ACC_GYRO_driver.c:4391:10:LSM6DS3_ACC_GYRO_R_D6D_EV_STATUS	8	static
LSM6DS3_ACC_GYRO_driver.c:4408:10:LSM6DS3_ACC_GYRO_R_XLDA	8	static
LSM6DS3_ACC_GYRO_driver.c:4425:10:LSM6DS3_ACC_GYRO_R_GDA	8	static
LSM6DS3_ACC_GYRO_driver.c:4442:10:LSM6DS3_ACC_GYRO_R_TDA	8	static
LSM6DS3_ACC_GYRO_driver.c:4459:10:LSM6DS3_ACC_GYRO_R_EV_BOOT	8	static
LSM6DS3_ACC_GYRO_driver.c:4476:10:LSM6DS3_ACC_GYRO_R_FIFONumOfEntries	24	static
LSM6DS3_ACC_GYRO_driver.c:4506:10:LSM6DS3_ACC_GYRO_R_FIFOEmpty	8	static
LSM6DS3_ACC_GYRO_driver.c:4523:10:LSM6DS3_ACC_GYRO_R_FIFOFull	8	static
LSM6DS3_ACC_GYRO_driver.c:4540:10:LSM6DS3_ACC_GYRO_R_OVERRUN	8	static
LSM6DS3_ACC_GYRO_driver.c:4557:10:LSM6DS3_ACC_GYRO_R_WaterMark	8	static
LSM6DS3_ACC_GYRO_driver.c:4574:10:LSM6DS3_ACC_GYRO_R_FIFOPattern	24	static
LSM6DS3_ACC_GYRO_driver.c:4604:10:LSM6DS3_ACC_GYRO_R_SENS_HUB_END	8	static
LSM6DS3_ACC_GYRO_driver.c:4621:10:LSM6DS3_ACC_GYRO_R_SOFT_IRON_END	8	static
LSM6DS3_ACC_GYRO_driver.c:4638:10:LSM6DS3_ACC_GYRO_R_STEP_OVERFLOW	8	static
LSM6DS3_ACC_GYRO_driver.c:4655:10:LSM6DS3_ACC_GYRO_R_STEP_COUNT_DELTA	8	static
LSM6DS3_ACC_GYRO_driver.c:4672:10:LSM6DS3_ACC_GYRO_R_PEDO_EV_STATUS	8	static
LSM6DS3_ACC_GYRO_driver.c:4689:10:LSM6DS3_ACC_GYRO_R_TILT_EV_STATUS	8	static
LSM6DS3_ACC_GYRO_driver.c:4706:10:LSM6DS3_ACC_GYRO_R_SIGN_MOT_EV_STATUS	8	static
LSM6DS3_ACC_GYRO_driver.c:4723:11:LSM6DS3_ACC_GYRO_W_LIR	24	static
LSM6DS3_ACC_GYRO_driver.c:4746:10:LSM6DS3_ACC_GYRO_R_LIR	8	static
LSM6DS3_ACC_GYRO_driver.c:4763:11:LSM6DS3_ACC_GYRO_W_TAP_Z_EN	24	static
LSM6DS3_ACC_GYRO_driver.c:4786:10:LSM6DS3_ACC_GYRO_R_TAP_Z_EN	8	static
LSM6DS3_ACC_GYRO_driver.c:4803:11:LSM6DS3_ACC_GYRO_W_TAP_Y_EN	24	static
LSM6DS3_ACC_GYRO_driver.c:4826:10:LSM6DS3_ACC_GYRO_R_TAP_Y_EN	8	static
LSM6DS3_ACC_GYRO_driver.c:4843:11:LSM6DS3_ACC_GYRO_W_TAP_X_EN	24	static
LSM6DS3_ACC_GYRO_driver.c:4866:10:LSM6DS3_ACC_GYRO_R_TAP_X_EN	8	static
LSM6DS3_ACC_GYRO_driver.c:4883:11:LSM6DS3_ACC_GYRO_W_TILT_EN	24	static
LSM6DS3_ACC_GYRO_driver.c:4906:10:LSM6DS3_ACC_GYRO_R_TILT_EN	8	static
LSM6DS3_ACC_GYRO_driver.c:4923:11:LSM6DS3_ACC_GYRO_W_SLOPE_FDS	24	static
LSM6DS3_ACC_GYRO_driver.c:4946:10:LSM6DS3_ACC_GYRO_R_SLOPE_FDS	8	static
LSM6DS3_ACC_GYRO_driver.c:4963:11:LSM6DS3_ACC_GYRO_W_PEDO_EN	24	static
LSM6DS3_ACC_GYRO_driver.c:4986:10:LSM6DS3_ACC_GYRO_R_PEDO_EN	8	static
LSM6DS3_ACC_GYRO_driver.c:5003:11:LSM6DS3_ACC_GYRO_W_TIMER_EN	24	static
LSM6DS3_ACC_GYRO_driver.c:5026:10:LSM6DS3_ACC_GYRO_R_TIMER_EN	8	static
LSM6DS3_ACC_GYRO_driver.c:5043:11:LSM6DS3_ACC_GYRO_W_TAP_THS	24	static
LSM6DS3_ACC_GYRO_driver.c:5069:10:LSM6DS3_ACC_GYRO_R_TAP_THS	8	static
LSM6DS3_ACC_GYRO_driver.c:5087:11:LSM6DS3_ACC_GYRO_W_SIXD_THS	24	static
LSM6DS3_ACC_GYRO_driver.c:5110:10:LSM6DS3_ACC_GYRO_R_SIXD_THS	8	static
LSM6DS3_ACC_GYRO_driver.c:5127:11:LSM6DS3_ACC_GYRO_W_D4D	24	static
LSM6DS3_ACC_GYRO_driver.c:5150:10:LSM6DS3_ACC_GYRO_R_D4D	8	static
LSM6DS3_ACC_GYRO_driver.c:5167:11:LSM6DS3_ACC_GYRO_W_SHOCK_Duration	24	static
LSM6DS3_ACC_GYRO_driver.c:5193:10:LSM6DS3_ACC_GYRO_R_SHOCK_Duration	8	static
LSM6DS3_ACC_GYRO_driver.c:5211:11:LSM6DS3_ACC_GYRO_W_QUIET_Duration	24	static
LSM6DS3_ACC_GYRO_driver.c:5237:10:LSM6DS3_ACC_GYRO_R_QUIET_Duration	8	static
LSM6DS3_ACC_GYRO_driver.c:5255:11:LSM6DS3_ACC_GYRO_W_DUR	24	static
LSM6DS3_ACC_GYRO_driver.c:5281:10:LSM6DS3_ACC_GYRO_R_DUR	8	static
LSM6DS3_ACC_GYRO_driver.c:5299:11:LSM6DS3_ACC_GYRO_W_WK_THS	24	static
LSM6DS3_ACC_GYRO_driver.c:5325:10:LSM6DS3_ACC_GYRO_R_WK_THS	8	static
LSM6DS3_ACC_GYRO_driver.c:5343:11:LSM6DS3_ACC_GYRO_W_INACTIVITY_ON	24	static
LSM6DS3_ACC_GYRO_driver.c:5366:10:LSM6DS3_ACC_GYRO_R_INACTIVITY_ON	8	static
LSM6DS3_ACC_GYRO_driver.c:5383:11:LSM6DS3_ACC_GYRO_W_SINGLE_DOUBLE_TAP_EV	24	static
LSM6DS3_ACC_GYRO_driver.c:5406:10:LSM6DS3_ACC_GYRO_R_SINGLE_DOUBLE_TAP_EV	8	static
LSM6DS3_ACC_GYRO_driver.c:5423:11:LSM6DS3_ACC_GYRO_W_SLEEP_DUR	24	static
LSM6DS3_ACC_GYRO_driver.c:5449:10:LSM6DS3_ACC_GYRO_R_SLEEP_DUR	8	static
LSM6DS3_ACC_GYRO_driver.c:5467:11:LSM6DS3_ACC_GYRO_W_TIMER_HR	24	static
LSM6DS3_ACC_GYRO_driver.c:5490:10:LSM6DS3_ACC_GYRO_R_TIMER_HR	8	static
LSM6DS3_ACC_GYRO_driver.c:5507:11:LSM6DS3_ACC_GYRO_W_WAKE_DUR	24	static
LSM6DS3_ACC_GYRO_driver.c:5533:10:LSM6DS3_ACC_GYRO_R_WAKE_DUR	8	static
LSM6DS3_ACC_GYRO_driver.c:5551:11:LSM6DS3_ACC_GYRO_W_FF_THS	24	static
LSM6DS3_ACC_GYRO_driver.c:5574:10:LSM6DS3_ACC_GYRO_R_FF_THS	8	static
LSM6DS3_ACC_GYRO_driver.c:5591:11:LSM6DS3_ACC_GYRO_W_FF_Duration	24	static
LSM6DS3_ACC_GYRO_driver.c:5635:10:LSM6DS3_ACC_GYRO_R_FF_Duration	24	static
LSM6DS3_ACC_GYRO_driver.c:5665:11:LSM6DS3_ACC_GYRO_W_TimerEvRouteInt1	24	static
LSM6DS3_ACC_GYRO_driver.c:5688:10:LSM6DS3_ACC_GYRO_R_TimerEvRouteInt1	8	static
LSM6DS3_ACC_GYRO_driver.c:5705:11:LSM6DS3_ACC_GYRO_W_TiltEvOnInt1	24	static
LSM6DS3_ACC_GYRO_driver.c:5728:10:LSM6DS3_ACC_GYRO_R_TiltEvOnInt1	8	static
LSM6DS3_ACC_GYRO_driver.c:5745:11:LSM6DS3_ACC_GYRO_W_6DEvOnInt1	24	static
LSM6DS3_ACC_GYRO_driver.c:5768:10:LSM6DS3_ACC_GYRO_R_6DEvOnInt1	8	static
LSM6DS3_ACC_GYRO_driver.c:5785:11:LSM6DS3_ACC_GYRO_W_TapEvOnInt1	24	static
LSM6DS3_ACC_GYRO_driver.c:5808:10:LSM6DS3_ACC_GYRO_R_TapEvOnInt1	8	static
LSM6DS3_ACC_GYRO_driver.c:5825:11:LSM6DS3_ACC_GYRO_W_FFEvOnInt1	24	static
LSM6DS3_ACC_GYRO_driver.c:5848:10:LSM6DS3_ACC_GYRO_R_FFEvOnInt1	8	static
LSM6DS3_ACC_GYRO_driver.c:5865:11:LSM6DS3_ACC_GYRO_W_WUEvOnInt1	24	static
LSM6DS3_ACC_GYRO_driver.c:5888:10:LSM6DS3_ACC_GYRO_R_WUEvOnInt1	8	static
LSM6DS3_ACC_GYRO_driver.c:5905:11:LSM6DS3_ACC_GYRO_W_SingleTapOnInt1	24	static
LSM6DS3_ACC_GYRO_driver.c:5928:10:LSM6DS3_ACC_GYRO_R_SingleTapOnInt1	8	static
LSM6DS3_ACC_GYRO_driver.c:5945:11:LSM6DS3_ACC_GYRO_W_SleepEvOnInt1	24	static
LSM6DS3_ACC_GYRO_driver.c:5968:10:LSM6DS3_ACC_GYRO_R_SleepEvOnInt1	8	static
LSM6DS3_ACC_GYRO_driver.c:5985:11:LSM6DS3_ACC_GYRO_W_TimerEvRouteInt2	24	static
LSM6DS3_ACC_GYRO_driver.c:6008:10:LSM6DS3_ACC_GYRO_R_TimerEvRouteInt2	8	static
LSM6DS3_ACC_GYRO_driver.c:6025:11:LSM6DS3_ACC_GYRO_W_TiltEvOnInt2	24	static
LSM6DS3_ACC_GYRO_driver.c:6048:10:LSM6DS3_ACC_GYRO_R_TiltEvOnInt2	8	static
LSM6DS3_ACC_GYRO_driver.c:6065:11:LSM6DS3_ACC_GYRO_W_6DEvOnInt2	24	static
LSM6DS3_ACC_GYRO_driver.c:6088:10:LSM6DS3_ACC_GYRO_R_6DEvOnInt2	8	static
LSM6DS3_ACC_GYRO_driver.c:6104:11:LSM6DS3_ACC_GYRO_W_TapEvOnInt2	24	static
LSM6DS3_ACC_GYRO_driver.c:6127:10:LSM6DS3_ACC_GYRO_R_TapEvOnInt2	8	static
LSM6DS3_ACC_GYRO_driver.c:6144:11:LSM6DS3_ACC_GYRO_W_FFEvOnInt2	24	static
LSM6DS3_ACC_GYRO_driver.c:6167:10:LSM6DS3_ACC_GYRO_R_FFEvOnInt2	8	static
LSM6DS3_ACC_GYRO_driver.c:6184:11:LSM6DS3_ACC_GYRO_W_WUEvOnInt2	24	static
LSM6DS3_ACC_GYRO_driver.c:6207:10:LSM6DS3_ACC_GYRO_R_WUEvOnInt2	8	static
LSM6DS3_ACC_GYRO_driver.c:6224:11:LSM6DS3_ACC_GYRO_W_SingleTapOnInt2	24	static
LSM6DS3_ACC_GYRO_driver.c:6247:10:LSM6DS3_ACC_GYRO_R_SingleTapOnInt2	8	static
LSM6DS3_ACC_GYRO_driver.c:6264:11:LSM6DS3_ACC_GYRO_W_SleepEvOnInt2	24	static
LSM6DS3_ACC_GYRO_driver.c:6287:10:LSM6DS3_ACC_GYRO_R_SleepEvOnInt2	8	static
LSM6DS3_ACC_GYRO_driver.c:6304:10:LSM6DS3_ACC_GYRO_Get_GetFIFOData	16	static
LSM6DS3_ACC_GYRO_driver.c:6332:10:LSM6DS3_ACC_GYRO_Get_GetTimestamp	16	static
LSM6DS3_ACC_GYRO_driver.c:6360:10:LSM6DS3_ACC_GYRO_Get_GetStepCounter	16	static
LSM6DS3_ACC_GYRO_driver.c:6388:11:LSM6DS3_ACC_GYRO_W_PedoThreshold	24	static
LSM6DS3_ACC_GYRO_driver.c:6418:10:LSM6DS3_ACC_GYRO_SH_init_SI_Matrix	24	static
LSM6DS3_ACC_GYRO_driver.c:6433:10:LSM6DS3_ACC_GYRO_SH0_Program	32	static
LSM6DS3_ACC_GYRO_driver.c:6462:10:LSM6DS3_ACC_GYRO_SH0_ReadMem	32	static
LSM6DS3_ACC_GYRO_driver.c:6489:10:LSM6DS3_ACC_GYRO_SH0_WriteByte	32	static
