LSM6DS3_ACC_GYRO_driver_HL.c:4211:25:LSM6DS3_FIFO_Set_Watermark_Level	8	static
LSM6DS3_ACC_GYRO_driver_HL.c:668:25:LSM6DS3_X_Get_Sensitivity	16	static
LSM6DS3_ACC_GYRO_driver_HL.c:833:25:LSM6DS3_X_Get_FS	16	static
LSM6DS3_ACC_GYRO_driver_HL.c:3984:25:LSM6DS3_FIFO_Get_Num_Of_Samples	8	static
LSM6DS3_ACC_GYRO_driver_HL.c:3964:25:LSM6DS3_FIFO_Get_Data	8	static
LSM6DS3_ACC_GYRO_driver_HL.c:3944:25:LSM6DS3_FIFO_Get_Pattern	8	static
LSM6DS3_ACC_GYRO_driver_HL.c:3910:25:LSM6DS3_FIFO_Get_Overrun_Status	16	static
LSM6DS3_ACC_GYRO_driver_HL.c:3874:25:LSM6DS3_FIFO_Get_Empty_Status	16	static
LSM6DS3_ACC_GYRO_driver_HL.c:3838:25:LSM6DS3_FIFO_Get_Full_Status	16	static
LSM6DS3_ACC_GYRO_driver_HL.c:3803:25:LSM6DS3_FIFO_Set_ODR_Value	8	static
LSM6DS3_ACC_GYRO_driver_HL.c:1008:25:LSM6DS3_X_Read_Reg	8	static
LSM6DS3_ACC_GYRO_driver_HL.c:3695:25:LSM6DS3_X_Get_Event_Status	24	static
LSM6DS3_ACC_GYRO_driver_HL.c:3662:25:LSM6DS3_X_Get_6D_Orientation_ZH	16	static
LSM6DS3_ACC_GYRO_driver_HL.c:3628:25:LSM6DS3_X_Get_6D_Orientation_ZL	16	static
LSM6DS3_ACC_GYRO_driver_HL.c:3594:25:LSM6DS3_X_Get_6D_Orientation_YH	16	static
LSM6DS3_ACC_GYRO_driver_HL.c:3560:25:LSM6DS3_X_Get_6D_Orientation_YL	16	static
LSM6DS3_ACC_GYRO_driver_HL.c:3526:25:LSM6DS3_X_Get_6D_Orientation_XH	16	static
LSM6DS3_ACC_GYRO_driver_HL.c:3492:25:LSM6DS3_X_Get_6D_Orientation_XL	16	static
LSM6DS3_ACC_GYRO_driver_HL.c:3458:25:LSM6DS3_X_Get_6D_Orientation_Status	16	static
LSM6DS3_ACC_GYRO_driver_HL.c:911:25:LSM6DS3_X_Set_FS_Value	8	static
LSM6DS3_ACC_GYRO_driver_HL.c:874:25:LSM6DS3_X_Set_FS	8	static
LSM6DS3_ACC_GYRO_driver_HL.c:3350:25:LSM6DS3_X_Set_Tap_Duration_Time	8	static
LSM6DS3_ACC_GYRO_driver_HL.c:3330:25:LSM6DS3_X_Set_Tap_Quiet_Time	8	static
LSM6DS3_ACC_GYRO_driver_HL.c:3310:25:LSM6DS3_X_Set_Tap_Shock_Time	8	static
LSM6DS3_ACC_GYRO_driver_HL.c:3290:25:LSM6DS3_X_Set_Tap_Threshold	8	static
LSM6DS3_ACC_GYRO_driver_HL.c:3254:25:LSM6DS3_X_Get_Double_Tap_Detection_Status	16	static
LSM6DS3_ACC_GYRO_driver_HL.c:3044:25:LSM6DS3_X_Get_Single_Tap_Detection_Status	16	static
LSM6DS3_ACC_GYRO_driver_HL.c:2868:25:LSM6DS3_X_Set_Wake_Up_Threshold	8	static
LSM6DS3_ACC_GYRO_driver_HL.c:2834:25:LSM6DS3_X_Get_Wake_Up_Detection_Status	16	static
LSM6DS3_ACC_GYRO_driver_HL.c:2700:25:LSM6DS3_X_Get_Tilt_Detection_Status	16	static
LSM6DS3_ACC_GYRO_driver_HL.c:2580:25:LSM6DS3_X_Set_Pedometer_Threshold	8	static
LSM6DS3_ACC_GYRO_driver_HL.c:2560:25:LSM6DS3_X_Disable_Step_Counter_Reset	8	static
LSM6DS3_ACC_GYRO_driver_HL.c:2541:25:LSM6DS3_X_Enable_Step_Counter_Reset	8	static
LSM6DS3_ACC_GYRO_driver_HL.c:2522:25:LSM6DS3_X_Get_Step_Count	8	static
LSM6DS3_ACC_GYRO_driver_HL.c:2488:25:LSM6DS3_X_Get_Pedometer_Status	16	static
LSM6DS3_ACC_GYRO_driver_HL.c:2378:25:LSM6DS3_X_Set_Free_Fall_Threshold	8	static
LSM6DS3_ACC_GYRO_driver_HL.c:2344:25:LSM6DS3_X_Get_Free_Fall_Detection_Status	16	static
LSM6DS3_ACC_GYRO_driver_HL.c:1510:25:LSM6DS3_G_Get_FS	24	static
LSM6DS3_ACC_GYRO_driver_HL.c:1049:25:LSM6DS3_X_Get_DRDY_Status	16	static
LSM6DS3_ACC_GYRO_driver_HL.c:1029:25:LSM6DS3_X_Write_Reg	16	static
LSM6DS3_ACC_GYRO_driver_HL.c:938:25:LSM6DS3_X_Get_Axes_Status	24	static
LSM6DS3_ACC_GYRO_driver_HL.c:711:25:LSM6DS3_X_Get_ODR	16	static
LSM6DS3_ACC_GYRO_driver_HL.c:581:25:LSM6DS3_X_Get_WhoAmI	8	static
LSM6DS3_ACC_GYRO_driver_HL.c:1754:25:LSM6DS3_G_Get_DRDY_Status	16	static
LSM6DS3_ACC_GYRO_driver_HL.c:1643:25:LSM6DS3_G_Get_Axes_Status	24	static
LSM6DS3_ACC_GYRO_driver_HL.c:1564:25:LSM6DS3_G_Set_FS	8	static
LSM6DS3_ACC_GYRO_driver_HL.c:1394:25:LSM6DS3_G_Get_ODR	16	static
LSM6DS3_ACC_GYRO_driver_HL.c:4276:25:LSM6DS3_X_Set_SelfTest	8	static
LSM6DS3_ACC_GYRO_driver_HL.c:4261:25:LSM6DS3_X_Set_Interrupt_Latch	8	static
LSM6DS3_ACC_GYRO_driver_HL.c:4231:25:LSM6DS3_FIFO_Set_Stop_On_Fth	8	static
LSM6DS3_ACC_GYRO_driver_HL.c:4181:25:LSM6DS3_FIFO_Set_INT1_FIFO_Full	8	static
LSM6DS3_ACC_GYRO_driver_HL.c:4148:25:LSM6DS3_FIFO_Set_Mode	8	static
LSM6DS3_ACC_GYRO_driver_HL.c:4004:25:LSM6DS3_FIFO_X_Set_Decimation	8	static
LSM6DS3_ACC_GYRO_driver_HL.c:3424:25:LSM6DS3_X_Disable_6D_Orientation	8	static
LSM6DS3_ACC_GYRO_driver_HL.c:773:25:LSM6DS3_X_Set_ODR	8	static
LSM6DS3_ACC_GYRO_driver_HL.c:3177:25:LSM6DS3_X_Disable_Double_Tap_Detection	8	static
LSM6DS3_ACC_GYRO_driver_HL.c:2976:25:LSM6DS3_X_Disable_Single_Tap_Detection	8	static
LSM6DS3_ACC_GYRO_driver_HL.c:2794:25:LSM6DS3_X_Disable_Wake_Up_Detection	8	static
LSM6DS3_ACC_GYRO_driver_HL.c:2660:25:LSM6DS3_X_Disable_Tilt_Detection	8	static
LSM6DS3_ACC_GYRO_driver_HL.c:2448:25:LSM6DS3_X_Disable_Pedometer	8	static
LSM6DS3_ACC_GYRO_driver_HL.c:2304:25:LSM6DS3_X_Disable_Free_Fall_Detection	8	static
LSM6DS3_ACC_GYRO_driver_HL.c:4323:25:LSM6DS3_G_Set_SelfTest	8	static
LSM6DS3_ACC_GYRO_driver_HL.c:1335:25:LSM6DS3_G_Get_Sensitivity	24	static
LSM6DS3_ACC_GYRO_driver_HL.c:4040:25:LSM6DS3_FIFO_G_Set_Decimation	8	static
LSM6DS3_ACC_GYRO_driver_HL.c:974:25:LSM6DS3_X_Set_Axes_Status	16	static
LSM6DS3_ACC_GYRO_driver_HL.c:1679:25:LSM6DS3_G_Set_Axes_Status	16	static
LSM6DS3_ACC_GYRO_driver_HL.c:1601:25:LSM6DS3_G_Set_FS_Value	16	static
LSM6DS3_ACC_GYRO_driver_HL.c:1480:25:LSM6DS3_G_Set_ODR_Value	8	static
LSM6DS3_ACC_GYRO_driver_HL.c:1450:25:LSM6DS3_G_Set_ODR	8	static
LSM6DS3_ACC_GYRO_driver_HL.c:1245:25:LSM6DS3_G_Get_WhoAmI	8	static
LSM6DS3_ACC_GYRO_driver_HL.c:803:25:LSM6DS3_X_Set_ODR_Value	8	static
LSM6DS3_ACC_GYRO_driver_HL.c:1713:25:LSM6DS3_G_Read_Reg	8	static
LSM6DS3_ACC_GYRO_driver_HL.c:1734:25:LSM6DS3_G_Write_Reg	16	static
LSM6DS3_ACC_GYRO_driver_HL.c:4308:25:LSM6DS3_G_Set_Interrupt_Latch	8	static
LSM6DS3_ACC_GYRO_driver_HL.c:3081:25:LSM6DS3_X_Enable_Double_Tap_Detection	16	static
LSM6DS3_ACC_GYRO_driver_HL.c:2601:25:LSM6DS3_X_Enable_Tilt_Detection	16	static
LSM6DS3_ACC_GYRO_driver_HL.c:2398:25:LSM6DS3_X_Enable_Pedometer	8	static
LSM6DS3_ACC_GYRO_driver_HL.c:1307:25:LSM6DS3_G_Get_AxesRaw	32	static
LSM6DS3_ACC_GYRO_driver_HL.c:640:25:LSM6DS3_X_Get_AxesRaw	32	static
LSM6DS3_ACC_GYRO_driver_HL.c:1179:25:LSM6DS3_G_Sensor_Enable	8	static
LSM6DS3_ACC_GYRO_driver_HL.c:593:25:LSM6DS3_X_Check_WhoAmI	16	static
LSM6DS3_ACC_GYRO_driver_HL.c:1258:25:LSM6DS3_G_Check_WhoAmI	16	static
LSM6DS3_ACC_GYRO_driver_HL.c:515:25:LSM6DS3_X_Sensor_Enable	8	static
LSM6DS3_ACC_GYRO_driver_HL.c:2735:25:LSM6DS3_X_Enable_Wake_Up_Detection	16	static
LSM6DS3_ACC_GYRO_driver_HL.c:3371:25:LSM6DS3_X_Enable_6D_Orientation	16	static
LSM6DS3_ACC_GYRO_driver_HL.c:2227:25:LSM6DS3_X_Enable_Free_Fall_Detection	16	static
LSM6DS3_ACC_GYRO_driver_HL.c:2889:25:LSM6DS3_X_Enable_Single_Tap_Detection	16	static
LSM6DS3_ACC_GYRO_driver_HL.c:1272:25:LSM6DS3_G_Get_Axes	56	static
LSM6DS3_ACC_GYRO_driver_HL.c:4112:25:LSM6DS3_FIFO_G_Get_Axis	32	static
LSM6DS3_ACC_GYRO_driver_HL.c:607:25:LSM6DS3_X_Get_Axes	40	static
LSM6DS3_ACC_GYRO_driver_HL.c:4076:25:LSM6DS3_FIFO_X_Get_Axis	24	static
LSM6DS3_ACC_GYRO_driver_HL.c:1209:25:LSM6DS3_G_Sensor_Disable	24	static
LSM6DS3_ACC_GYRO_driver_HL.c:545:25:LSM6DS3_X_Sensor_Disable	24	static
LSM6DS3_ACC_GYRO_driver_HL.c:1147:25:LSM6DS3_G_DeInit	24	static
LSM6DS3_ACC_GYRO_driver_HL.c:440:25:LSM6DS3_X_DeInit	24	static
LSM6DS3_ACC_GYRO_driver_HL.c:1082:25:LSM6DS3_G_Init	24	static
LSM6DS3_ACC_GYRO_driver_HL.c:375:25:LSM6DS3_X_Init	24	static
