LSM6DS0_ACC_GYRO_driver.c:76:10:LSM6DS0_ACC_GYRO_WriteReg	8	static
LSM6DS0_ACC_GYRO_driver.c:92:10:LSM6DS0_ACC_GYRO_ReadReg	8	static
LSM6DS0_ACC_GYRO_driver.c:109:10:LSM6DS0_ACC_GYRO_R_WHO_AM_I_	8	static
LSM6DS0_ACC_GYRO_driver.c:127:11:LSM6DS0_ACC_GYRO_W_GyroFullScale	24	static
LSM6DS0_ACC_GYRO_driver.c:150:10:LSM6DS0_ACC_GYRO_R_GyroFullScale	8	static
LSM6DS0_ACC_GYRO_driver.c:167:11:LSM6DS0_ACC_GYRO_W_GyroDataRate	24	static
LSM6DS0_ACC_GYRO_driver.c:190:10:LSM6DS0_ACC_GYRO_R_GyroDataRate	8	static
LSM6DS0_ACC_GYRO_driver.c:207:11:LSM6DS0_ACC_GYRO_W_AccelerometerFullScale	24	static
LSM6DS0_ACC_GYRO_driver.c:230:10:LSM6DS0_ACC_GYRO_R_AccelerometerFullScale	8	static
LSM6DS0_ACC_GYRO_driver.c:247:11:LSM6DS0_ACC_GYRO_W_AccelerometerDataRate	24	static
LSM6DS0_ACC_GYRO_driver.c:270:10:LSM6DS0_ACC_GYRO_R_AccelerometerDataRate	8	static
LSM6DS0_ACC_GYRO_driver.c:287:11:LSM6DS0_ACC_GYRO_W_BlockDataUpdate	24	static
LSM6DS0_ACC_GYRO_driver.c:310:10:LSM6DS0_ACC_GYRO_R_BlockDataUpdate	8	static
LSM6DS0_ACC_GYRO_driver.c:327:10:LSM6DS0_ACC_GYRO_Get_AngularRate	16	static
LSM6DS0_ACC_GYRO_driver.c:355:10:LSM6DS0_ACC_GYRO_Get_Acceleration	16	static
LSM6DS0_ACC_GYRO_driver.c:384:11:LSM6DS0_ACC_GYRO_W_GyroInactivityThreshold	24	static
LSM6DS0_ACC_GYRO_driver.c:410:10:LSM6DS0_ACC_GYRO_R_GyroInactivityThreshold	8	static
LSM6DS0_ACC_GYRO_driver.c:428:11:LSM6DS0_ACC_GYRO_W_GyroInactivityMode	24	static
LSM6DS0_ACC_GYRO_driver.c:451:10:LSM6DS0_ACC_GYRO_R_GyroInactivityMode	8	static
LSM6DS0_ACC_GYRO_driver.c:468:11:LSM6DS0_ACC_GYRO_W_GyroInactivityDuration	24	static
LSM6DS0_ACC_GYRO_driver.c:494:10:LSM6DS0_ACC_GYRO_R_GyroInactivityDuration	8	static
LSM6DS0_ACC_GYRO_driver.c:513:11:LSM6DS0_ACC_GYRO_W_InterruptAccelerometer_Low_AxisX	24	static
LSM6DS0_ACC_GYRO_driver.c:536:10:LSM6DS0_ACC_GYRO_R_InterruptAccelerometer_Low_AxisX	8	static
LSM6DS0_ACC_GYRO_driver.c:554:11:LSM6DS0_ACC_GYRO_W_InterruptAccelerometer_High_AxisX	24	static
LSM6DS0_ACC_GYRO_driver.c:577:10:LSM6DS0_ACC_GYRO_R_InterruptAccelerometer_High_AxisX	8	static
LSM6DS0_ACC_GYRO_driver.c:595:11:LSM6DS0_ACC_GYRO_W_InterruptAccelerometer_Low_AxisY	24	static
LSM6DS0_ACC_GYRO_driver.c:618:10:LSM6DS0_ACC_GYRO_R_InterruptAccelerometer_Low_AxisY	8	static
LSM6DS0_ACC_GYRO_driver.c:636:11:LSM6DS0_ACC_GYRO_W_InterruptAccelerometer_High_AxisY	24	static
LSM6DS0_ACC_GYRO_driver.c:660:10:LSM6DS0_ACC_GYRO_R_InterruptAccelerometer_High_AxisY	8	static
LSM6DS0_ACC_GYRO_driver.c:678:11:LSM6DS0_ACC_GYRO_W_InterruptAccelerometer_Low_AxisZ	24	static
LSM6DS0_ACC_GYRO_driver.c:701:10:LSM6DS0_ACC_GYRO_R_InterruptAccelerometer_Low_AxisZ	8	static
LSM6DS0_ACC_GYRO_driver.c:719:11:LSM6DS0_ACC_GYRO_W_InterruptAccelerometer_High_AxisZ	24	static
LSM6DS0_ACC_GYRO_driver.c:742:10:LSM6DS0_ACC_GYRO_R_InterruptAccelerometer_High_AxisZ	8	static
LSM6DS0_ACC_GYRO_driver.c:760:11:LSM6DS0_ACC_GYRO_W_Interrupt6D	24	static
LSM6DS0_ACC_GYRO_driver.c:783:10:LSM6DS0_ACC_GYRO_R_Interrupt6D	8	static
LSM6DS0_ACC_GYRO_driver.c:800:11:LSM6DS0_ACC_GYRO_W_AccelerometerInterruptCombination	24	static
LSM6DS0_ACC_GYRO_driver.c:823:10:LSM6DS0_ACC_GYRO_R_AccelerometerInterruptCombination	8	static
LSM6DS0_ACC_GYRO_driver.c:840:11:LSM6DS0_ACC_GYRO_W_XL_InterruptThresholdAxisX	24	static
LSM6DS0_ACC_GYRO_driver.c:866:10:LSM6DS0_ACC_GYRO_R_XL_InterruptThresholdAxisX	8	static
LSM6DS0_ACC_GYRO_driver.c:884:11:LSM6DS0_ACC_GYRO_W_XL_InterruptThresholdAxisY	24	static
LSM6DS0_ACC_GYRO_driver.c:910:10:LSM6DS0_ACC_GYRO_R_XL_InterruptThresholdAxisY	8	static
LSM6DS0_ACC_GYRO_driver.c:929:11:LSM6DS0_ACC_GYRO_W_XL_InterruptThresholdAxisZ	24	static
LSM6DS0_ACC_GYRO_driver.c:955:10:LSM6DS0_ACC_GYRO_R_XL_InterruptThresholdAxisZ	8	static
LSM6DS0_ACC_GYRO_driver.c:973:11:LSM6DS0_ACC_GYRO_W_XL_InterruptDuration	24	static
LSM6DS0_ACC_GYRO_driver.c:999:10:LSM6DS0_ACC_GYRO_R_XL_InterruptDuration	8	static
LSM6DS0_ACC_GYRO_driver.c:1017:11:LSM6DS0_ACC_GYRO_W_XL_WaitFunction	24	static
LSM6DS0_ACC_GYRO_driver.c:1039:10:LSM6DS0_ACC_GYRO_R_XL_WaitFunction	8	static
LSM6DS0_ACC_GYRO_driver.c:1056:11:LSM6DS0_ACC_GYRO_W_GyroHighPassFilterReference	24	static
LSM6DS0_ACC_GYRO_driver.c:1082:10:LSM6DS0_ACC_GYRO_R_GyroHighPassFilterReference	8	static
LSM6DS0_ACC_GYRO_driver.c:1100:11:LSM6DS0_ACC_GYRO_W_XL_DataReadyOnINT	24	static
LSM6DS0_ACC_GYRO_driver.c:1123:10:LSM6DS0_ACC_GYRO_R_XL_DataReadyOnINT	8	static
LSM6DS0_ACC_GYRO_driver.c:1140:11:LSM6DS0_ACC_GYRO_W_GYRO_DataReadyOnINT	24	static
LSM6DS0_ACC_GYRO_driver.c:1163:10:LSM6DS0_ACC_GYRO_R_GYRO_DataReadyOnINT	8	static
LSM6DS0_ACC_GYRO_driver.c:1180:11:LSM6DS0_ACC_GYRO_W_BOOT_OnINT	24	static
LSM6DS0_ACC_GYRO_driver.c:1203:10:LSM6DS0_ACC_GYRO_R_BOOT_OnINT	8	static
LSM6DS0_ACC_GYRO_driver.c:1220:11:LSM6DS0_ACC_GYRO_W_FIFO_Threshold_OnINT	24	static
LSM6DS0_ACC_GYRO_driver.c:1243:10:LSM6DS0_ACC_GYRO_R_FIFO_Threshold_OnINT	8	static
LSM6DS0_ACC_GYRO_driver.c:1260:11:LSM6DS0_ACC_GYRO_W_Overrun_OnINT	24	static
LSM6DS0_ACC_GYRO_driver.c:1283:10:LSM6DS0_ACC_GYRO_R_Overrun_OnINT	8	static
LSM6DS0_ACC_GYRO_driver.c:1300:11:LSM6DS0_ACC_GYRO_W_FIFO_Full_OnINT	24	static
LSM6DS0_ACC_GYRO_driver.c:1323:10:LSM6DS0_ACC_GYRO_R_FIFO_Full_OnINT	8	static
LSM6DS0_ACC_GYRO_driver.c:1341:11:LSM6DS0_ACC_GYRO_W_Accelerometer_OnINT	24	static
LSM6DS0_ACC_GYRO_driver.c:1364:10:LSM6DS0_ACC_GYRO_R_Accelerometer_OnINT	8	static
LSM6DS0_ACC_GYRO_driver.c:1381:11:LSM6DS0_ACC_GYRO_W_Gyroscope_OnINT	24	static
LSM6DS0_ACC_GYRO_driver.c:1404:10:LSM6DS0_ACC_GYRO_R_Gyroscope_OnINT	8	static
LSM6DS0_ACC_GYRO_driver.c:1422:11:LSM6DS0_ACC_GYRO_W_GyroLowPower	24	static
LSM6DS0_ACC_GYRO_driver.c:1445:10:LSM6DS0_ACC_GYRO_R_GyroLowPower	8	static
LSM6DS0_ACC_GYRO_driver.c:1463:11:LSM6DS0_ACC_GYRO_W_GyroBandwidthSelection	24	static
LSM6DS0_ACC_GYRO_driver.c:1486:10:LSM6DS0_ACC_GYRO_R_GyroBandwidthSelection	8	static
LSM6DS0_ACC_GYRO_driver.c:1504:11:LSM6DS0_ACC_GYRO_W_GYRO_OutMode	24	static
LSM6DS0_ACC_GYRO_driver.c:1527:10:LSM6DS0_ACC_GYRO_R_GYRO_OutMode	8	static
LSM6DS0_ACC_GYRO_driver.c:1545:11:LSM6DS0_ACC_GYRO_W_GYRO_OutIntMode	24	static
LSM6DS0_ACC_GYRO_driver.c:1568:10:LSM6DS0_ACC_GYRO_R_GYRO_OutIntMode	8	static
LSM6DS0_ACC_GYRO_driver.c:1586:11:LSM6DS0_ACC_GYRO_W_GyroHighPassFilterCutOffFrequency	24	static
LSM6DS0_ACC_GYRO_driver.c:1612:10:LSM6DS0_ACC_GYRO_R_GyroHighPassFilterCutOffFrequency	8	static
LSM6DS0_ACC_GYRO_driver.c:1631:11:LSM6DS0_ACC_GYRO_W_GyroHighPassFilter	24	static
LSM6DS0_ACC_GYRO_driver.c:1654:10:LSM6DS0_ACC_GYRO_R_GyroHighPassFilter	8	static
LSM6DS0_ACC_GYRO_driver.c:1672:11:LSM6DS0_ACC_GYRO_W_GYRO_DirectionalUserOrientationX	24	static
LSM6DS0_ACC_GYRO_driver.c:1695:10:LSM6DS0_ACC_GYRO_R_GYRO_DirectionalUserOrientationX	8	static
LSM6DS0_ACC_GYRO_driver.c:1713:11:LSM6DS0_ACC_GYRO_W_GYRO_DirectionalUserOrientationY	24	static
LSM6DS0_ACC_GYRO_driver.c:1736:10:LSM6DS0_ACC_GYRO_R_GYRO_DirectionalUserOrientationY	8	static
LSM6DS0_ACC_GYRO_driver.c:1754:11:LSM6DS0_ACC_GYRO_W_GYRO_DirectionalUserOrientationZ	24	static
LSM6DS0_ACC_GYRO_driver.c:1777:10:LSM6DS0_ACC_GYRO_R_GYRO_DirectionalUserOrientationZ	8	static
LSM6DS0_ACC_GYRO_driver.c:1795:11:LSM6DS0_ACC_GYRO_W_GYRO_SignZ	24	static
LSM6DS0_ACC_GYRO_driver.c:1818:10:LSM6DS0_ACC_GYRO_R_GYRO_SignZ	8	static
LSM6DS0_ACC_GYRO_driver.c:1836:11:LSM6DS0_ACC_GYRO_W_GYRO_SignY	24	static
LSM6DS0_ACC_GYRO_driver.c:1859:10:LSM6DS0_ACC_GYRO_R_GYRO_SignY	8	static
LSM6DS0_ACC_GYRO_driver.c:1877:11:LSM6DS0_ACC_GYRO_W_GYRO_SignX	24	static
LSM6DS0_ACC_GYRO_driver.c:1900:10:LSM6DS0_ACC_GYRO_R_GYRO_SignX	8	static
LSM6DS0_ACC_GYRO_driver.c:1918:10:LSM6DS0_ACC_GYRO_R_InterruptGyroFlag_Low_AxisX	8	static
LSM6DS0_ACC_GYRO_driver.c:1936:10:LSM6DS0_ACC_GYRO_R_InterruptGyroFlag_High_AxisX	8	static
LSM6DS0_ACC_GYRO_driver.c:1954:10:LSM6DS0_ACC_GYRO_R_InterruptGyroFlag_Low_AxisY	8	static
LSM6DS0_ACC_GYRO_driver.c:1972:10:LSM6DS0_ACC_GYRO_R_InterruptGyroFlag_High_AxisY	8	static
LSM6DS0_ACC_GYRO_driver.c:1990:10:LSM6DS0_ACC_GYRO_R_InterruptGyroFlag_Low_AxisZ	8	static
LSM6DS0_ACC_GYRO_driver.c:2008:10:LSM6DS0_ACC_GYRO_R_InterruptGyroFlag_High_AxisZ	8	static
LSM6DS0_ACC_GYRO_driver.c:2026:10:LSM6DS0_ACC_GYRO_R_InterruptGyroFlag	8	static
LSM6DS0_ACC_GYRO_driver.c:2044:10:LSM6DS0_ACC_GYRO_R_AccelerometerDataReadyFlag	8	static
LSM6DS0_ACC_GYRO_driver.c:2062:10:LSM6DS0_ACC_GYRO_R_GyroDataReadyFlag	8	static
LSM6DS0_ACC_GYRO_driver.c:2080:10:LSM6DS0_ACC_GYRO_R_TemperatureDataReadyFlag	8	static
LSM6DS0_ACC_GYRO_driver.c:2098:10:LSM6DS0_ACC_GYRO_R_BootRunningFlag	8	static
LSM6DS0_ACC_GYRO_driver.c:2116:10:LSM6DS0_ACC_GYRO_R_InactivityInterruptFlag	8	static
LSM6DS0_ACC_GYRO_driver.c:2134:10:LSM6DS0_ACC_GYRO_R_GyroInterruptFlag	8	static
LSM6DS0_ACC_GYRO_driver.c:2152:10:LSM6DS0_ACC_GYRO_R_InterruptAccelerometerFlag	8	static
LSM6DS0_ACC_GYRO_driver.c:2169:11:LSM6DS0_ACC_GYRO_W_Interrupt4D	24	static
LSM6DS0_ACC_GYRO_driver.c:2192:10:LSM6DS0_ACC_GYRO_R_Interrupt4D	8	static
LSM6DS0_ACC_GYRO_driver.c:2209:11:LSM6DS0_ACC_GYRO_W_InterruptSignalMode	24	static
LSM6DS0_ACC_GYRO_driver.c:2232:10:LSM6DS0_ACC_GYRO_R_InterruptSignalMode	8	static
LSM6DS0_ACC_GYRO_driver.c:2249:11:LSM6DS0_ACC_GYRO_W_GyroAxisX	24	static
LSM6DS0_ACC_GYRO_driver.c:2272:10:LSM6DS0_ACC_GYRO_R_GyroAxisX	8	static
LSM6DS0_ACC_GYRO_driver.c:2289:11:LSM6DS0_ACC_GYRO_W_GyroAxisY	24	static
LSM6DS0_ACC_GYRO_driver.c:2312:10:LSM6DS0_ACC_GYRO_R_GyroAxisY	8	static
LSM6DS0_ACC_GYRO_driver.c:2330:11:LSM6DS0_ACC_GYRO_W_GyroAxisZ	24	static
LSM6DS0_ACC_GYRO_driver.c:2353:10:LSM6DS0_ACC_GYRO_R_GyroAxisZ	8	static
LSM6DS0_ACC_GYRO_driver.c:2371:11:LSM6DS0_ACC_GYRO_W_AccelerometerAxisX	24	static
LSM6DS0_ACC_GYRO_driver.c:2394:10:LSM6DS0_ACC_GYRO_R_AccelerometerAxisX	8	static
LSM6DS0_ACC_GYRO_driver.c:2412:11:LSM6DS0_ACC_GYRO_W_AccelerometerAxisY	24	static
LSM6DS0_ACC_GYRO_driver.c:2435:10:LSM6DS0_ACC_GYRO_R_AccelerometerAxisY	8	static
LSM6DS0_ACC_GYRO_driver.c:2452:11:LSM6DS0_ACC_GYRO_W_AccelerometerAxisZ	24	static
LSM6DS0_ACC_GYRO_driver.c:2475:10:LSM6DS0_ACC_GYRO_R_AccelerometerAxisZ	8	static
LSM6DS0_ACC_GYRO_driver.c:2493:11:LSM6DS0_ACC_GYRO_W_AccelerometerDataDecimation	24	static
LSM6DS0_ACC_GYRO_driver.c:2516:10:LSM6DS0_ACC_GYRO_R_AccelerometerDataDecimation	8	static
LSM6DS0_ACC_GYRO_driver.c:2534:11:LSM6DS0_ACC_GYRO_W_AccelerometerFilterBandwidth	24	static
LSM6DS0_ACC_GYRO_driver.c:2557:10:LSM6DS0_ACC_GYRO_R_AccelerometerFilterBandwidth	8	static
LSM6DS0_ACC_GYRO_driver.c:2575:11:LSM6DS0_ACC_GYRO_W_AccelerometerBandWitdthSelection	24	static
LSM6DS0_ACC_GYRO_driver.c:2598:10:LSM6DS0_ACC_GYRO_R_AccelerometerBandWitdthSelection	8	static
LSM6DS0_ACC_GYRO_driver.c:2616:11:LSM6DS0_ACC_GYRO_W_AccelerometerHighPass_on_Interrupt	24	static
LSM6DS0_ACC_GYRO_driver.c:2639:10:LSM6DS0_ACC_GYRO_R_AccelerometerHighPass_on_Interrupt	8	static
LSM6DS0_ACC_GYRO_driver.c:2656:11:LSM6DS0_ACC_GYRO_W_AccelerometerFilteredDataSelection	24	static
LSM6DS0_ACC_GYRO_driver.c:2679:10:LSM6DS0_ACC_GYRO_R_AccelerometerFilteredDataSelection	8	static
LSM6DS0_ACC_GYRO_driver.c:2696:11:LSM6DS0_ACC_GYRO_W_AccelerometerCutOff_filter	24	static
LSM6DS0_ACC_GYRO_driver.c:2719:10:LSM6DS0_ACC_GYRO_R_AccelerometerCutOff_filter	8	static
LSM6DS0_ACC_GYRO_driver.c:2737:11:LSM6DS0_ACC_GYRO_W_AccelerometerHighResolutionMode	24	static
LSM6DS0_ACC_GYRO_driver.c:2760:10:LSM6DS0_ACC_GYRO_R_AccelerometerHighResolutionMode	8	static
LSM6DS0_ACC_GYRO_driver.c:2778:11:LSM6DS0_ACC_GYRO_W_ResetSW	24	static
LSM6DS0_ACC_GYRO_driver.c:2801:10:LSM6DS0_ACC_GYRO_R_ResetSW	8	static
LSM6DS0_ACC_GYRO_driver.c:2818:11:LSM6DS0_ACC_GYRO_W_BigLittleEndianDataSelection	24	static
LSM6DS0_ACC_GYRO_driver.c:2841:10:LSM6DS0_ACC_GYRO_R_BigLittleEndianDataSelection	8	static
LSM6DS0_ACC_GYRO_driver.c:2858:11:LSM6DS0_ACC_GYRO_W_AutoIndexOnMultiAccess	24	static
LSM6DS0_ACC_GYRO_driver.c:2882:10:LSM6DS0_ACC_GYRO_R_AutoIndexOnMultiAccess	8	static
LSM6DS0_ACC_GYRO_driver.c:2899:11:LSM6DS0_ACC_GYRO_W_SPI_SerialInterfaceMode	24	static
LSM6DS0_ACC_GYRO_driver.c:2922:10:LSM6DS0_ACC_GYRO_R_SPI_SerialInterfaceMode	8	static
LSM6DS0_ACC_GYRO_driver.c:2939:11:LSM6DS0_ACC_GYRO_W_INT_Pin_Mode	24	static
LSM6DS0_ACC_GYRO_driver.c:2962:10:LSM6DS0_ACC_GYRO_R_INT_Pin_Mode	8	static
LSM6DS0_ACC_GYRO_driver.c:2980:11:LSM6DS0_ACC_GYRO_W_InterruptActive	24	static
LSM6DS0_ACC_GYRO_driver.c:3003:10:LSM6DS0_ACC_GYRO_R_InterruptActive	8	static
LSM6DS0_ACC_GYRO_driver.c:3021:11:LSM6DS0_ACC_GYRO_W_Reboot	24	static
LSM6DS0_ACC_GYRO_driver.c:3044:10:LSM6DS0_ACC_GYRO_R_Reboot	8	static
LSM6DS0_ACC_GYRO_driver.c:3061:11:LSM6DS0_ACC_GYRO_W_FIFO_Threshold_Level	24	static
LSM6DS0_ACC_GYRO_driver.c:3084:10:LSM6DS0_ACC_GYRO_R_FIFO_Threshold_Level	8	static
LSM6DS0_ACC_GYRO_driver.c:3101:11:LSM6DS0_ACC_GYRO_W_FIFO	24	static
LSM6DS0_ACC_GYRO_driver.c:3124:10:LSM6DS0_ACC_GYRO_R_FIFO	8	static
LSM6DS0_ACC_GYRO_driver.c:3141:11:LSM6DS0_ACC_GYRO_W_DigitalInterface	24	static
LSM6DS0_ACC_GYRO_driver.c:3164:10:LSM6DS0_ACC_GYRO_R_DigitalInterface	8	static
LSM6DS0_ACC_GYRO_driver.c:3181:11:LSM6DS0_ACC_GYRO_W_DataReadyTimer	24	static
LSM6DS0_ACC_GYRO_driver.c:3204:10:LSM6DS0_ACC_GYRO_R_DataReadyTimer	8	static
LSM6DS0_ACC_GYRO_driver.c:3221:11:LSM6DS0_ACC_GYRO_W_Temperature_In_FIFO	24	static
LSM6DS0_ACC_GYRO_driver.c:3245:10:LSM6DS0_ACC_GYRO_R_Temperature_In_FIFO	8	static
LSM6DS0_ACC_GYRO_driver.c:3262:11:LSM6DS0_ACC_GYRO_W_GyroSleepMode	24	static
LSM6DS0_ACC_GYRO_driver.c:3285:10:LSM6DS0_ACC_GYRO_R_GyroSleepMode	8	static
LSM6DS0_ACC_GYRO_driver.c:3303:11:LSM6DS0_ACC_GYRO_W_AccelerometerSelfTest	24	static
LSM6DS0_ACC_GYRO_driver.c:3326:10:LSM6DS0_ACC_GYRO_R_AccelerometerSelfTest	8	static
LSM6DS0_ACC_GYRO_driver.c:3344:11:LSM6DS0_ACC_GYRO_W_GyroSelfTest	24	static
LSM6DS0_ACC_GYRO_driver.c:3367:10:LSM6DS0_ACC_GYRO_R_GyroSelfTest	8	static
LSM6DS0_ACC_GYRO_driver.c:3384:10:LSM6DS0_ACC_GYRO_R_AccelerometerInterruptFlag_Low_X	8	static
LSM6DS0_ACC_GYRO_driver.c:3401:10:LSM6DS0_ACC_GYRO_R_AccelerometerInterruptFlag_High_X	8	static
LSM6DS0_ACC_GYRO_driver.c:3418:10:LSM6DS0_ACC_GYRO_R_AccelerometerInterruptFlag_Low_Y	8	static
LSM6DS0_ACC_GYRO_driver.c:3435:10:LSM6DS0_ACC_GYRO_R_AccelerometerInterruptFlag_High_Y	8	static
LSM6DS0_ACC_GYRO_driver.c:3452:10:LSM6DS0_ACC_GYRO_R_AccelerometerInterruptFlag_Low_Z	8	static
LSM6DS0_ACC_GYRO_driver.c:3469:10:LSM6DS0_ACC_GYRO_R_AccelerometerInterruptFlag_High_Z	8	static
LSM6DS0_ACC_GYRO_driver.c:3486:10:LSM6DS0_ACC_GYRO_R_AccelerometerInterruptFlag	8	static
LSM6DS0_ACC_GYRO_driver.c:3503:11:LSM6DS0_ACC_GYRO_W_FIFO_Threshold	24	static
LSM6DS0_ACC_GYRO_driver.c:3529:10:LSM6DS0_ACC_GYRO_R_FIFO_Threshold	8	static
LSM6DS0_ACC_GYRO_driver.c:3547:11:LSM6DS0_ACC_GYRO_W_FIFO_Mode	24	static
LSM6DS0_ACC_GYRO_driver.c:3570:10:LSM6DS0_ACC_GYRO_R_FIFO_Mode	8	static
LSM6DS0_ACC_GYRO_driver.c:3587:10:LSM6DS0_ACC_GYRO_R_FIFO_Samples	8	static
LSM6DS0_ACC_GYRO_driver.c:3605:10:LSM6DS0_ACC_GYRO_R_FIFO_OverrunFlag	8	static
LSM6DS0_ACC_GYRO_driver.c:3622:10:LSM6DS0_ACC_GYRO_R_FIFO_ThresholdFlag	8	static
LSM6DS0_ACC_GYRO_driver.c:3639:11:LSM6DS0_ACC_GYRO_W_GyroInterrupt_Low_AxisX	24	static
LSM6DS0_ACC_GYRO_driver.c:3662:10:LSM6DS0_ACC_GYRO_R_GyroInterrupt_Low_AxisX	8	static
LSM6DS0_ACC_GYRO_driver.c:3679:11:LSM6DS0_ACC_GYRO_W_GyroInterrupt_High_AxisX	24	static
LSM6DS0_ACC_GYRO_driver.c:3702:10:LSM6DS0_ACC_GYRO_R_GyroInterrupt_High_AxisX	8	static
LSM6DS0_ACC_GYRO_driver.c:3719:11:LSM6DS0_ACC_GYRO_W_GyroInterrupt_Low_AxisY	24	static
LSM6DS0_ACC_GYRO_driver.c:3742:10:LSM6DS0_ACC_GYRO_R_GyroInterrupt_Low_AxisY	8	static
LSM6DS0_ACC_GYRO_driver.c:3759:11:LSM6DS0_ACC_GYRO_W_GyroInterrupt_High_AxisY	24	static
LSM6DS0_ACC_GYRO_driver.c:3782:10:LSM6DS0_ACC_GYRO_R_GyroInterrupt_High_AxisY	8	static
LSM6DS0_ACC_GYRO_driver.c:3799:11:LSM6DS0_ACC_GYRO_W_GyroInterrupt_Low_AxisZ	24	static
LSM6DS0_ACC_GYRO_driver.c:3822:10:LSM6DS0_ACC_GYRO_R_GyroInterrupt_Low_AxisZ	8	static
LSM6DS0_ACC_GYRO_driver.c:3839:11:LSM6DS0_ACC_GYRO_W_GyroInterrupt_High_AxisZ	24	static
LSM6DS0_ACC_GYRO_driver.c:3862:10:LSM6DS0_ACC_GYRO_R_GyroInterrupt_High_AxisZ	8	static
LSM6DS0_ACC_GYRO_driver.c:3879:11:LSM6DS0_ACC_GYRO_W_GyroInterruptSignalType	24	static
LSM6DS0_ACC_GYRO_driver.c:3902:10:LSM6DS0_ACC_GYRO_R_GyroInterruptSignalType	8	static
LSM6DS0_ACC_GYRO_driver.c:3920:11:LSM6DS0_ACC_GYRO_W_GyroInterruptCombinationEvent	24	static
LSM6DS0_ACC_GYRO_driver.c:3943:10:LSM6DS0_ACC_GYRO_R_GyroInterruptCombinationEvent	8	static
LSM6DS0_ACC_GYRO_driver.c:3960:11:LSM6DS0_ACC_GYRO_W_GyroCounterModeSelection	24	static
LSM6DS0_ACC_GYRO_driver.c:3983:10:LSM6DS0_ACC_GYRO_R_GyroCounterModeSelection	8	static
LSM6DS0_ACC_GYRO_driver.c:4000:11:LSM6DS0_ACC_GYRO_W_InterruptDurationValue	24	static
LSM6DS0_ACC_GYRO_driver.c:4026:10:LSM6DS0_ACC_GYRO_R_InterruptDurationValue	8	static
LSM6DS0_ACC_GYRO_driver.c:4044:11:LSM6DS0_ACC_GYRO_W_WaitFunction	24	static
LSM6DS0_ACC_GYRO_driver.c:4067:10:LSM6DS0_ACC_GYRO_R_WaitFunction	8	static
LSM6DS0_ACC_GYRO_driver.c:4084:10:LSM6DS0_ACC_GYRO_Get_Temperature	16	static
LSM6DS0_ACC_GYRO_driver.c:4112:10:LSM6DS0_ACC_GYRO_Set_AngularRateThreshold	24	static
LSM6DS0_ACC_GYRO_driver.c:4146:10:LSM6DS0_ACC_GYRO_Get_AngularRateThreshold	24	static
LSM6DS0_ACC_GYRO_driver.c:4190:6:LSM6DS0_ACC_GYRO_SwapHighLowByte	32	static
