LSM6DS0_ACC_GYRO_driver_HL.c:848:25:LSM6DS0_X_Get_DRDY_Status	16	static
LSM6DS0_ACC_GYRO_driver_HL.c:828:25:LSM6DS0_X_Write_Reg	16	static
LSM6DS0_ACC_GYRO_driver_HL.c:807:25:LSM6DS0_X_Read_Reg	8	static
LSM6DS0_ACC_GYRO_driver_HL.c:737:25:LSM6DS0_X_Get_Axes_Status	24	static
LSM6DS0_ACC_GYRO_driver_HL.c:710:25:LSM6DS0_X_Set_FS_Value	8	static
LSM6DS0_ACC_GYRO_driver_HL.c:673:25:LSM6DS0_X_Set_FS	8	static
LSM6DS0_ACC_GYRO_driver_HL.c:632:25:LSM6DS0_X_Get_FS	16	static
LSM6DS0_ACC_GYRO_driver_HL.c:470:25:LSM6DS0_X_Get_Sensitivity	16	static
LSM6DS0_ACC_GYRO_driver_HL.c:380:25:LSM6DS0_X_Get_WhoAmI	8	static
LSM6DS0_ACC_GYRO_driver_HL.c:1493:25:LSM6DS0_G_Get_DRDY_Status	16	static
LSM6DS0_ACC_GYRO_driver_HL.c:1382:25:LSM6DS0_G_Get_Axes_Status	24	static
LSM6DS0_ACC_GYRO_driver_HL.c:1356:25:LSM6DS0_G_Set_FS_Value	8	static
LSM6DS0_ACC_GYRO_driver_HL.c:1319:25:LSM6DS0_G_Set_FS	8	static
LSM6DS0_ACC_GYRO_driver_HL.c:1281:25:LSM6DS0_G_Get_FS	16	static
LSM6DS0_ACC_GYRO_driver_HL.c:1131:25:LSM6DS0_G_Get_Sensitivity	16	static
LSM6DS0_ACC_GYRO_driver_HL.c:1171:25:LSM6DS0_G_Get_ODR	16	static
LSM6DS0_ACC_GYRO_driver_HL.c:773:25:LSM6DS0_X_Set_Axes_Status	16	static
LSM6DS0_ACC_GYRO_driver_HL.c:602:25:LSM6DS0_X_Set_ODR_Value	8	static
LSM6DS0_ACC_GYRO_driver_HL.c:572:25:LSM6DS0_X_Set_ODR	8	static
LSM6DS0_ACC_GYRO_driver_HL.c:1418:25:LSM6DS0_G_Set_Axes_Status	16	static
LSM6DS0_ACC_GYRO_driver_HL.c:1041:25:LSM6DS0_G_Get_WhoAmI	8	static
LSM6DS0_ACC_GYRO_driver_HL.c:1452:25:LSM6DS0_G_Read_Reg	8	static
LSM6DS0_ACC_GYRO_driver_HL.c:1473:25:LSM6DS0_G_Write_Reg	16	static
LSM6DS0_ACC_GYRO_driver_HL.c:314:25:LSM6DS0_X_Sensor_Enable	8	static
LSM6DS0_ACC_GYRO_driver_HL.c:442:25:LSM6DS0_X_Get_AxesRaw	32	static
LSM6DS0_ACC_GYRO_driver_HL.c:1102:25:LSM6DS0_G_Get_AxesRaw	32	static
LSM6DS0_ACC_GYRO_driver_HL.c:1053:25:LSM6DS0_G_Check_WhoAmI	16	static
LSM6DS0_ACC_GYRO_driver_HL.c:393:25:LSM6DS0_X_Check_WhoAmI	16	static
LSM6DS0_ACC_GYRO_driver_HL.c:1067:25:LSM6DS0_G_Get_Axes	40	static
LSM6DS0_ACC_GYRO_driver_HL.c:513:25:LSM6DS0_X_Get_ODR	16	static
LSM6DS0_ACC_GYRO_driver_HL.c:282:25:LSM6DS0_X_DeInit	32	static
LSM6DS0_ACC_GYRO_driver_HL.c:407:25:LSM6DS0_X_Get_Axes	40	static
LSM6DS0_ACC_GYRO_driver_HL.c:344:25:LSM6DS0_X_Sensor_Disable	24	static
LSM6DS0_ACC_GYRO_driver_HL.c:1003:25:LSM6DS0_G_Sensor_Disable	24	static
LSM6DS0_ACC_GYRO_driver_HL.c:940:25:LSM6DS0_G_DeInit	24	static
LSM6DS0_ACC_GYRO_driver_HL.c:972:25:LSM6DS0_G_Sensor_Enable	24	static
LSM6DS0_ACC_GYRO_driver_HL.c:222:25:LSM6DS0_X_Init	24	static
LSM6DS0_ACC_GYRO_driver_HL.c:881:25:LSM6DS0_G_Init	24	static
LSM6DS0_ACC_GYRO_driver_HL.c:1221:25:LSM6DS0_G_Set_ODR	24	static
LSM6DS0_ACC_GYRO_driver_HL.c:1251:25:LSM6DS0_G_Set_ODR_Value	24	static
