Archive member included to satisfy reference by file (symbol)

c:/st/stm32cubeide_1.4.0/stm32cubeide/plugins/com.st.stm32cube.ide.mcu.externaltools.gnu-tools-for-stm32.7-2018-q2-update.win32_1.4.0.202007081208/tools/bin/../lib/gcc/arm-none-eabi/7.3.1/../../../../arm-none-eabi/lib/thumb/v7e-m/fpv4-sp/hard\libc_nano.a(lib_a-errno.o)
                              Src/syscalls.o (__errno)
c:/st/stm32cubeide_1.4.0/stm32cubeide/plugins/com.st.stm32cube.ide.mcu.externaltools.gnu-tools-for-stm32.7-2018-q2-update.win32_1.4.0.202007081208/tools/bin/../lib/gcc/arm-none-eabi/7.3.1/../../../../arm-none-eabi/lib/thumb/v7e-m/fpv4-sp/hard\libc_nano.a(lib_a-exit.o)
                              c:/st/stm32cubeide_1.4.0/stm32cubeide/plugins/com.st.stm32cube.ide.mcu.externaltools.gnu-tools-for-stm32.7-2018-q2-update.win32_1.4.0.202007081208/tools/bin/../lib/gcc/arm-none-eabi/7.3.1/../../../../arm-none-eabi/lib/thumb/v7e-m/fpv4-sp/hard/crt0.o (exit)
c:/st/stm32cubeide_1.4.0/stm32cubeide/plugins/com.st.stm32cube.ide.mcu.externaltools.gnu-tools-for-stm32.7-2018-q2-update.win32_1.4.0.202007081208/tools/bin/../lib/gcc/arm-none-eabi/7.3.1/../../../../arm-none-eabi/lib/thumb/v7e-m/fpv4-sp/hard\libc_nano.a(lib_a-impure.o)
                              c:/st/stm32cubeide_1.4.0/stm32cubeide/plugins/com.st.stm32cube.ide.mcu.externaltools.gnu-tools-for-stm32.7-2018-q2-update.win32_1.4.0.202007081208/tools/bin/../lib/gcc/arm-none-eabi/7.3.1/../../../../arm-none-eabi/lib/thumb/v7e-m/fpv4-sp/hard\libc_nano.a(lib_a-exit.o) (_global_impure_ptr)
c:/st/stm32cubeide_1.4.0/stm32cubeide/plugins/com.st.stm32cube.ide.mcu.externaltools.gnu-tools-for-stm32.7-2018-q2-update.win32_1.4.0.202007081208/tools/bin/../lib/gcc/arm-none-eabi/7.3.1/../../../../arm-none-eabi/lib/thumb/v7e-m/fpv4-sp/hard\libc_nano.a(lib_a-init.o)
                              c:/st/stm32cubeide_1.4.0/stm32cubeide/plugins/com.st.stm32cube.ide.mcu.externaltools.gnu-tools-for-stm32.7-2018-q2-update.win32_1.4.0.202007081208/tools/bin/../lib/gcc/arm-none-eabi/7.3.1/../../../../arm-none-eabi/lib/thumb/v7e-m/fpv4-sp/hard/crt0.o (__libc_init_array)
c:/st/stm32cubeide_1.4.0/stm32cubeide/plugins/com.st.stm32cube.ide.mcu.externaltools.gnu-tools-for-stm32.7-2018-q2-update.win32_1.4.0.202007081208/tools/bin/../lib/gcc/arm-none-eabi/7.3.1/../../../../arm-none-eabi/lib/thumb/v7e-m/fpv4-sp/hard\libc_nano.a(lib_a-memcpy-stub.o)
                              Src/app_mems.o (memcpy)
c:/st/stm32cubeide_1.4.0/stm32cubeide/plugins/com.st.stm32cube.ide.mcu.externaltools.gnu-tools-for-stm32.7-2018-q2-update.win32_1.4.0.202007081208/tools/bin/../lib/gcc/arm-none-eabi/7.3.1/../../../../arm-none-eabi/lib/thumb/v7e-m/fpv4-sp/hard\libc_nano.a(lib_a-memset.o)
                              c:/st/stm32cubeide_1.4.0/stm32cubeide/plugins/com.st.stm32cube.ide.mcu.externaltools.gnu-tools-for-stm32.7-2018-q2-update.win32_1.4.0.202007081208/tools/bin/../lib/gcc/arm-none-eabi/7.3.1/../../../../arm-none-eabi/lib/thumb/v7e-m/fpv4-sp/hard/crt0.o (memset)
c:/st/stm32cubeide_1.4.0/stm32cubeide/plugins/com.st.stm32cube.ide.mcu.externaltools.gnu-tools-for-stm32.7-2018-q2-update.win32_1.4.0.202007081208/tools/bin/../lib/gcc/arm-none-eabi/7.3.1/../../../../arm-none-eabi/lib/thumb/v7e-m/fpv4-sp/hard\libc_nano.a(lib_a-printf.o)
                              Src/app_mems.o (printf)
c:/st/stm32cubeide_1.4.0/stm32cubeide/plugins/com.st.stm32cube.ide.mcu.externaltools.gnu-tools-for-stm32.7-2018-q2-update.win32_1.4.0.202007081208/tools/bin/../lib/gcc/arm-none-eabi/7.3.1/../../../../arm-none-eabi/lib/thumb/v7e-m/fpv4-sp/hard\libc_nano.a(lib_a-snprintf.o)
                              Src/app_mems.o (snprintf)
c:/st/stm32cubeide_1.4.0/stm32cubeide/plugins/com.st.stm32cube.ide.mcu.externaltools.gnu-tools-for-stm32.7-2018-q2-update.win32_1.4.0.202007081208/tools/bin/../lib/gcc/arm-none-eabi/7.3.1/../../../../arm-none-eabi/lib/thumb/v7e-m/fpv4-sp/hard\libc_nano.a(lib_a-findfp.o)
                              c:/st/stm32cubeide_1.4.0/stm32cubeide/plugins/com.st.stm32cube.ide.mcu.externaltools.gnu-tools-for-stm32.7-2018-q2-update.win32_1.4.0.202007081208/tools/bin/../lib/gcc/arm-none-eabi/7.3.1/../../../../arm-none-eabi/lib/thumb/v7e-m/fpv4-sp/hard\libc_nano.a(lib_a-printf.o) (__sinit)
c:/st/stm32cubeide_1.4.0/stm32cubeide/plugins/com.st.stm32cube.ide.mcu.externaltools.gnu-tools-for-stm32.7-2018-q2-update.win32_1.4.0.202007081208/tools/bin/../lib/gcc/arm-none-eabi/7.3.1/../../../../arm-none-eabi/lib/thumb/v7e-m/fpv4-sp/hard\libc_nano.a(lib_a-fwalk.o)
                              c:/st/stm32cubeide_1.4.0/stm32cubeide/plugins/com.st.stm32cube.ide.mcu.externaltools.gnu-tools-for-stm32.7-2018-q2-update.win32_1.4.0.202007081208/tools/bin/../lib/gcc/arm-none-eabi/7.3.1/../../../../arm-none-eabi/lib/thumb/v7e-m/fpv4-sp/hard\libc_nano.a(lib_a-findfp.o) (_fwalk)
[...]
Memory Configuration

Name             Origin             Length             Attributes
RAM              0x0000000020000000 0x0000000000018000 xrw
FLASH            0x0000000008000000 0x0000000000080000 xr
*default*        0x0000000000000000 0xffffffffffffffff

Linker script and memory map

LOAD c:/st/stm32cubeide_1.4.0/stm32cubeide/plugins/com.st.stm32cube.ide.mcu.externaltools.gnu-tools-for-stm32.7-2018-q2-update.win32_1.4.0.202007081208/tools/bin/../lib/gcc/arm-none-eabi/7.3.1/thumb/v7e-m/fpv4-sp/hard/crti.o
LOAD c:/st/stm32cubeide_1.4.0/stm32cubeide/plugins/com.st.stm32cube.ide.mcu.externaltools.gnu-tools-for-stm32.7-2018-q2-update.win32_1.4.0.202007081208/tools/bin/../lib/gcc/arm-none-eabi/7.3.1/thumb/v7e-m/fpv4-sp/hard/crtbegin.o
LOAD c:/st/stm32cubeide_1.4.0/stm32cubeide/plugins/com.st.stm32cube.ide.mcu.externaltools.gnu-tools-for-stm32.7-2018-q2-update.win32_1.4.0.202007081208/tools/bin/../lib/gcc/arm-none-eabi/7.3.1/../../../../arm-none-eabi/lib/thumb/v7e-m/fpv4-sp/hard/crt0.o
LOAD Drivers/BSP/Components/lsm6dso/lsm6dso.o
LOAD Drivers/BSP/Components/lsm6dso/lsm6dso_reg.o
LOAD Drivers/BSP/NUCLEO-F401RE/stm32f4xx_nucleo.o
LOAD Drivers/STM32F4xx_HAL_Driver/Src/stm32f4xx_hal.o
LOAD Drivers/STM32F4xx_HAL_Driver/Src/stm32f4xx_hal_cortex.o
LOAD Drivers/STM32F4xx_HAL_Driver/Src/stm32f4xx_hal_crc.o
LOAD Drivers/STM32F4xx_HAL_Driver/Src/stm32f4xx_hal_dma.o
LOAD Drivers/STM32F4xx_HAL_Driver/Src/stm32f4xx_hal_dma_ex.o
LOAD Drivers/STM32F4xx_HAL_Driver/Src/stm32f4xx_hal_exti.o
LOAD Drivers/STM32F4xx_HAL_Driver/Src/stm32f4xx_hal_flash.o
LOAD Drivers/STM32F4xx_HAL_Driver/Src/stm32f4xx_hal_flash_ex.o
LOAD Drivers/STM32F4xx_HAL_Driver/Src/stm32f4xx_hal_flash_ramfunc.o
LOAD Drivers/STM32F4xx_HAL_Driver/Src/stm32f4xx_hal_gpio.o
LOAD Drivers/STM32F4xx_HAL_Driver/Src/stm32f4xx_hal_i2c.o
LOAD Drivers/STM32F4xx_HAL_Driver/Src/stm32f4xx_hal_i2c_ex.o
LOAD Drivers/STM32F4xx_HAL_Driver/Src/stm32f4xx_hal_pwr.o
LOAD Drivers/STM32F4xx_HAL_Driver/Src/stm32f4xx_hal_pwr_ex.o
LOAD Drivers/STM32F4xx_HAL_Driver/Src/stm32f4xx_hal_rcc.o
LOAD Drivers/STM32F4xx_HAL_Driver/Src/stm32f4xx_hal_rcc_ex.o
LOAD Drivers/STM32F4xx_HAL_Driver/Src/stm32f4xx_hal_tim.o
LOAD Drivers/STM32F4xx_HAL_Driver/Src/stm32f4xx_hal_tim_ex.o
LOAD Drivers/STM32F4xx_HAL_Driver/Src/stm32f4xx_hal_uart.o
LOAD Src/app_mems.o
LOAD Src/custom_motion_sensors.o
LOAD Src/custom_motion_sensors_ex.o
LOAD Src/main.o
LOAD Src/stm32f4xx_hal_msp.o
LOAD Src/stm32f4xx_it.o
LOAD Src/stm32f4xx_nucleo_bus.o
LOAD Src/syscalls.o
LOAD Src/sysmem.o
LOAD Src/system_stm32f4xx.o
LOAD Startup/startup_stm32f401retx.o
START GROUP
LOAD c:/st/stm32cubeide_1.4.0/stm32cubeide/plugins/com.st.stm32cube.ide.mcu.externaltools.gnu-tools-for-stm32.7-2018-q2-update.win32_1.4.0.202007081208/tools/bin/../lib/gcc/arm-none-eabi/7.3.1/../../../../arm-none-eabi/lib/thumb/v7e-m/fpv4-sp/hard\libc_nano.a
LOAD c:/st/stm32cubeide_1.4.0/stm32cubeide/plugins/com.st.stm32cube.ide.mcu.externaltools.gnu-tools-for-stm32.7-2018-q2-update.win32_1.4.0.202007081208/tools/bin/../lib/gcc/arm-none-eabi/7.3.1/../../../../arm-none-eabi/lib/thumb/v7e-m/fpv4-sp/hard\libm.a
END GROUP
START GROUP
LOAD c:/st/stm32cubeide_1.4.0/stm32cubeide/plugins/com.st.stm32cube.ide.mcu.externaltools.gnu-tools-for-stm32.7-2018-q2-update.win32_1.4.0.202007081208/tools/bin/../lib/gcc/arm-none-eabi/7.3.1/thumb/v7e-m/fpv4-sp/hard\libgcc.a
LOAD c:/st/stm32cubeide_1.4.0/stm32cubeide/plugins/com.st.stm32cube.ide.mcu.externaltools.gnu-tools-for-stm32.7-2018-q2-update.win32_1.4.0.202007081208/tools/bin/../lib/gcc/arm-none-eabi/7.3.1/../../../../arm-none-eabi/lib/thumb/v7e-m/fpv4-sp/hard\libc_nano.a
END GROUP
START GROUP
LOAD c:/st/stm32cubeide_1.4.0/stm32cubeide/plugins/com.st.stm32cube.ide.mcu.externaltools.gnu-tools-for-stm32.7-2018-q2-update.win32_1.4.0.202007081208/tools/bin/../lib/gcc/arm-none-eabi/7.3.1/thumb/v7e-m/fpv4-sp/hard\libgcc.a
LOAD c:/st/stm32cubeide_1.4.0/stm32cubeide/plugins/com.st.stm32cube.ide.mcu.externaltools.gnu-tools-for-stm32.7-2018-q2-update.win32_1.4.0.202007081208/tools/bin/../lib/gcc/arm-none-eabi/7.3.1/../../../../arm-none-eabi/lib/thumb/v7e-m/fpv4-sp/hard\libc_nano.a
LOAD c:/st/stm32cubeide_1.4.0/stm32cubeide/plugins/com.st.stm32cube.ide.mcu.externaltools.gnu-tools-for-stm32.7-2018-q2-update.win32_1.4.0.202007081208/tools/bin/../lib/gcc/arm-none-eabi/7.3.1/../../../../arm-none-eabi/lib/thumb/v7e-m/fpv4-sp/hard\libnosys.a
END GROUP
START GROUP
LOAD c:/st/stm32cubeide_1.4.0/stm32cubeide/plugins/com.st.stm32cube.ide.mcu.externaltools.gnu-tools-for-stm32.7-2018-q2-update.win32_1.4.0.202007081208/tools/bin/../lib/gcc/arm-none-eabi/7.3.1/thumb/v7e-m/fpv4-sp/hard\libgcc.a
LOAD c:/st/stm32cubeide_1.4.0/stm32cubeide/plugins/com.st.stm32cube.ide.mcu.externaltools.gnu-tools-for-stm32.7-2018-q2-update.win32_1.4.0.202007081208/tools/bin/../lib/gcc/arm-none-eabi/7.3.1/../../../../arm-none-eabi/lib/thumb/v7e-m/fpv4-sp/hard\libc_nano.a
LOAD c:/st/stm32cubeide_1.4.0/stm32cubeide/plugins/com.st.stm32cube.ide.mcu.externaltools.gnu-tools-for-stm32.7-2018-q2-update.win32_1.4.0.202007081208/tools/bin/../lib/gcc/arm-none-eabi/7.3.1/../../../../arm-none-eabi/lib/thumb/v7e-m/fpv4-sp/hard\libnosys.a
END GROUP
LOAD c:/st/stm32cubeide_1.4.0/stm32cubeide/plugins/com.st.stm32cube.ide.mcu.externaltools.gnu-tools-for-stm32.7-2018-q2-update.win32_1.4.0.202007081208/tools/bin/../lib/gcc/arm-none-eabi/7.3.1/thumb/v7e-m/fpv4-sp/hard/crtend.o
LOAD c:/st/stm32cubeide_1.4.0/stm32cubeide/plugins/com.st.stm32cube.ide.mcu.externaltools.gnu-tools-for-stm32.7-2018-q2-update.win32_1.4.0.202007081208/tools/bin/../lib/gcc/arm-none-eabi/7.3.1/thumb/v7e-m/fpv4-sp/hard/crtn.o
                0x0000000020018000                _estack = (ORIGIN (RAM) + LENGTH (RAM))
                0x0000000000000200                _Min_Heap_Size = 0x200
                0x0000000000000800                _Min_Stack_Size = 0x800

.isr_vector     0x0000000008000000      0x194
                0x0000000008000000                . = ALIGN (0x4)
 *(.isr_vector)
 .isr_vector    0x0000000008000000      0x194 Startup/startup_stm32f401retx.o
                0x0000000008000000                g_pfnVectors
                0x0000000008000194                . = ALIGN (0x4)

.text           0x00000000080001a0     0x785c
                0x00000000080001a0                . = ALIGN (0x4)
 *(.text)
 .text          0x00000000080001a0       0x40 c:/st/stm32cubeide_1.4.0/stm32cubeide/plugins/com.st.stm32cube.ide.mcu.externaltools.gnu-tools-for-stm32.7-2018-q2-update.win32_1.4.0.202007081208/tools/bin/../lib/gcc/arm-none-eabi/7.3.1/thumb/v7e-m/fpv4-sp/hard/crtbegin.o
 .text          0x00000000080001e0       0xa0 c:/st/stm32cubeide_1.4.0/stm32cubeide/plugins/com.st.stm32cube.ide.mcu.externaltools.gnu-tools-for-stm32.7-2018-q2-update.win32_1.4.0.202007081208/tools/bin/../lib/gcc/arm-none-eabi/7.3.1/../../../../arm-none-eabi/lib/thumb/v7e-m/fpv4-sp/hard\libc_nano.a(lib_a-memchr.o)
                0x00000000080001e0                memchr
 .text          0x0000000008000280       0x30 c:/st/stm32cubeide_1.4.0/stm32cubeide/plugins/com.st.stm32cube.ide.mcu.externaltools.gnu-tools-for-stm32.7-2018-q2-update.win32_1.4.0.202007081208/tools/bin/../lib/gcc/arm-none-eabi/7.3.1/thumb/v7e-m/fpv4-sp/hard\libgcc.a(_aeabi_uldivmod.o)
                0x0000000008000280                __aeabi_uldivmod
 .text          0x00000000080002b0      0x2cc c:/st/stm32cubeide_1.4.0/stm32cubeide/plugins/com.st.stm32cube.ide.mcu.externaltools.gnu-tools-for-stm32.7-2018-q2-update.win32_1.4.0.202007081208/tools/bin/../lib/gcc/arm-none-eabi/7.3.1/thumb/v7e-m/fpv4-sp/hard\libgcc.a(_udivmoddi4.o)
                0x00000000080002b0                __udivmoddi4
 .text          0x000000000800057c        0x4 c:/st/stm32cubeide_1.4.0/stm32cubeide/plugins/com.st.stm32cube.ide.mcu.externaltools.gnu-tools-for-stm32.7-2018-q2-update.win32_1.4.0.202007081208/tools/bin/../lib/gcc/arm-none-eabi/7.3.1/thumb/v7e-m/fpv4-sp/hard\libgcc.a(_dvmd_tls.o)
                0x000000000800057c                __aeabi_idiv0
                0x000000000800057c                __aeabi_ldiv0
 *(.text*)
 .text.LSM6DSO_RegisterBusIO
                0x0000000008000580       0xcc Drivers/BSP/Components/lsm6dso/lsm6dso.o
                0x0000000008000580                LSM6DSO_RegisterBusIO
 .text.LSM6DSO_Init
                0x000000000800064c       0xea Drivers/BSP/Components/lsm6dso/lsm6dso.o
                0x000000000800064c                LSM6DSO_Init
 .text.LSM6DSO_DeInit
                0x0000000008000736       0x4e Drivers/BSP/Components/lsm6dso/lsm6dso.o
                0x0000000008000736                LSM6DSO_DeInit
 .text.LSM6DSO_ReadID
                0x0000000008000784       0x2c Drivers/BSP/Components/lsm6dso/lsm6dso.o
                0x0000000008000784                LSM6DSO_ReadID
 .text.LSM6DSO_GetCapabilities
                0x00000000080007b0       0x5c Drivers/BSP/Components/lsm6dso/lsm6dso.o
                0x00000000080007b0                LSM6DSO_GetCapabilities
 .text.LSM6DSO_ACC_Enable
                0x000000000800080c       0x48 Drivers/BSP/Components/lsm6dso/lsm6dso.o
                0x000000000800080c                LSM6DSO_ACC_Enable
 .text.LSM6DSO_ACC_Disable
                0x0000000008000854       0x5e Drivers/BSP/Components/lsm6dso/lsm6dso.o
                0x0000000008000854                LSM6DSO_ACC_Disable
 *fill*         0x00000000080008b2        0x2 
 .text.LSM6DSO_ACC_GetSensitivity
                0x00000000080008b4       0x8c Drivers/BSP/Components/lsm6dso/lsm6dso.o
                0x00000000080008b4                LSM6DSO_ACC_GetSensitivity
 .text.LSM6DSO_ACC_GetOutputDataRate
                0x0000000008000940      0x108 Drivers/BSP/Components/lsm6dso/lsm6dso.o
                0x0000000008000940                LSM6DSO_ACC_GetOutputDataRate
 .text.LSM6DSO_ACC_SetOutputDataRate
                0x0000000008000a48       0x22 Drivers/BSP/Components/lsm6dso/lsm6dso.o
                0x0000000008000a48                LSM6DSO_ACC_SetOutputDataRate
 *fill*         0x0000000008000a6a        0x2 
 .text.LSM6DSO_ACC_SetOutputDataRate_With_Mode
                0x0000000008000a6c      0x338 Drivers/BSP/Components/lsm6dso/lsm6dso.o
                0x0000000008000a6c                LSM6DSO_ACC_SetOutputDataRate_With_Mode
 .text.LSM6DSO_ACC_GetFullScale
                0x0000000008000da4       0x7c Drivers/BSP/Components/lsm6dso/lsm6dso.o
                0x0000000008000da4                LSM6DSO_ACC_GetFullScale
 .text.LSM6DSO_ACC_SetFullScale
                0x0000000008000e20       0x50 Drivers/BSP/Components/lsm6dso/lsm6dso.o
                0x0000000008000e20                LSM6DSO_ACC_SetFullScale
 .text.LSM6DSO_ACC_GetAxesRaw
                0x0000000008000e70       0x48 Drivers/BSP/Components/lsm6dso/lsm6dso.o
                0x0000000008000e70                LSM6DSO_ACC_GetAxesRaw
 .text.LSM6DSO_ACC_GetAxes
                0x0000000008000eb8       0xae Drivers/BSP/Components/lsm6dso/lsm6dso.o
                0x0000000008000eb8                LSM6DSO_ACC_GetAxes
 .text.LSM6DSO_GYRO_Enable
                0x0000000008000f66       0x48 Drivers/BSP/Components/lsm6dso/lsm6dso.o
                0x0000000008000f66                LSM6DSO_GYRO_Enable
 .text.LSM6DSO_GYRO_Disable
                0x0000000008000fae       0x5e Drivers/BSP/Components/lsm6dso/lsm6dso.o
                0x0000000008000fae                LSM6DSO_GYRO_Disable
 .text.LSM6DSO_GYRO_GetSensitivity
                0x000000000800100c       0xa4 Drivers/BSP/Components/lsm6dso/lsm6dso.o
                0x000000000800100c                LSM6DSO_GYRO_GetSensitivity
 .text.LSM6DSO_GYRO_GetOutputDataRate
                0x00000000080010b0       0xf8 Drivers/BSP/Components/lsm6dso/lsm6dso.o
                0x00000000080010b0                LSM6DSO_GYRO_GetOutputDataRate
 .text.LSM6DSO_GYRO_SetOutputDataRate
                0x00000000080011a8       0x22 Drivers/BSP/Components/lsm6dso/lsm6dso.o
                0x00000000080011a8                LSM6DSO_GYRO_SetOutputDataRate
 *fill*         0x00000000080011ca        0x2 
 .text.LSM6DSO_GYRO_SetOutputDataRate_With_Mode
                0x00000000080011cc      0x12c Drivers/BSP/Components/lsm6dso/lsm6dso.o
                0x00000000080011cc                LSM6DSO_GYRO_SetOutputDataRate_With_Mode
 .text.LSM6DSO_GYRO_GetFullScale
                0x00000000080012f8       0x94 Drivers/BSP/Components/lsm6dso/lsm6dso.o
                0x00000000080012f8                LSM6DSO_GYRO_GetFullScale
 .text.LSM6DSO_GYRO_SetFullScale
                0x000000000800138c       0x5e Drivers/BSP/Components/lsm6dso/lsm6dso.o
                0x000000000800138c                LSM6DSO_GYRO_SetFullScale
 .text.LSM6DSO_GYRO_GetAxesRaw
                0x00000000080013ea       0x48 Drivers/BSP/Components/lsm6dso/lsm6dso.o
                0x00000000080013ea                LSM6DSO_GYRO_GetAxesRaw
 .text.LSM6DSO_GYRO_GetAxes
                0x0000000008001432       0xa8 Drivers/BSP/Components/lsm6dso/lsm6dso.o
                0x0000000008001432                LSM6DSO_GYRO_GetAxes
 .text.LSM6DSO_Read_Reg
                0x00000000080014da       0x34 Drivers/BSP/Components/lsm6dso/lsm6dso.o
                0x00000000080014da                LSM6DSO_Read_Reg
 .text.LSM6DSO_Write_Reg
                0x000000000800150e       0x36 Drivers/BSP/Components/lsm6dso/lsm6dso.o
                0x000000000800150e                LSM6DSO_Write_Reg
 .text.LSM6DSO_ACC_Get_DRDY_Status
                0x0000000008001544       0x2c Drivers/BSP/Components/lsm6dso/lsm6dso.o
                0x0000000008001544                LSM6DSO_ACC_Get_DRDY_Status
 .text.LSM6DSO_ACC_Set_SelfTest
                0x0000000008001570       0x52 Drivers/BSP/Components/lsm6dso/lsm6dso.o
                0x0000000008001570                LSM6DSO_ACC_Set_SelfTest
 .text.LSM6DSO_GYRO_Get_DRDY_Status
                0x00000000080015c2       0x2c Drivers/BSP/Components/lsm6dso/lsm6dso.o
                0x00000000080015c2                LSM6DSO_GYRO_Get_DRDY_Status
 .text.LSM6DSO_GYRO_Set_SelfTest
                0x00000000080015ee       0x52 Drivers/BSP/Components/lsm6dso/lsm6dso.o
                0x00000000080015ee                LSM6DSO_GYRO_Set_SelfTest
 .text.LSM6DSO_ACC_SetOutputDataRate_When_Enabled
                0x0000000008001640      0x130 Drivers/BSP/Components/lsm6dso/lsm6dso.o
 .text.LSM6DSO_ACC_SetOutputDataRate_When_Disabled
                0x0000000008001770      0x120 Drivers/BSP/Components/lsm6dso/lsm6dso.o
 .text.LSM6DSO_GYRO_SetOutputDataRate_When_Enabled
                0x0000000008001890      0x118 Drivers/BSP/Components/lsm6dso/lsm6dso.o
 .text.LSM6DSO_GYRO_SetOutputDataRate_When_Disabled
                0x00000000080019a8      0x104 Drivers/BSP/Components/lsm6dso/lsm6dso.o
 .text.ReadRegWrap
                0x0000000008001aac       0x36 Drivers/BSP/Components/lsm6dso/lsm6dso.o
 .text.WriteRegWrap
                0x0000000008001ae2       0x36 Drivers/BSP/Components/lsm6dso/lsm6dso.o
 .text.lsm6dso_read_reg
                0x0000000008001b18       0x30 Drivers/BSP/Components/lsm6dso/lsm6dso_reg.o
                0x0000000008001b18                lsm6dso_read_reg
 .text.lsm6dso_write_reg
                0x0000000008001b48       0x30 Drivers/BSP/Components/lsm6dso/lsm6dso_reg.o
                0x0000000008001b48                lsm6dso_write_reg
 .text.lsm6dso_xl_full_scale_set
                0x0000000008001b78       0x4c Drivers/BSP/Components/lsm6dso/lsm6dso_reg.o
                0x0000000008001b78                lsm6dso_xl_full_scale_set
 .text.lsm6dso_xl_full_scale_get
                0x0000000008001bc4       0x70 Drivers/BSP/Components/lsm6dso/lsm6dso_reg.o
                0x0000000008001bc4                lsm6dso_xl_full_scale_get
 .text.lsm6dso_xl_data_rate_set
                0x0000000008001c34      0x1f8 Drivers/BSP/Components/lsm6dso/lsm6dso_reg.o
                0x0000000008001c34                lsm6dso_xl_data_rate_set
 .text.lsm6dso_xl_data_rate_get
                0x0000000008001e2c       0xd0 Drivers/BSP/Components/lsm6dso/lsm6dso_reg.o
                0x0000000008001e2c                lsm6dso_xl_data_rate_get
 .text.lsm6dso_gy_full_scale_set
                0x0000000008001efc       0x4c Drivers/BSP/Components/lsm6dso/lsm6dso_reg.o
                0x0000000008001efc                lsm6dso_gy_full_scale_set
 .text.lsm6dso_gy_full_scale_get
                0x0000000008001f48       0x84 Drivers/BSP/Components/lsm6dso/lsm6dso_reg.o
                0x0000000008001f48                lsm6dso_gy_full_scale_get
 .text.lsm6dso_gy_data_rate_set
                0x0000000008001fcc      0x1f8 Drivers/BSP/Components/lsm6dso/lsm6dso_reg.o
                0x0000000008001fcc                lsm6dso_gy_data_rate_set
 .text.lsm6dso_gy_data_rate_get
                0x00000000080021c4       0xc4 Drivers/BSP/Components/lsm6dso/lsm6dso_reg.o
                0x00000000080021c4                lsm6dso_gy_data_rate_get
 .text.lsm6dso_block_data_update_set
                0x0000000008002288       0x4c Drivers/BSP/Components/lsm6dso/lsm6dso_reg.o
                0x0000000008002288                lsm6dso_block_data_update_set
 .text.lsm6dso_xl_flag_data_ready_get
                0x00000000080022d4       0x32 Drivers/BSP/Components/lsm6dso/lsm6dso_reg.o
                0x00000000080022d4                lsm6dso_xl_flag_data_ready_get
 .text.lsm6dso_gy_flag_data_ready_get
                0x0000000008002306       0x32 Drivers/BSP/Components/lsm6dso/lsm6dso_reg.o
                0x0000000008002306                lsm6dso_gy_flag_data_ready_get
 .text.lsm6dso_angular_rate_raw_get
                0x0000000008002338       0x22 Drivers/BSP/Components/lsm6dso/lsm6dso_reg.o
                0x0000000008002338                lsm6dso_angular_rate_raw_get
 .text.lsm6dso_acceleration_raw_get
                0x000000000800235a       0x22 Drivers/BSP/Components/lsm6dso/lsm6dso_reg.o
                0x000000000800235a                lsm6dso_acceleration_raw_get
 .text.lsm6dso_mem_bank_set
                0x000000000800237c       0x4c Drivers/BSP/Components/lsm6dso/lsm6dso_reg.o
                0x000000000800237c                lsm6dso_mem_bank_set
 .text.lsm6dso_device_id_get
                0x00000000080023c8       0x22 Drivers/BSP/Components/lsm6dso/lsm6dso_reg.o
                0x00000000080023c8                lsm6dso_device_id_get
 .text.lsm6dso_auto_increment_set
                0x00000000080023ea       0x4c Drivers/BSP/Components/lsm6dso/lsm6dso_reg.o
                0x00000000080023ea                lsm6dso_auto_increment_set
 .text.lsm6dso_xl_self_test_set
                0x0000000008002436       0x4c Drivers/BSP/Components/lsm6dso/lsm6dso_reg.o
                0x0000000008002436                lsm6dso_xl_self_test_set
 .text.lsm6dso_gy_self_test_set
                0x0000000008002482       0x4c Drivers/BSP/Components/lsm6dso/lsm6dso_reg.o
                0x0000000008002482                lsm6dso_gy_self_test_set
 .text.lsm6dso_i3c_disable_set
                0x00000000080024ce       0x8c Drivers/BSP/Components/lsm6dso/lsm6dso_reg.o
                0x00000000080024ce                lsm6dso_i3c_disable_set
 .text.lsm6dso_fifo_mode_set
                0x000000000800255a       0x4c Drivers/BSP/Components/lsm6dso/lsm6dso_reg.o
                0x000000000800255a                lsm6dso_fifo_mode_set
 .text.lsm6dso_fsm_enable_get
                0x00000000080025a6       0x42 Drivers/BSP/Components/lsm6dso/lsm6dso_reg.o
                0x00000000080025a6                lsm6dso_fsm_enable_get
 .text.lsm6dso_fsm_data_rate_get
                0x00000000080025e8       0x90 Drivers/BSP/Components/lsm6dso/lsm6dso_reg.o
                0x00000000080025e8                lsm6dso_fsm_data_rate_get
 .text.BSP_LED_Init
                0x0000000008002678       0x24 Drivers/BSP/NUCLEO-F401RE/stm32f4xx_nucleo.o
                0x0000000008002678                BSP_LED_Init
 .text.BSP_LED_On
                0x000000000800269c       0x2c Drivers/BSP/NUCLEO-F401RE/stm32f4xx_nucleo.o
                0x000000000800269c                BSP_LED_On
 .text.BSP_LED_Off
                0x00000000080026c8       0x2c Drivers/BSP/NUCLEO-F401RE/stm32f4xx_nucleo.o
                0x00000000080026c8                BSP_LED_Off
 .text.LED_USER_GPIO_Init
                0x00000000080026f4       0x84 Drivers/BSP/NUCLEO-F401RE/stm32f4xx_nucleo.o
 .text.BSP_PB_Init
                0x0000000008002778       0xa8 Drivers/BSP/NUCLEO-F401RE/stm32f4xx_nucleo.o
                0x0000000008002778                BSP_PB_Init
 .text.BSP_PB_GetState
                0x0000000008002820       0x38 Drivers/BSP/NUCLEO-F401RE/stm32f4xx_nucleo.o
                0x0000000008002820                BSP_PB_GetState
 .text.BUTTON_USER_EXTI_Callback
                0x0000000008002858        0xe Drivers/BSP/NUCLEO-F401RE/stm32f4xx_nucleo.o
 *fill*         0x0000000008002866        0x2 
 .text.BUTTON_USER_GPIO_Init
                0x0000000008002868       0x7c Drivers/BSP/NUCLEO-F401RE/stm32f4xx_nucleo.o
 .text.BSP_COM_Init
                0x00000000080028e4       0x68 Drivers/BSP/NUCLEO-F401RE/stm32f4xx_nucleo.o
                0x00000000080028e4                BSP_COM_Init
 .text.MX_USART2_UART_Init
                0x000000000800294c       0x5c Drivers/BSP/NUCLEO-F401RE/stm32f4xx_nucleo.o
                0x000000000800294c                MX_USART2_UART_Init
 .text.__io_putchar
                0x00000000080029a8       0x30 Drivers/BSP/NUCLEO-F401RE/stm32f4xx_nucleo.o
                0x00000000080029a8                __io_putchar
 .text.USART2_MspInit
                0x00000000080029d8       0x90 Drivers/BSP/NUCLEO-F401RE/stm32f4xx_nucleo.o
 .text.HAL_Init
                0x0000000008002a68       0x44 Drivers/STM32F4xx_HAL_Driver/Src/stm32f4xx_hal.o
                0x0000000008002a68                HAL_Init
 .text.HAL_InitTick
                0x0000000008002aac       0x60 Drivers/STM32F4xx_HAL_Driver/Src/stm32f4xx_hal.o
                0x0000000008002aac                HAL_InitTick
 .text.HAL_IncTick
                0x0000000008002b0c       0x28 Drivers/STM32F4xx_HAL_Driver/Src/stm32f4xx_hal.o
                0x0000000008002b0c                HAL_IncTick
 .text.HAL_GetTick
                0x0000000008002b34       0x18 Drivers/STM32F4xx_HAL_Driver/Src/stm32f4xx_hal.o
                0x0000000008002b34                HAL_GetTick
 .text.HAL_Delay
                0x0000000008002b4c       0x44 Drivers/STM32F4xx_HAL_Driver/Src/stm32f4xx_hal.o
                0x0000000008002b4c                HAL_Delay
 .text.__NVIC_SetPriorityGrouping
                0x0000000008002b90       0x48 Drivers/STM32F4xx_HAL_Driver/Src/stm32f4xx_hal_cortex.o
 .text.__NVIC_GetPriorityGrouping
                0x0000000008002bd8       0x1c Drivers/STM32F4xx_HAL_Driver/Src/stm32f4xx_hal_cortex.o
 .text.__NVIC_EnableIRQ
                0x0000000008002bf4       0x3c Drivers/STM32F4xx_HAL_Driver/Src/stm32f4xx_hal_cortex.o
 .text.__NVIC_SetPriority
                0x0000000008002c30       0x54 Drivers/STM32F4xx_HAL_Driver/Src/stm32f4xx_hal_cortex.o
 .text.NVIC_EncodePriority
                0x0000000008002c84       0x66 Drivers/STM32F4xx_HAL_Driver/Src/stm32f4xx_hal_cortex.o
 *fill*         0x0000000008002cea        0x2 
 .text.SysTick_Config
                0x0000000008002cec       0x44 Drivers/STM32F4xx_HAL_Driver/Src/stm32f4xx_hal_cortex.o
 .text.HAL_NVIC_SetPriorityGrouping
                0x0000000008002d30       0x16 Drivers/STM32F4xx_HAL_Driver/Src/stm32f4xx_hal_cortex.o
                0x0000000008002d30                HAL_NVIC_SetPriorityGrouping
 .text.HAL_NVIC_SetPriority
                0x0000000008002d46       0x38 Drivers/STM32F4xx_HAL_Driver/Src/stm32f4xx_hal_cortex.o
                0x0000000008002d46                HAL_NVIC_SetPriority
 .text.HAL_NVIC_EnableIRQ
                0x0000000008002d7e       0x1c Drivers/STM32F4xx_HAL_Driver/Src/stm32f4xx_hal_cortex.o
                0x0000000008002d7e                HAL_NVIC_EnableIRQ
 .text.HAL_SYSTICK_Config
                0x0000000008002d9a       0x18 Drivers/STM32F4xx_HAL_Driver/Src/stm32f4xx_hal_cortex.o
                0x0000000008002d9a                HAL_SYSTICK_Config
 .text.HAL_CRC_Init
                0x0000000008002db2       0x38 Drivers/STM32F4xx_HAL_Driver/Src/stm32f4xx_hal_crc.o
                0x0000000008002db2                HAL_CRC_Init
 .text.HAL_EXTI_RegisterCallback
                0x0000000008002dea       0x34 Drivers/STM32F4xx_HAL_Driver/Src/stm32f4xx_hal_exti.o
                0x0000000008002dea                HAL_EXTI_RegisterCallback
 .text.HAL_EXTI_GetHandle
                0x0000000008002e1e       0x28 Drivers/STM32F4xx_HAL_Driver/Src/stm32f4xx_hal_exti.o
                0x0000000008002e1e                HAL_EXTI_GetHandle
 *fill*         0x0000000008002e46        0x2 
 .text.HAL_GPIO_Init
                0x0000000008002e48      0x304 Drivers/STM32F4xx_HAL_Driver/Src/stm32f4xx_hal_gpio.o
                0x0000000008002e48                HAL_GPIO_Init
 .text.HAL_GPIO_DeInit
                0x000000000800314c      0x1c4 Drivers/STM32F4xx_HAL_Driver/Src/stm32f4xx_hal_gpio.o
                0x000000000800314c                HAL_GPIO_DeInit
 .text.HAL_GPIO_ReadPin
                0x0000000008003310       0x30 Drivers/STM32F4xx_HAL_Driver/Src/stm32f4xx_hal_gpio.o
                0x0000000008003310                HAL_GPIO_ReadPin
 .text.HAL_GPIO_WritePin
                0x0000000008003340       0x32 Drivers/STM32F4xx_HAL_Driver/Src/stm32f4xx_hal_gpio.o
                0x0000000008003340                HAL_GPIO_WritePin
 *fill*         0x0000000008003372        0x2 
 .text.HAL_I2C_Init
                0x0000000008003374      0x270 Drivers/STM32F4xx_HAL_Driver/Src/stm32f4xx_hal_i2c.o
                0x0000000008003374                HAL_I2C_Init
 .text.HAL_I2C_DeInit
                0x00000000080035e4       0x5e Drivers/STM32F4xx_HAL_Driver/Src/stm32f4xx_hal_i2c.o
                0x00000000080035e4                HAL_I2C_DeInit
 .text.HAL_I2C_MspInit
                0x0000000008003642       0x14 Drivers/STM32F4xx_HAL_Driver/Src/stm32f4xx_hal_i2c.o
                0x0000000008003642                HAL_I2C_MspInit
 .text.HAL_I2C_MspDeInit
                0x0000000008003656       0x14 Drivers/STM32F4xx_HAL_Driver/Src/stm32f4xx_hal_i2c.o
                0x0000000008003656                HAL_I2C_MspDeInit
 *fill*         0x000000000800366a        0x2 
 .text.HAL_I2C_Mem_Write
                0x000000000800366c      0x1f4 Drivers/STM32F4xx_HAL_Driver/Src/stm32f4xx_hal_i2c.o
                0x000000000800366c                HAL_I2C_Mem_Write
 .text.HAL_I2C_Mem_Read
                0x0000000008003860      0x44c Drivers/STM32F4xx_HAL_Driver/Src/stm32f4xx_hal_i2c.o
                0x0000000008003860                HAL_I2C_Mem_Read
 .text.HAL_I2C_GetState
                0x0000000008003cac       0x1c Drivers/STM32F4xx_HAL_Driver/Src/stm32f4xx_hal_i2c.o
                0x0000000008003cac                HAL_I2C_GetState
 .text.HAL_I2C_GetError
                0x0000000008003cc8       0x18 Drivers/STM32F4xx_HAL_Driver/Src/stm32f4xx_hal_i2c.o
                0x0000000008003cc8                HAL_I2C_GetError
 .text.I2C_RequestMemoryWrite
                0x0000000008003ce0      0x12c Drivers/STM32F4xx_HAL_Driver/Src/stm32f4xx_hal_i2c.o
 .text.I2C_RequestMemoryRead
                0x0000000008003e0c      0x1d0 Drivers/STM32F4xx_HAL_Driver/Src/stm32f4xx_hal_i2c.o
 .text.I2C_WaitOnFlagUntilTimeout
                0x0000000008003fdc       0xae Drivers/STM32F4xx_HAL_Driver/Src/stm32f4xx_hal_i2c.o
 .text.I2C_WaitOnMasterAddressFlagUntilTimeout
                0x000000000800408a       0xfe Drivers/STM32F4xx_HAL_Driver/Src/stm32f4xx_hal_i2c.o
 .text.I2C_WaitOnTXEFlagUntilTimeout
                0x0000000008004188       0x82 Drivers/STM32F4xx_HAL_Driver/Src/stm32f4xx_hal_i2c.o
 .text.I2C_WaitOnBTFFlagUntilTimeout
                0x000000000800420a       0x82 Drivers/STM32F4xx_HAL_Driver/Src/stm32f4xx_hal_i2c.o
 .text.I2C_WaitOnRXNEFlagUntilTimeout
                0x000000000800428c       0xac Drivers/STM32F4xx_HAL_Driver/Src/stm32f4xx_hal_i2c.o
 .text.I2C_IsAcknowledgeFailed
                0x0000000008004338       0x5e Drivers/STM32F4xx_HAL_Driver/Src/stm32f4xx_hal_i2c.o
 *fill*         0x0000000008004396        0x2 
 .text.HAL_RCC_OscConfig
                0x0000000008004398      0x4e0 Drivers/STM32F4xx_HAL_Driver/Src/stm32f4xx_hal_rcc.o
                0x0000000008004398                HAL_RCC_OscConfig
 .text.HAL_RCC_ClockConfig
                0x0000000008004878      0x1cc Drivers/STM32F4xx_HAL_Driver/Src/stm32f4xx_hal_rcc.o
                0x0000000008004878                HAL_RCC_ClockConfig
 .text.HAL_RCC_GetSysClockFreq
                0x0000000008004a44      0x1b0 Drivers/STM32F4xx_HAL_Driver/Src/stm32f4xx_hal_rcc.o
                0x0000000008004a44                HAL_RCC_GetSysClockFreq
 .text.HAL_RCC_GetHCLKFreq
                0x0000000008004bf4       0x18 Drivers/STM32F4xx_HAL_Driver/Src/stm32f4xx_hal_rcc.o
                0x0000000008004bf4                HAL_RCC_GetHCLKFreq
 .text.HAL_RCC_GetPCLK1Freq
                0x0000000008004c0c       0x28 Drivers/STM32F4xx_HAL_Driver/Src/stm32f4xx_hal_rcc.o
                0x0000000008004c0c                HAL_RCC_GetPCLK1Freq
 .text.HAL_RCC_GetPCLK2Freq
                0x0000000008004c34       0x28 Drivers/STM32F4xx_HAL_Driver/Src/stm32f4xx_hal_rcc.o
                0x0000000008004c34                HAL_RCC_GetPCLK2Freq
 .text.HAL_UART_Init
                0x0000000008004c5c       0x9a Drivers/STM32F4xx_HAL_Driver/Src/stm32f4xx_hal_uart.o
                0x0000000008004c5c                HAL_UART_Init
 .text.HAL_UART_MspInit
                0x0000000008004cf6       0x14 Drivers/STM32F4xx_HAL_Driver/Src/stm32f4xx_hal_uart.o
                0x0000000008004cf6                HAL_UART_MspInit
 .text.HAL_UART_Transmit
                0x0000000008004d0a      0x132 Drivers/STM32F4xx_HAL_Driver/Src/stm32f4xx_hal_uart.o
                0x0000000008004d0a                HAL_UART_Transmit
 .text.UART_WaitOnFlagUntilTimeout
                0x0000000008004e3c       0x94 Drivers/STM32F4xx_HAL_Driver/Src/stm32f4xx_hal_uart.o
 .text.UART_SetConfig
                0x0000000008004ed0      0x6f8 Drivers/STM32F4xx_HAL_Driver/Src/stm32f4xx_hal_uart.o
 .text.MX_MEMS_Init
                0x00000000080055c8        0xc Src/app_mems.o
                0x00000000080055c8                MX_MEMS_Init
 .text.MX_MEMS_Process
                0x00000000080055d4        0xc Src/app_mems.o
                0x00000000080055d4                MX_MEMS_Process
 .text.MX_LSM6DSO_SelfTest_Init
                0x00000000080055e0       0x6c Src/app_mems.o
 .text.BSP_PB_Callback
                0x000000000800564c       0x20 Src/app_mems.o
                0x000000000800564c                BSP_PB_Callback
 .text.MX_LSM6DSO_SelfTest_Process
                0x000000000800566c       0x18 Src/app_mems.o
 .text.LSM6DSO_X_SelfTest
                0x0000000008005684      0x4f0 Src/app_mems.o
 .text.LSM6DSO_X_Get_Data
                0x0000000008005b74       0x48 Src/app_mems.o
 .text.CUSTOM_MOTION_SENSOR_Init
                0x0000000008005bbc      0x110 Src/custom_motion_sensors.o
                0x0000000008005bbc                CUSTOM_MOTION_SENSOR_Init
 .text.CUSTOM_MOTION_SENSOR_GetAxes
                0x0000000008005ccc       0x88 Src/custom_motion_sensors.o
                0x0000000008005ccc                CUSTOM_MOTION_SENSOR_GetAxes
 .text.LSM6DSO_0_Probe
                0x0000000008005d54      0x178 Src/custom_motion_sensors.o
 .text.CUSTOM_MOTION_SENSOR_Read_Register
                0x0000000008005ecc       0x50 Src/custom_motion_sensors_ex.o
                0x0000000008005ecc                CUSTOM_MOTION_SENSOR_Read_Register
 .text.CUSTOM_MOTION_SENSOR_Write_Register
                0x0000000008005f1c       0x54 Src/custom_motion_sensors_ex.o
                0x0000000008005f1c                CUSTOM_MOTION_SENSOR_Write_Register
 .text.CUSTOM_MOTION_SENSOR_Get_DRDY_Status
                0x0000000008005f70       0x8c Src/custom_motion_sensors_ex.o
                0x0000000008005f70                CUSTOM_MOTION_SENSOR_Get_DRDY_Status
 .text.CUSTOM_MOTION_SENSOR_Set_SelfTest
                0x0000000008005ffc       0x94 Src/custom_motion_sensors_ex.o
                0x0000000008005ffc                CUSTOM_MOTION_SENSOR_Set_SelfTest
 .text.main     0x0000000008006090       0x64 Src/main.o
                0x0000000008006090                main
 .text.SystemClock_Config
                0x00000000080060f4       0xd8 Src/main.o
                0x00000000080060f4                SystemClock_Config
 .text.MX_CRC_Init
                0x00000000080061cc       0x28 Src/main.o
 .text.MX_GPIO_Init
                0x00000000080061f4       0x88 Src/main.o
 .text.Error_Handler
                0x000000000800627c        0xe Src/main.o
                0x000000000800627c                Error_Handler
 *fill*         0x000000000800628a        0x2 
 .text.HAL_MspInit
                0x000000000800628c       0x50 Src/stm32f4xx_hal_msp.o
                0x000000000800628c                HAL_MspInit
 .text.HAL_CRC_MspInit
                0x00000000080062dc       0x44 Src/stm32f4xx_hal_msp.o
                0x00000000080062dc                HAL_CRC_MspInit
 .text.NMI_Handler
                0x0000000008006320        0xe Src/stm32f4xx_it.o
                0x0000000008006320                NMI_Handler
 .text.HardFault_Handler
                0x000000000800632e        0x6 Src/stm32f4xx_it.o
                0x000000000800632e                HardFault_Handler
 .text.MemManage_Handler
                0x0000000008006334        0x6 Src/stm32f4xx_it.o
                0x0000000008006334                MemManage_Handler
 .text.BusFault_Handler
                0x000000000800633a        0x6 Src/stm32f4xx_it.o
                0x000000000800633a                BusFault_Handler
 .text.UsageFault_Handler
                0x0000000008006340        0x6 Src/stm32f4xx_it.o
                0x0000000008006340                UsageFault_Handler
 .text.SVC_Handler
                0x0000000008006346        0xe Src/stm32f4xx_it.o
                0x0000000008006346                SVC_Handler
 .text.DebugMon_Handler
                0x0000000008006354        0xe Src/stm32f4xx_it.o
                0x0000000008006354                DebugMon_Handler
 .text.PendSV_Handler
                0x0000000008006362        0xe Src/stm32f4xx_it.o
                0x0000000008006362                PendSV_Handler
 .text.SysTick_Handler
                0x0000000008006370        0xc Src/stm32f4xx_it.o
                0x0000000008006370                SysTick_Handler
 .text.BSP_I2C1_Init
                0x000000000800637c       0x64 Src/stm32f4xx_nucleo_bus.o
                0x000000000800637c                BSP_I2C1_Init
 .text.BSP_I2C1_DeInit
                0x00000000080063e0       0x50 Src/stm32f4xx_nucleo_bus.o
                0x00000000080063e0                BSP_I2C1_DeInit
 .text.BSP_I2C1_WriteReg
                0x0000000008006430       0x64 Src/stm32f4xx_nucleo_bus.o
                0x0000000008006430                BSP_I2C1_WriteReg
 .text.BSP_I2C1_ReadReg
                0x0000000008006494       0x64 Src/stm32f4xx_nucleo_bus.o
                0x0000000008006494                BSP_I2C1_ReadReg
 .text.BSP_GetTick
                0x00000000080064f8        0xe Src/stm32f4xx_nucleo_bus.o
                0x00000000080064f8                BSP_GetTick
 *fill*         0x0000000008006506        0x2 
 .text.MX_I2C1_Init
                0x0000000008006508       0x68 Src/stm32f4xx_nucleo_bus.o
                0x0000000008006508                MX_I2C1_Init
 .text.I2C1_MspInit
                0x0000000008006570       0x94 Src/stm32f4xx_nucleo_bus.o
 .text.I2C1_MspDeInit
                0x0000000008006604       0x38 Src/stm32f4xx_nucleo_bus.o
 .text._read    0x000000000800663c       0x3a Src/syscalls.o
                0x000000000800663c                _read
 .text._write   0x0000000008006676       0x38 Src/syscalls.o
                0x0000000008006676                _write
 .text._close   0x00000000080066ae       0x18 Src/syscalls.o
                0x00000000080066ae                _close
 .text._fstat   0x00000000080066c6       0x20 Src/syscalls.o
                0x00000000080066c6                _fstat
 .text._isatty  0x00000000080066e6       0x16 Src/syscalls.o
                0x00000000080066e6                _isatty
 .text._lseek   0x00000000080066fc       0x1a Src/syscalls.o
                0x00000000080066fc                _lseek
 *fill*         0x0000000008006716        0x2 
 .text._sbrk    0x0000000008006718       0x6c Src/sysmem.o
                0x0000000008006718                _sbrk
 .text.SystemInit
                0x0000000008006784       0x2c Src/system_stm32f4xx.o
                0x0000000008006784                SystemInit
 .text.Reset_Handler
                0x00000000080067b0       0x50 Startup/startup_stm32f401retx.o
                0x00000000080067b0                Reset_Handler
 .text.Default_Handler
                0x0000000008006800        0x2 Startup/startup_stm32f401retx.o
                0x0000000008006800                RTC_Alarm_IRQHandler
                0x0000000008006800                EXTI2_IRQHandler
                0x0000000008006800                SPI4_IRQHandler
                0x0000000008006800                TIM1_CC_IRQHandler
                0x0000000008006800                DMA2_Stream5_IRQHandler
                0x0000000008006800                DMA1_Stream5_IRQHandler
                0x0000000008006800                PVD_IRQHandler
                0x0000000008006800                SDIO_IRQHandler
                0x0000000008006800                TAMP_STAMP_IRQHandler
                0x0000000008006800                EXTI3_IRQHandler
                0x0000000008006800                TIM1_UP_TIM10_IRQHandler
                0x0000000008006800                I2C3_ER_IRQHandler
                0x0000000008006800                EXTI0_IRQHandler
                0x0000000008006800                I2C2_EV_IRQHandler
                0x0000000008006800                DMA1_Stream2_IRQHandler
                0x0000000008006800                FPU_IRQHandler
                0x0000000008006800                DMA2_Stream2_IRQHandler
                0x0000000008006800                SPI1_IRQHandler
                0x0000000008006800                TIM1_BRK_TIM9_IRQHandler
                0x0000000008006800                DMA2_Stream3_IRQHandler
                0x0000000008006800                USART6_IRQHandler
                0x0000000008006800                DMA2_Stream0_IRQHandler
                0x0000000008006800                TIM4_IRQHandler
                0x0000000008006800                I2C1_EV_IRQHandler
                0x0000000008006800                DMA1_Stream6_IRQHandler
                0x0000000008006800                DMA1_Stream1_IRQHandler
                0x0000000008006800                TIM3_IRQHandler
                0x0000000008006800                RCC_IRQHandler
                0x0000000008006800                Default_Handler
                0x0000000008006800                EXTI15_10_IRQHandler
                0x0000000008006800                ADC_IRQHandler
                0x0000000008006800                DMA1_Stream7_IRQHandler
                0x0000000008006800                TIM5_IRQHandler
                0x0000000008006800                DMA2_Stream7_IRQHandler
                0x0000000008006800                I2C3_EV_IRQHandler
                0x0000000008006800                EXTI9_5_IRQHandler
                0x0000000008006800                RTC_WKUP_IRQHandler
                0x0000000008006800                SPI2_IRQHandler
                0x0000000008006800                DMA1_Stream0_IRQHandler
                0x0000000008006800                EXTI4_IRQHandler
                0x0000000008006800                WWDG_IRQHandler
                0x0000000008006800                TIM2_IRQHandler
                0x0000000008006800                OTG_FS_WKUP_IRQHandler
                0x0000000008006800                TIM1_TRG_COM_TIM11_IRQHandler
                0x0000000008006800                EXTI1_IRQHandler
                0x0000000008006800                USART2_IRQHandler
                0x0000000008006800                I2C2_ER_IRQHandler
                0x0000000008006800                DMA2_Stream1_IRQHandler
                0x0000000008006800                FLASH_IRQHandler
                0x0000000008006800                DMA2_Stream4_IRQHandler
                0x0000000008006800                USART1_IRQHandler
                0x0000000008006800                OTG_FS_IRQHandler
                0x0000000008006800                SPI3_IRQHandler
                0x0000000008006800                DMA1_Stream4_IRQHandler
                0x0000000008006800                I2C1_ER_IRQHandler
                0x0000000008006800                DMA2_Stream6_IRQHandler
                0x0000000008006800                DMA1_Stream3_IRQHandler
 *fill*         0x0000000008006802        0x2 
 .text.__errno  0x0000000008006804        0xc c:/st/stm32cubeide_1.4.0/stm32cubeide/plugins/com.st.stm32cube.ide.mcu.externaltools.gnu-tools-for-stm32.7-2018-q2-update.win32_1.4.0.202007081208/tools/bin/../lib/gcc/arm-none-eabi/7.3.1/../../../../arm-none-eabi/lib/thumb/v7e-m/fpv4-sp/hard\libc_nano.a(lib_a-errno.o)
                0x0000000008006804                __errno
 .text.__libc_init_array
                0x0000000008006810       0x48 c:/st/stm32cubeide_1.4.0/stm32cubeide/plugins/com.st.stm32cube.ide.mcu.externaltools.gnu-tools-for-stm32.7-2018-q2-update.win32_1.4.0.202007081208/tools/bin/../lib/gcc/arm-none-eabi/7.3.1/../../../../arm-none-eabi/lib/thumb/v7e-m/fpv4-sp/hard\libc_nano.a(lib_a-init.o)
                0x0000000008006810                __libc_init_array
 .text.memcpy   0x0000000008006858       0x16 c:/st/stm32cubeide_1.4.0/stm32cubeide/plugins/com.st.stm32cube.ide.mcu.externaltools.gnu-tools-for-stm32.7-2018-q2-update.win32_1.4.0.202007081208/tools/bin/../lib/gcc/arm-none-eabi/7.3.1/../../../../arm-none-eabi/lib/thumb/v7e-m/fpv4-sp/hard\libc_nano.a(lib_a-memcpy-stub.o)
                0x0000000008006858                memcpy
 .text.memset   0x000000000800686e       0x10 c:/st/stm32cubeide_1.4.0/stm32cubeide/plugins/com.st.stm32cube.ide.mcu.externaltools.gnu-tools-for-stm32.7-2018-q2-update.win32_1.4.0.202007081208/tools/bin/../lib/gcc/arm-none-eabi/7.3.1/../../../../arm-none-eabi/lib/thumb/v7e-m/fpv4-sp/hard\libc_nano.a(lib_a-memset.o)
                0x000000000800686e                memset
 *fill*         0x000000000800687e        0x2 
 .text.printf   0x0000000008006880       0x30 c:/st/stm32cubeide_1.4.0/stm32cubeide/plugins/com.st.stm32cube.ide.mcu.externaltools.gnu-tools-for-stm32.7-2018-q2-update.win32_1.4.0.202007081208/tools/bin/../lib/gcc/arm-none-eabi/7.3.1/../../../../arm-none-eabi/lib/thumb/v7e-m/fpv4-sp/hard\libc_nano.a(lib_a-printf.o)
                0x0000000008006880                iprintf
                0x0000000008006880                printf
 .text.snprintf
                0x00000000080068b0       0x68 c:/st/stm32cubeide_1.4.0/stm32cubeide/plugins/com.st.stm32cube.ide.mcu.externaltools.gnu-tools-for-stm32.7-2018-q2-update.win32_1.4.0.202007081208/tools/bin/../lib/gcc/arm-none-eabi/7.3.1/../../../../arm-none-eabi/lib/thumb/v7e-m/fpv4-sp/hard\libc_nano.a(lib_a-snprintf.o)
                0x00000000080068b0                sniprintf
                0x00000000080068b0                snprintf
 .text.std      0x0000000008006918       0x48 c:/st/stm32cubeide_1.4.0/stm32cubeide/plugins/com.st.stm32cube.ide.mcu.externaltools.gnu-tools-for-stm32.7-2018-q2-update.win32_1.4.0.202007081208/tools/bin/../lib/gcc/arm-none-eabi/7.3.1/../../../../arm-none-eabi/lib/thumb/v7e-m/fpv4-sp/hard\libc_nano.a(lib_a-findfp.o)
 .text._cleanup_r
                0x0000000008006960        0xc c:/st/stm32cubeide_1.4.0/stm32cubeide/plugins/com.st.stm32cube.ide.mcu.externaltools.gnu-tools-for-stm32.7-2018-q2-update.win32_1.4.0.202007081208/tools/bin/../lib/gcc/arm-none-eabi/7.3.1/../../../../arm-none-eabi/lib/thumb/v7e-m/fpv4-sp/hard\libc_nano.a(lib_a-findfp.o)
                0x0000000008006960                _cleanup_r
 .text.__sfmoreglue
                0x000000000800696c       0x2c c:/st/stm32cubeide_1.4.0/stm32cubeide/plugins/com.st.stm32cube.ide.mcu.externaltools.gnu-tools-for-stm32.7-2018-q2-update.win32_1.4.0.202007081208/tools/bin/../lib/gcc/arm-none-eabi/7.3.1/../../../../arm-none-eabi/lib/thumb/v7e-m/fpv4-sp/hard\libc_nano.a(lib_a-findfp.o)
                0x000000000800696c                __sfmoreglue
 .text.__sinit  0x0000000008006998       0x60 c:/st/stm32cubeide_1.4.0/stm32cubeide/plugins/com.st.stm32cube.ide.mcu.externaltools.gnu-tools-for-stm32.7-2018-q2-update.win32_1.4.0.202007081208/tools/bin/../lib/gcc/arm-none-eabi/7.3.1/../../../../arm-none-eabi/lib/thumb/v7e-m/fpv4-sp/hard\libc_nano.a(lib_a-findfp.o)
                0x0000000008006998                __sinit
 .text.__sfp    0x00000000080069f8       0x78 c:/st/stm32cubeide_1.4.0/stm32cubeide/plugins/com.st.stm32cube.ide.mcu.externaltools.gnu-tools-for-stm32.7-2018-q2-update.win32_1.4.0.202007081208/tools/bin/../lib/gcc/arm-none-eabi/7.3.1/../../../../arm-none-eabi/lib/thumb/v7e-m/fpv4-sp/hard\libc_nano.a(lib_a-findfp.o)
                0x00000000080069f8                __sfp
 .text._fwalk_reent
                0x0000000008006a70       0x3c c:/st/stm32cubeide_1.4.0/stm32cubeide/plugins/com.st.stm32cube.ide.mcu.externaltools.gnu-tools-for-stm32.7-2018-q2-update.win32_1.4.0.202007081208/tools/bin/../lib/gcc/arm-none-eabi/7.3.1/../../../../arm-none-eabi/lib/thumb/v7e-m/fpv4-sp/hard\libc_nano.a(lib_a-fwalk.o)
                0x0000000008006a70                _fwalk_reent
 .text._malloc_r
                0x0000000008006aac       0xb4 c:/st/stm32cubeide_1.4.0/stm32cubeide/plugins/com.st.stm32cube.ide.mcu.externaltools.gnu-tools-for-stm32.7-2018-q2-update.win32_1.4.0.202007081208/tools/bin/../lib/gcc/arm-none-eabi/7.3.1/../../../../arm-none-eabi/lib/thumb/v7e-m/fpv4-sp/hard\libc_nano.a(lib_a-nano-mallocr.o)
                0x0000000008006aac                _malloc_r
 .text.__ssputs_r
                0x0000000008006b60       0xb4 c:/st/stm32cubeide_1.4.0/stm32cubeide/plugins/com.st.stm32cube.ide.mcu.externaltools.gnu-tools-for-stm32.7-2018-q2-update.win32_1.4.0.202007081208/tools/bin/../lib/gcc/arm-none-eabi/7.3.1/../../../../arm-none-eabi/lib/thumb/v7e-m/fpv4-sp/hard\libc_nano.a(lib_a-nano-svfprintf.o)
                0x0000000008006b60                __ssputs_r
 .text._svfprintf_r
                0x0000000008006c14      0x1f0 c:/st/stm32cubeide_1.4.0/stm32cubeide/plugins/com.st.stm32cube.ide.mcu.externaltools.gnu-tools-for-stm32.7-2018-q2-update.win32_1.4.0.202007081208/tools/bin/../lib/gcc/arm-none-eabi/7.3.1/../../../../arm-none-eabi/lib/thumb/v7e-m/fpv4-sp/hard\libc_nano.a(lib_a-nano-svfprintf.o)
                0x0000000008006c14                _svfiprintf_r
                0x0000000008006c14                _svfprintf_r
 .text.__sfputc_r
                0x0000000008006e04       0x2e c:/st/stm32cubeide_1.4.0/stm32cubeide/plugins/com.st.stm32cube.ide.mcu.externaltools.gnu-tools-for-stm32.7-2018-q2-update.win32_1.4.0.202007081208/tools/bin/../lib/gcc/arm-none-eabi/7.3.1/../../../../arm-none-eabi/lib/thumb/v7e-m/fpv4-sp/hard\libc_nano.a(lib_a-nano-vfprintf.o)
 .text.__sfputs_r
                0x0000000008006e32       0x24 c:/st/stm32cubeide_1.4.0/stm32cubeide/plugins/com.st.stm32cube.ide.mcu.externaltools.gnu-tools-for-stm32.7-2018-q2-update.win32_1.4.0.202007081208/tools/bin/../lib/gcc/arm-none-eabi/7.3.1/../../../../arm-none-eabi/lib/thumb/v7e-m/fpv4-sp/hard\libc_nano.a(lib_a-nano-vfprintf.o)
                0x0000000008006e32                __sfputs_r
 *fill*         0x0000000008006e56        0x2 
 .text._vfprintf_r
                0x0000000008006e58      0x22c c:/st/stm32cubeide_1.4.0/stm32cubeide/plugins/com.st.stm32cube.ide.mcu.externaltools.gnu-tools-for-stm32.7-2018-q2-update.win32_1.4.0.202007081208/tools/bin/../lib/gcc/arm-none-eabi/7.3.1/../../../../arm-none-eabi/lib/thumb/v7e-m/fpv4-sp/hard\libc_nano.a(lib_a-nano-vfprintf.o)
                0x0000000008006e58                _vfprintf_r
                0x0000000008006e58                _vfiprintf_r
 .text._printf_common
                0x0000000008007084       0xea c:/st/stm32cubeide_1.4.0/stm32cubeide/plugins/com.st.stm32cube.ide.mcu.externaltools.gnu-tools-for-stm32.7-2018-q2-update.win32_1.4.0.202007081208/tools/bin/../lib/gcc/arm-none-eabi/7.3.1/../../../../arm-none-eabi/lib/thumb/v7e-m/fpv4-sp/hard\libc_nano.a(lib_a-nano-vfprintf_i.o)
                0x0000000008007084                _printf_common
 *fill*         0x000000000800716e        0x2 
 .text._printf_i
                0x0000000008007170      0x224 c:/st/stm32cubeide_1.4.0/stm32cubeide/plugins/com.st.stm32cube.ide.mcu.externaltools.gnu-tools-for-stm32.7-2018-q2-update.win32_1.4.0.202007081208/tools/bin/../lib/gcc/arm-none-eabi/7.3.1/../../../../arm-none-eabi/lib/thumb/v7e-m/fpv4-sp/hard\libc_nano.a(lib_a-nano-vfprintf_i.o)
                0x0000000008007170                _printf_i
 .text._sbrk_r  0x0000000008007394       0x20 c:/st/stm32cubeide_1.4.0/stm32cubeide/plugins/com.st.stm32cube.ide.mcu.externaltools.gnu-tools-for-stm32.7-2018-q2-update.win32_1.4.0.202007081208/tools/bin/../lib/gcc/arm-none-eabi/7.3.1/../../../../arm-none-eabi/lib/thumb/v7e-m/fpv4-sp/hard\libc_nano.a(lib_a-sbrkr.o)
                0x0000000008007394                _sbrk_r
 .text.__sread  0x00000000080073b4       0x22 c:/st/stm32cubeide_1.4.0/stm32cubeide/plugins/com.st.stm32cube.ide.mcu.externaltools.gnu-tools-for-stm32.7-2018-q2-update.win32_1.4.0.202007081208/tools/bin/../lib/gcc/arm-none-eabi/7.3.1/../../../../arm-none-eabi/lib/thumb/v7e-m/fpv4-sp/hard\libc_nano.a(lib_a-stdio.o)
                0x00000000080073b4                __sread
 .text.__swrite
                0x00000000080073d6       0x38 c:/st/stm32cubeide_1.4.0/stm32cubeide/plugins/com.st.stm32cube.ide.mcu.externaltools.gnu-tools-for-stm32.7-2018-q2-update.win32_1.4.0.202007081208/tools/bin/../lib/gcc/arm-none-eabi/7.3.1/../../../../arm-none-eabi/lib/thumb/v7e-m/fpv4-sp/hard\libc_nano.a(lib_a-stdio.o)
                0x00000000080073d6                __swrite
 .text.__sseek  0x000000000800740e       0x24 c:/st/stm32cubeide_1.4.0/stm32cubeide/plugins/com.st.stm32cube.ide.mcu.externaltools.gnu-tools-for-stm32.7-2018-q2-update.win32_1.4.0.202007081208/tools/bin/../lib/gcc/arm-none-eabi/7.3.1/../../../../arm-none-eabi/lib/thumb/v7e-m/fpv4-sp/hard\libc_nano.a(lib_a-stdio.o)
                0x000000000800740e                __sseek
 .text.__sclose
                0x0000000008007432        0x8 c:/st/stm32cubeide_1.4.0/stm32cubeide/plugins/com.st.stm32cube.ide.mcu.externaltools.gnu-tools-for-stm32.7-2018-q2-update.win32_1.4.0.202007081208/tools/bin/../lib/gcc/arm-none-eabi/7.3.1/../../../../arm-none-eabi/lib/thumb/v7e-m/fpv4-sp/hard\libc_nano.a(lib_a-stdio.o)
                0x0000000008007432                __sclose
 *fill*         0x000000000800743a        0x2 
 .text.__swbuf_r
                0x000000000800743c       0xa4 c:/st/stm32cubeide_1.4.0/stm32cubeide/plugins/com.st.stm32cube.ide.mcu.externaltools.gnu-tools-for-stm32.7-2018-q2-update.win32_1.4.0.202007081208/tools/bin/../lib/gcc/arm-none-eabi/7.3.1/../../../../arm-none-eabi/lib/thumb/v7e-m/fpv4-sp/hard\libc_nano.a(lib_a-wbuf.o)
                0x000000000800743c                __swbuf_r
 .text._write_r
                0x00000000080074e0       0x24 c:/st/stm32cubeide_1.4.0/stm32cubeide/plugins/com.st.stm32cube.ide.mcu.externaltools.gnu-tools-for-stm32.7-2018-q2-update.win32_1.4.0.202007081208/tools/bin/../lib/gcc/arm-none-eabi/7.3.1/../../../../arm-none-eabi/lib/thumb/v7e-m/fpv4-sp/hard\libc_nano.a(lib_a-writer.o)
                0x00000000080074e0                _write_r
 .text.__swsetup_r
                0x0000000008007504       0xdc c:/st/stm32cubeide_1.4.0/stm32cubeide/plugins/com.st.stm32cube.ide.mcu.externaltools.gnu-tools-for-stm32.7-2018-q2-update.win32_1.4.0.202007081208/tools/bin/../lib/gcc/arm-none-eabi/7.3.1/../../../../arm-none-eabi/lib/thumb/v7e-m/fpv4-sp/hard\libc_nano.a(lib_a-wsetup.o)
                0x0000000008007504                __swsetup_r
 .text._close_r
                0x00000000080075e0       0x20 c:/st/stm32cubeide_1.4.0/stm32cubeide/plugins/com.st.stm32cube.ide.mcu.externaltools.gnu-tools-for-stm32.7-2018-q2-update.win32_1.4.0.202007081208/tools/bin/../lib/gcc/arm-none-eabi/7.3.1/../../../../arm-none-eabi/lib/thumb/v7e-m/fpv4-sp/hard\libc_nano.a(lib_a-closer.o)
                0x00000000080075e0                _close_r
 .text.__sflush_r
                0x0000000008007600      0x10c c:/st/stm32cubeide_1.4.0/stm32cubeide/plugins/com.st.stm32cube.ide.mcu.externaltools.gnu-tools-for-stm32.7-2018-q2-update.win32_1.4.0.202007081208/tools/bin/../lib/gcc/arm-none-eabi/7.3.1/../../../../arm-none-eabi/lib/thumb/v7e-m/fpv4-sp/hard\libc_nano.a(lib_a-fflush.o)
                0x0000000008007600                __sflush_r
 .text._fflush_r
                0x000000000800770c       0x54 c:/st/stm32cubeide_1.4.0/stm32cubeide/plugins/com.st.stm32cube.ide.mcu.externaltools.gnu-tools-for-stm32.7-2018-q2-update.win32_1.4.0.202007081208/tools/bin/../lib/gcc/arm-none-eabi/7.3.1/../../../../arm-none-eabi/lib/thumb/v7e-m/fpv4-sp/hard\libc_nano.a(lib_a-fflush.o)
                0x000000000800770c                _fflush_r
 .text._lseek_r
                0x0000000008007760       0x24 c:/st/stm32cubeide_1.4.0/stm32cubeide/plugins/com.st.stm32cube.ide.mcu.externaltools.gnu-tools-for-stm32.7-2018-q2-update.win32_1.4.0.202007081208/tools/bin/../lib/gcc/arm-none-eabi/7.3.1/../../../../arm-none-eabi/lib/thumb/v7e-m/fpv4-sp/hard\libc_nano.a(lib_a-lseekr.o)
                0x0000000008007760                _lseek_r
 .text.__swhatbuf_r
                0x0000000008007784       0x48 c:/st/stm32cubeide_1.4.0/stm32cubeide/plugins/com.st.stm32cube.ide.mcu.externaltools.gnu-tools-for-stm32.7-2018-q2-update.win32_1.4.0.202007081208/tools/bin/../lib/gcc/arm-none-eabi/7.3.1/../../../../arm-none-eabi/lib/thumb/v7e-m/fpv4-sp/hard\libc_nano.a(lib_a-makebuf.o)
                0x0000000008007784                __swhatbuf_r
 .text.__smakebuf_r
                0x00000000080077cc       0x80 c:/st/stm32cubeide_1.4.0/stm32cubeide/plugins/com.st.stm32cube.ide.mcu.externaltools.gnu-tools-for-stm32.7-2018-q2-update.win32_1.4.0.202007081208/tools/bin/../lib/gcc/arm-none-eabi/7.3.1/../../../../arm-none-eabi/lib/thumb/v7e-m/fpv4-sp/hard\libc_nano.a(lib_a-makebuf.o)
                0x00000000080077cc                __smakebuf_r
 .text.memmove  0x000000000800784c       0x32 c:/st/stm32cubeide_1.4.0/stm32cubeide/plugins/com.st.stm32cube.ide.mcu.externaltools.gnu-tools-for-stm32.7-2018-q2-update.win32_1.4.0.202007081208/tools/bin/../lib/gcc/arm-none-eabi/7.3.1/../../../../arm-none-eabi/lib/thumb/v7e-m/fpv4-sp/hard\libc_nano.a(lib_a-memmove.o)
                0x000000000800784c                memmove
 .text.__malloc_lock
                0x000000000800787e        0x2 c:/st/stm32cubeide_1.4.0/stm32cubeide/plugins/com.st.stm32cube.ide.mcu.externaltools.gnu-tools-for-stm32.7-2018-q2-update.win32_1.4.0.202007081208/tools/bin/../lib/gcc/arm-none-eabi/7.3.1/../../../../arm-none-eabi/lib/thumb/v7e-m/fpv4-sp/hard\libc_nano.a(lib_a-mlock.o)
                0x000000000800787e                __malloc_lock
 .text.__malloc_unlock
                0x0000000008007880        0x2 c:/st/stm32cubeide_1.4.0/stm32cubeide/plugins/com.st.stm32cube.ide.mcu.externaltools.gnu-tools-for-stm32.7-2018-q2-update.win32_1.4.0.202007081208/tools/bin/../lib/gcc/arm-none-eabi/7.3.1/../../../../arm-none-eabi/lib/thumb/v7e-m/fpv4-sp/hard\libc_nano.a(lib_a-mlock.o)
                0x0000000008007880                __malloc_unlock
 *fill*         0x0000000008007882        0x2 
 .text._free_r  0x0000000008007884       0x9c c:/st/stm32cubeide_1.4.0/stm32cubeide/plugins/com.st.stm32cube.ide.mcu.externaltools.gnu-tools-for-stm32.7-2018-q2-update.win32_1.4.0.202007081208/tools/bin/../lib/gcc/arm-none-eabi/7.3.1/../../../../arm-none-eabi/lib/thumb/v7e-m/fpv4-sp/hard\libc_nano.a(lib_a-nano-freer.o)
                0x0000000008007884                _free_r
 .text._realloc_r
                0x0000000008007920       0x4c c:/st/stm32cubeide_1.4.0/stm32cubeide/plugins/com.st.stm32cube.ide.mcu.externaltools.gnu-tools-for-stm32.7-2018-q2-update.win32_1.4.0.202007081208/tools/bin/../lib/gcc/arm-none-eabi/7.3.1/../../../../arm-none-eabi/lib/thumb/v7e-m/fpv4-sp/hard\libc_nano.a(lib_a-nano-reallocr.o)
                0x0000000008007920                _realloc_r
 .text._read_r  0x000000000800796c       0x24 c:/st/stm32cubeide_1.4.0/stm32cubeide/plugins/com.st.stm32cube.ide.mcu.externaltools.gnu-tools-for-stm32.7-2018-q2-update.win32_1.4.0.202007081208/tools/bin/../lib/gcc/arm-none-eabi/7.3.1/../../../../arm-none-eabi/lib/thumb/v7e-m/fpv4-sp/hard\libc_nano.a(lib_a-readr.o)
                0x000000000800796c                _read_r
 .text._fstat_r
                0x0000000008007990       0x24 c:/st/stm32cubeide_1.4.0/stm32cubeide/plugins/com.st.stm32cube.ide.mcu.externaltools.gnu-tools-for-stm32.7-2018-q2-update.win32_1.4.0.202007081208/tools/bin/../lib/gcc/arm-none-eabi/7.3.1/../../../../arm-none-eabi/lib/thumb/v7e-m/fpv4-sp/hard\libc_nano.a(lib_a-fstatr.o)
                0x0000000008007990                _fstat_r
 .text._isatty_r
                0x00000000080079b4       0x20 c:/st/stm32cubeide_1.4.0/stm32cubeide/plugins/com.st.stm32cube.ide.mcu.externaltools.gnu-tools-for-stm32.7-2018-q2-update.win32_1.4.0.202007081208/tools/bin/../lib/gcc/arm-none-eabi/7.3.1/../../../../arm-none-eabi/lib/thumb/v7e-m/fpv4-sp/hard\libc_nano.a(lib_a-isattyr.o)
                0x00000000080079b4                _isatty_r
 .text._malloc_usable_size_r
                0x00000000080079d4       0x10 c:/st/stm32cubeide_1.4.0/stm32cubeide/plugins/com.st.stm32cube.ide.mcu.externaltools.gnu-tools-for-stm32.7-2018-q2-update.win32_1.4.0.202007081208/tools/bin/../lib/gcc/arm-none-eabi/7.3.1/../../../../arm-none-eabi/lib/thumb/v7e-m/fpv4-sp/hard\libc_nano.a(lib_a-nano-msizer.o)
                0x00000000080079d4                _malloc_usable_size_r
 *(.glue_7)
 .glue_7        0x00000000080079e4        0x0 linker stubs
 *(.glue_7t)
 .glue_7t       0x00000000080079e4        0x0 linker stubs
 *(.eh_frame)
 .eh_frame      0x00000000080079e4        0x0 c:/st/stm32cubeide_1.4.0/stm32cubeide/plugins/com.st.stm32cube.ide.mcu.externaltools.gnu-tools-for-stm32.7-2018-q2-update.win32_1.4.0.202007081208/tools/bin/../lib/gcc/arm-none-eabi/7.3.1/thumb/v7e-m/fpv4-sp/hard/crtbegin.o
 *(.init)
 .init          0x00000000080079e4        0x4 c:/st/stm32cubeide_1.4.0/stm32cubeide/plugins/com.st.stm32cube.ide.mcu.externaltools.gnu-tools-for-stm32.7-2018-q2-update.win32_1.4.0.202007081208/tools/bin/../lib/gcc/arm-none-eabi/7.3.1/thumb/v7e-m/fpv4-sp/hard/crti.o
                0x00000000080079e4                _init
 .init          0x00000000080079e8        0x8 c:/st/stm32cubeide_1.4.0/stm32cubeide/plugins/com.st.stm32cube.ide.mcu.externaltools.gnu-tools-for-stm32.7-2018-q2-update.win32_1.4.0.202007081208/tools/bin/../lib/gcc/arm-none-eabi/7.3.1/thumb/v7e-m/fpv4-sp/hard/crtn.o
 *(.fini)
 .fini          0x00000000080079f0        0x4 c:/st/stm32cubeide_1.4.0/stm32cubeide/plugins/com.st.stm32cube.ide.mcu.externaltools.gnu-tools-for-stm32.7-2018-q2-update.win32_1.4.0.202007081208/tools/bin/../lib/gcc/arm-none-eabi/7.3.1/thumb/v7e-m/fpv4-sp/hard/crti.o
                0x00000000080079f0                _fini
 .fini          0x00000000080079f4        0x8 c:/st/stm32cubeide_1.4.0/stm32cubeide/plugins/com.st.stm32cube.ide.mcu.externaltools.gnu-tools-for-stm32.7-2018-q2-update.win32_1.4.0.202007081208/tools/bin/../lib/gcc/arm-none-eabi/7.3.1/thumb/v7e-m/fpv4-sp/hard/crtn.o
                0x00000000080079fc                . = ALIGN (0x4)
                0x00000000080079fc                _etext = .

.vfp11_veneer   0x00000000080079fc        0x0
 .vfp11_veneer  0x00000000080079fc        0x0 linker stubs

.v4_bx          0x00000000080079fc        0x0
 .v4_bx         0x00000000080079fc        0x0 linker stubs

.iplt           0x00000000080079fc        0x0
 .iplt          0x00000000080079fc        0x0 c:/st/stm32cubeide_1.4.0/stm32cubeide/plugins/com.st.stm32cube.ide.mcu.externaltools.gnu-tools-for-stm32.7-2018-q2-update.win32_1.4.0.202007081208/tools/bin/../lib/gcc/arm-none-eabi/7.3.1/thumb/v7e-m/fpv4-sp/hard/crtbegin.o

.rodata         0x00000000080079fc      0x45c
                0x00000000080079fc                . = ALIGN (0x4)
 *(.rodata)
 .rodata        0x00000000080079fc      0x398 Src/app_mems.o
 *(.rodata*)
 .rodata.LedGpioInit.8726
                0x0000000008007d94        0x4 Drivers/BSP/NUCLEO-F401RE/stm32f4xx_nucleo.o
 .rodata.ButtonGpioInit.8757
                0x0000000008007d98        0x4 Drivers/BSP/NUCLEO-F401RE/stm32f4xx_nucleo.o
 .rodata.BUTTON_EXTI_LINE.8756
                0x0000000008007d9c        0x4 Drivers/BSP/NUCLEO-F401RE/stm32f4xx_nucleo.o
 .rodata.ButtonCallback.8754
                0x0000000008007da0        0x4 Drivers/BSP/NUCLEO-F401RE/stm32f4xx_nucleo.o
 .rodata.BSP_BUTTON_PRIO.8755
                0x0000000008007da4        0x4 Drivers/BSP/NUCLEO-F401RE/stm32f4xx_nucleo.o
 .rodata.AHBPrescTable
                0x0000000008007da8       0x10 Src/system_stm32f4xx.o
                0x0000000008007da8                AHBPrescTable
 .rodata.APBPrescTable
                0x0000000008007db8        0x8 Src/system_stm32f4xx.o
                0x0000000008007db8                APBPrescTable
 .rodata._global_impure_ptr
                0x0000000008007dc0        0x4 c:/st/stm32cubeide_1.4.0/stm32cubeide/plugins/com.st.stm32cube.ide.mcu.externaltools.gnu-tools-for-stm32.7-2018-q2-update.win32_1.4.0.202007081208/tools/bin/../lib/gcc/arm-none-eabi/7.3.1/../../../../arm-none-eabi/lib/thumb/v7e-m/fpv4-sp/hard\libc_nano.a(lib_a-impure.o)
                0x0000000008007dc0                _global_impure_ptr
 .rodata.__sf_fake_stderr
                0x0000000008007dc4       0x20 c:/st/stm32cubeide_1.4.0/stm32cubeide/plugins/com.st.stm32cube.ide.mcu.externaltools.gnu-tools-for-stm32.7-2018-q2-update.win32_1.4.0.202007081208/tools/bin/../lib/gcc/arm-none-eabi/7.3.1/../../../../arm-none-eabi/lib/thumb/v7e-m/fpv4-sp/hard\libc_nano.a(lib_a-findfp.o)
                0x0000000008007dc4                __sf_fake_stderr
 .rodata.__sf_fake_stdin
                0x0000000008007de4       0x20 c:/st/stm32cubeide_1.4.0/stm32cubeide/plugins/com.st.stm32cube.ide.mcu.externaltools.gnu-tools-for-stm32.7-2018-q2-update.win32_1.4.0.202007081208/tools/bin/../lib/gcc/arm-none-eabi/7.3.1/../../../../arm-none-eabi/lib/thumb/v7e-m/fpv4-sp/hard\libc_nano.a(lib_a-findfp.o)
                0x0000000008007de4                __sf_fake_stdin
 .rodata.__sf_fake_stdout
                0x0000000008007e04       0x20 c:/st/stm32cubeide_1.4.0/stm32cubeide/plugins/com.st.stm32cube.ide.mcu.externaltools.gnu-tools-for-stm32.7-2018-q2-update.win32_1.4.0.202007081208/tools/bin/../lib/gcc/arm-none-eabi/7.3.1/../../../../arm-none-eabi/lib/thumb/v7e-m/fpv4-sp/hard\libc_nano.a(lib_a-findfp.o)
                0x0000000008007e04                __sf_fake_stdout
 .rodata._svfprintf_r.str1.1
                0x0000000008007e24       0x11 c:/st/stm32cubeide_1.4.0/stm32cubeide/plugins/com.st.stm32cube.ide.mcu.externaltools.gnu-tools-for-stm32.7-2018-q2-update.win32_1.4.0.202007081208/tools/bin/../lib/gcc/arm-none-eabi/7.3.1/../../../../arm-none-eabi/lib/thumb/v7e-m/fpv4-sp/hard\libc_nano.a(lib_a-nano-svfprintf.o)
 .rodata._vfprintf_r.str1.1
                0x0000000008007e35       0x11 c:/st/stm32cubeide_1.4.0/stm32cubeide/plugins/com.st.stm32cube.ide.mcu.externaltools.gnu-tools-for-stm32.7-2018-q2-update.win32_1.4.0.202007081208/tools/bin/../lib/gcc/arm-none-eabi/7.3.1/../../../../arm-none-eabi/lib/thumb/v7e-m/fpv4-sp/hard\libc_nano.a(lib_a-nano-vfprintf.o)
 .rodata._printf_i.str1.1
                0x0000000008007e35       0x22 c:/st/stm32cubeide_1.4.0/stm32cubeide/plugins/com.st.stm32cube.ide.mcu.externaltools.gnu-tools-for-stm32.7-2018-q2-update.win32_1.4.0.202007081208/tools/bin/../lib/gcc/arm-none-eabi/7.3.1/../../../../arm-none-eabi/lib/thumb/v7e-m/fpv4-sp/hard\libc_nano.a(lib_a-nano-vfprintf_i.o)
                0x0000000008007e58                . = ALIGN (0x4)
 *fill*         0x0000000008007e57        0x1 

.ARM.extab      0x0000000008007e58        0x0
                0x0000000008007e58                . = ALIGN (0x4)
 *(.ARM.extab* .gnu.linkonce.armextab.*)
                0x0000000008007e58                . = ALIGN (0x4)

.ARM            0x0000000008007e58        0x8
                0x0000000008007e58                . = ALIGN (0x4)
                0x0000000008007e58                __exidx_start = .
 *(.ARM.exidx*)
 .ARM.exidx     0x0000000008007e58        0x8 c:/st/stm32cubeide_1.4.0/stm32cubeide/plugins/com.st.stm32cube.ide.mcu.externaltools.gnu-tools-for-stm32.7-2018-q2-update.win32_1.4.0.202007081208/tools/bin/../lib/gcc/arm-none-eabi/7.3.1/thumb/v7e-m/fpv4-sp/hard\libgcc.a(_udivmoddi4.o)
                0x0000000008007e60                __exidx_end = .
                0x0000000008007e60                . = ALIGN (0x4)

.rel.dyn        0x0000000008007e60        0x0
 .rel.iplt      0x0000000008007e60        0x0 c:/st/stm32cubeide_1.4.0/stm32cubeide/plugins/com.st.stm32cube.ide.mcu.externaltools.gnu-tools-for-stm32.7-2018-q2-update.win32_1.4.0.202007081208/tools/bin/../lib/gcc/arm-none-eabi/7.3.1/thumb/v7e-m/fpv4-sp/hard/crtbegin.o

.preinit_array  0x0000000008007e60        0x0
                0x0000000008007e60                . = ALIGN (0x4)
                0x0000000008007e60                PROVIDE (__preinit_array_start = .)
 *(.preinit_array*)
                0x0000000008007e60                PROVIDE (__preinit_array_end = .)
                0x0000000008007e60                . = ALIGN (0x4)

.init_array     0x0000000008007e60        0x4
                0x0000000008007e60                . = ALIGN (0x4)
                0x0000000008007e60                PROVIDE (__init_array_start = .)
 *(SORT_BY_NAME(.init_array.*))
 *(.init_array*)
 .init_array    0x0000000008007e60        0x4 c:/st/stm32cubeide_1.4.0/stm32cubeide/plugins/com.st.stm32cube.ide.mcu.externaltools.gnu-tools-for-stm32.7-2018-q2-update.win32_1.4.0.202007081208/tools/bin/../lib/gcc/arm-none-eabi/7.3.1/thumb/v7e-m/fpv4-sp/hard/crtbegin.o
                0x0000000008007e64                PROVIDE (__init_array_end = .)
                0x0000000008007e64                . = ALIGN (0x4)

.fini_array     0x0000000008007e64        0x4
                0x0000000008007e64                . = ALIGN (0x4)
                [!provide]                        PROVIDE (__fini_array_start = .)
 *(SORT_BY_NAME(.fini_array.*))
 *(.fini_array*)
 .fini_array    0x0000000008007e64        0x4 c:/st/stm32cubeide_1.4.0/stm32cubeide/plugins/com.st.stm32cube.ide.mcu.externaltools.gnu-tools-for-stm32.7-2018-q2-update.win32_1.4.0.202007081208/tools/bin/../lib/gcc/arm-none-eabi/7.3.1/thumb/v7e-m/fpv4-sp/hard/crtbegin.o
                [!provide]                        PROVIDE (__fini_array_end = .)
                0x0000000008007e68                . = ALIGN (0x4)
                0x0000000008007e68                _sidata = LOADADDR (.data)

.data           0x0000000020000000      0x108 load address 0x0000000008007e68
                0x0000000020000000                . = ALIGN (0x4)
                0x0000000020000000                _sdata = .
 *(.data)
 *(.data*)
 .data.LSM6DSO_COMMON_Driver
                0x0000000020000000       0x10 Drivers/BSP/Components/lsm6dso/lsm6dso.o
                0x0000000020000000                LSM6DSO_COMMON_Driver
 .data.LSM6DSO_ACC_Driver
                0x0000000020000010       0x24 Drivers/BSP/Components/lsm6dso/lsm6dso.o
                0x0000000020000010                LSM6DSO_ACC_Driver
 .data.LSM6DSO_GYRO_Driver
                0x0000000020000034       0x24 Drivers/BSP/Components/lsm6dso/lsm6dso.o
                0x0000000020000034                LSM6DSO_GYRO_Driver
 .data.LED_PORT
                0x0000000020000058        0x4 Drivers/BSP/NUCLEO-F401RE/stm32f4xx_nucleo.o
 .data.BUTTON_PORT
                0x000000002000005c        0x4 Drivers/BSP/NUCLEO-F401RE/stm32f4xx_nucleo.o
 .data.hpb_exti
                0x0000000020000060        0x8 Drivers/BSP/NUCLEO-F401RE/stm32f4xx_nucleo.o
                0x0000000020000060                hpb_exti
 .data.COM_USART
                0x0000000020000068        0x4 Drivers/BSP/NUCLEO-F401RE/stm32f4xx_nucleo.o
                0x0000000020000068                COM_USART
 .data.uwTickPrio
                0x000000002000006c        0x4 Drivers/STM32F4xx_HAL_Driver/Src/stm32f4xx_hal.o
                0x000000002000006c                uwTickPrio
 .data.uwTickFreq
                0x0000000020000070        0x1 Drivers/STM32F4xx_HAL_Driver/Src/stm32f4xx_hal.o
                0x0000000020000070                uwTickFreq
 *fill*         0x0000000020000071        0x3 
 .data.reg_addr
                0x0000000020000074        0xa Src/app_mems.o
 *fill*         0x000000002000007e        0x2 
 .data.x_st_reg_values
                0x0000000020000080        0xa Src/app_mems.o
 *fill*         0x000000002000008a        0x2 
 .data.FunctionIndex
                0x000000002000008c       0x14 Src/custom_motion_sensors.o
 .data.SystemCoreClock
                0x00000000200000a0        0x4 Src/system_stm32f4xx.o
                0x00000000200000a0                SystemCoreClock
 .data._impure_ptr
                0x00000000200000a4        0x4 c:/st/stm32cubeide_1.4.0/stm32cubeide/plugins/com.st.stm32cube.ide.mcu.externaltools.gnu-tools-for-stm32.7-2018-q2-update.win32_1.4.0.202007081208/tools/bin/../lib/gcc/arm-none-eabi/7.3.1/../../../../arm-none-eabi/lib/thumb/v7e-m/fpv4-sp/hard\libc_nano.a(lib_a-impure.o)
                0x00000000200000a4                _impure_ptr
 .data.impure_data
                0x00000000200000a8       0x60 c:/st/stm32cubeide_1.4.0/stm32cubeide/plugins/com.st.stm32cube.ide.mcu.externaltools.gnu-tools-for-stm32.7-2018-q2-update.win32_1.4.0.202007081208/tools/bin/../lib/gcc/arm-none-eabi/7.3.1/../../../../arm-none-eabi/lib/thumb/v7e-m/fpv4-sp/hard\libc_nano.a(lib_a-impure.o)
                0x0000000020000108                . = ALIGN (0x4)
                0x0000000020000108                _edata = .

.igot.plt       0x0000000020000108        0x0 load address 0x0000000008007f70
 .igot.plt      0x0000000020000108        0x0 c:/st/stm32cubeide_1.4.0/stm32cubeide/plugins/com.st.stm32cube.ide.mcu.externaltools.gnu-tools-for-stm32.7-2018-q2-update.win32_1.4.0.202007081208/tools/bin/../lib/gcc/arm-none-eabi/7.3.1/thumb/v7e-m/fpv4-sp/hard/crtbegin.o
                0x0000000020000108                . = ALIGN (0x4)

.bss            0x0000000020000108      0x260 load address 0x0000000008007f70
                0x0000000020000108                _sbss = .
                0x0000000020000108                __bss_start__ = _sbss
 *(.bss)
 .bss           0x0000000020000108       0x1c c:/st/stm32cubeide_1.4.0/stm32cubeide/plugins/com.st.stm32cube.ide.mcu.externaltools.gnu-tools-for-stm32.7-2018-q2-update.win32_1.4.0.202007081208/tools/bin/../lib/gcc/arm-none-eabi/7.3.1/thumb/v7e-m/fpv4-sp/hard/crtbegin.o
 *(.bss*)
 .bss.COM_ActiveLogPort
                0x0000000020000124        0x1 Drivers/BSP/NUCLEO-F401RE/stm32f4xx_nucleo.o
 .bss.PushButtonDetected
                0x0000000020000125        0x1 Src/app_mems.o
 *fill*         0x0000000020000126        0x2 
 .bss.dataOut   0x0000000020000128      0x100 Src/app_mems.o
 .bss.PushButtonState
                0x0000000020000228        0x4 Src/app_mems.o
 .bss.MotionFuncDrv
                0x000000002000022c        0xc Src/custom_motion_sensors.o
 .bss.MotionDrv
                0x0000000020000238        0x4 Src/custom_motion_sensors.o
 .bss.MotionCtx
                0x000000002000023c        0x4 Src/custom_motion_sensors.o
 .bss.lsm6dso_obj_0.11866
                0x0000000020000240       0x30 Src/custom_motion_sensors.o
 .bss.I2C1InitCounter
                0x0000000020000270        0x4 Src/stm32f4xx_nucleo_bus.o
 .bss.__sbrk_heap_end
                0x0000000020000274        0x4 Src/sysmem.o
 .bss.__malloc_free_list
                0x0000000020000278        0x4 c:/st/stm32cubeide_1.4.0/stm32cubeide/plugins/com.st.stm32cube.ide.mcu.externaltools.gnu-tools-for-stm32.7-2018-q2-update.win32_1.4.0.202007081208/tools/bin/../lib/gcc/arm-none-eabi/7.3.1/../../../../arm-none-eabi/lib/thumb/v7e-m/fpv4-sp/hard\libc_nano.a(lib_a-nano-mallocr.o)
                0x0000000020000278                __malloc_free_list
 .bss.__malloc_sbrk_start
                0x000000002000027c        0x4 c:/st/stm32cubeide_1.4.0/stm32cubeide/plugins/com.st.stm32cube.ide.mcu.externaltools.gnu-tools-for-stm32.7-2018-q2-update.win32_1.4.0.202007081208/tools/bin/../lib/gcc/arm-none-eabi/7.3.1/../../../../arm-none-eabi/lib/thumb/v7e-m/fpv4-sp/hard\libc_nano.a(lib_a-nano-mallocr.o)
                0x000000002000027c                __malloc_sbrk_start
 *(COMMON)
 COMMON         0x0000000020000280       0x40 Drivers/BSP/NUCLEO-F401RE/stm32f4xx_nucleo.o
                0x0000000020000280                hcom_uart
 COMMON         0x00000000200002c0        0x4 Drivers/STM32F4xx_HAL_Driver/Src/stm32f4xx_hal.o
                0x00000000200002c0                uwTick
 COMMON         0x00000000200002c4        0x4 Src/custom_motion_sensors.o
                0x00000000200002c4                MotionCompObj
 COMMON         0x00000000200002c8       0x48 Src/main.o
                0x00000000200002c8                hcrc
                0x00000000200002d0                UartHandle
 COMMON         0x0000000020000310       0x54 Src/stm32f4xx_nucleo_bus.o
                0x0000000020000310                hi2c1
 COMMON         0x0000000020000364        0x4 c:/st/stm32cubeide_1.4.0/stm32cubeide/plugins/com.st.stm32cube.ide.mcu.externaltools.gnu-tools-for-stm32.7-2018-q2-update.win32_1.4.0.202007081208/tools/bin/../lib/gcc/arm-none-eabi/7.3.1/../../../../arm-none-eabi/lib/thumb/v7e-m/fpv4-sp/hard\libc_nano.a(lib_a-reent.o)
                0x0000000020000364                errno
                0x0000000020000368                . = ALIGN (0x4)
                0x0000000020000368                _ebss = .
                0x0000000020000368                __bss_end__ = _ebss

._user_heap_stack
                0x0000000020000368      0xa00 load address 0x0000000008007f70
                0x0000000020000368                . = ALIGN (0x8)
                [!provide]                        PROVIDE (end = .)
                0x0000000020000368                PROVIDE (_end = .)
                0x0000000020000568                . = (. + _Min_Heap_Size)
 *fill*         0x0000000020000368      0x200 
                0x0000000020000d68                . = (. + _Min_Stack_Size)
 *fill*         0x0000000020000568      0x800 
                0x0000000020000d68                . = ALIGN (0x8)

/DISCARD/
 libc.a(*)
 libm.a(*)
 libgcc.a(*)

.ARM.attributes
                0x0000000000000000       0x30
 *(.ARM.attributes)
 .ARM.attributes
                0x0000000000000000       0x22 c:/st/stm32cubeide_1.4.0/stm32cubeide/plugins/com.st.stm32cube.ide.mcu.externaltools.gnu-tools-for-stm32.7-2018-q2-update.win32_1.4.0.202007081208/tools/bin/../lib/gcc/arm-none-eabi/7.3.1/thumb/v7e-m/fpv4-sp/hard/crti.o
 .ARM.attributes
                0x0000000000000022       0x34 c:/st/stm32cubeide_1.4.0/stm32cubeide/plugins/com.st.stm32cube.ide.mcu.externaltools.gnu-tools-for-stm32.7-2018-q2-update.win32_1.4.0.202007081208/tools/bin/../lib/gcc/arm-none-eabi/7.3.1/thumb/v7e-m/fpv4-sp/hard/crtbegin.o
 .ARM.attributes
                0x0000000000000056       0x39 Drivers/BSP/Components/lsm6dso/lsm6dso.o
 .ARM.attributes
                0x000000000000008f       0x39 Drivers/BSP/Components/lsm6dso/lsm6dso_reg.o
 .ARM.attributes
                0x00000000000000c8       0x39 Drivers/BSP/NUCLEO-F401RE/stm32f4xx_nucleo.o
 .ARM.attributes
                0x0000000000000101       0x39 Drivers/STM32F4xx_HAL_Driver/Src/stm32f4xx_hal.o
 .ARM.attributes
                0x000000000000013a       0x39 Drivers/STM32F4xx_HAL_Driver/Src/stm32f4xx_hal_cortex.o
 .ARM.attributes
                0x0000000000000173       0x39 Drivers/STM32F4xx_HAL_Driver/Src/stm32f4xx_hal_crc.o
 .ARM.attributes
                0x00000000000001ac       0x39 Drivers/STM32F4xx_HAL_Driver/Src/stm32f4xx_hal_exti.o
 .ARM.attributes
                0x00000000000001e5       0x39 Drivers/STM32F4xx_HAL_Driver/Src/stm32f4xx_hal_gpio.o
 .ARM.attributes
                0x000000000000021e       0x39 Drivers/STM32F4xx_HAL_Driver/Src/stm32f4xx_hal_i2c.o
 .ARM.attributes
                0x0000000000000257       0x39 Drivers/STM32F4xx_HAL_Driver/Src/stm32f4xx_hal_rcc.o
 .ARM.attributes
                0x0000000000000290       0x39 Drivers/STM32F4xx_HAL_Driver/Src/stm32f4xx_hal_uart.o
 .ARM.attributes
                0x00000000000002c9       0x39 Src/app_mems.o
 .ARM.attributes
                0x0000000000000302       0x39 Src/custom_motion_sensors.o
 .ARM.attributes
                0x000000000000033b       0x39 Src/custom_motion_sensors_ex.o
 .ARM.attributes
                0x0000000000000374       0x39 Src/main.o
 .ARM.attributes
                0x00000000000003ad       0x39 Src/stm32f4xx_hal_msp.o
 .ARM.attributes
                0x00000000000003e6       0x39 Src/stm32f4xx_it.o
 .ARM.attributes
                0x000000000000041f       0x39 Src/stm32f4xx_nucleo_bus.o
 .ARM.attributes
                0x0000000000000458       0x39 Src/syscalls.o
 .ARM.attributes
                0x0000000000000491       0x39 Src/sysmem.o
 .ARM.attributes
                0x00000000000004ca       0x39 Src/system_stm32f4xx.o
 .ARM.attributes
                0x0000000000000503       0x21 Startup/startup_stm32f401retx.o
 .ARM.attributes
                0x0000000000000524       0x34 c:/st/stm32cubeide_1.4.0/stm32cubeide/plugins/com.st.stm32cube.ide.mcu.externaltools.gnu-tools-for-stm32.7-2018-q2-update.win32_1.4.0.202007081208/tools/bin/../lib/gcc/arm-none-eabi/7.3.1/../../../../arm-none-eabi/lib/thumb/v7e-m/fpv4-sp/hard\libc_nano.a(lib_a-errno.o)
 .ARM.attributes
                0x0000000000000558       0x34 c:/st/stm32cubeide_1.4.0/stm32cubeide/plugins/com.st.stm32cube.ide.mcu.externaltools.gnu-tools-for-stm32.7-2018-q2-update.win32_1.4.0.202007081208/tools/bin/../lib/gcc/arm-none-eabi/7.3.1/../../../../arm-none-eabi/lib/thumb/v7e-m/fpv4-sp/hard\libc_nano.a(lib_a-impure.o)
 .ARM.attributes
                0x000000000000058c       0x34 c:/st/stm32cubeide_1.4.0/stm32cubeide/plugins/com.st.stm32cube.ide.mcu.externaltools.gnu-tools-for-stm32.7-2018-q2-update.win32_1.4.0.202007081208/tools/bin/../lib/gcc/arm-none-eabi/7.3.1/../../../../arm-none-eabi/lib/thumb/v7e-m/fpv4-sp/hard\libc_nano.a(lib_a-init.o)
 .ARM.attributes
                0x00000000000005c0       0x34 c:/st/stm32cubeide_1.4.0/stm32cubeide/plugins/com.st.stm32cube.ide.mcu.externaltools.gnu-tools-for-stm32.7-2018-q2-update.win32_1.4.0.202007081208/tools/bin/../lib/gcc/arm-none-eabi/7.3.1/../../../../arm-none-eabi/lib/thumb/v7e-m/fpv4-sp/hard\libc_nano.a(lib_a-memcpy-stub.o)
 .ARM.attributes
                0x00000000000005f4       0x34 c:/st/stm32cubeide_1.4.0/stm32cubeide/plugins/com.st.stm32cube.ide.mcu.externaltools.gnu-tools-for-stm32.7-2018-q2-update.win32_1.4.0.202007081208/tools/bin/../lib/gcc/arm-none-eabi/7.3.1/../../../../arm-none-eabi/lib/thumb/v7e-m/fpv4-sp/hard\libc_nano.a(lib_a-memset.o)
 .ARM.attributes
                0x0000000000000628       0x34 c:/st/stm32cubeide_1.4.0/stm32cubeide/plugins/com.st.stm32cube.ide.mcu.externaltools.gnu-tools-for-stm32.7-2018-q2-update.win32_1.4.0.202007081208/tools/bin/../lib/gcc/arm-none-eabi/7.3.1/../../../../arm-none-eabi/lib/thumb/v7e-m/fpv4-sp/hard\libc_nano.a(lib_a-printf.o)
 .ARM.attributes
                0x000000000000065c       0x34 c:/st/stm32cubeide_1.4.0/stm32cubeide/plugins/com.st.stm32cube.ide.mcu.externaltools.gnu-tools-for-stm32.7-2018-q2-update.win32_1.4.0.202007081208/tools/bin/../lib/gcc/arm-none-eabi/7.3.1/../../../../arm-none-eabi/lib/thumb/v7e-m/fpv4-sp/hard\libc_nano.a(lib_a-snprintf.o)
 .ARM.attributes
                0x0000000000000690       0x34 c:/st/stm32cubeide_1.4.0/stm32cubeide/plugins/com.st.stm32cube.ide.mcu.externaltools.gnu-tools-for-stm32.7-2018-q2-update.win32_1.4.0.202007081208/tools/bin/../lib/gcc/arm-none-eabi/7.3.1/../../../../arm-none-eabi/lib/thumb/v7e-m/fpv4-sp/hard\libc_nano.a(lib_a-findfp.o)
 .ARM.attributes
                0x00000000000006c4       0x34 c:/st/stm32cubeide_1.4.0/stm32cubeide/plugins/com.st.stm32cube.ide.mcu.externaltools.gnu-tools-for-stm32.7-2018-q2-update.win32_1.4.0.202007081208/tools/bin/../lib/gcc/arm-none-eabi/7.3.1/../../../../arm-none-eabi/lib/thumb/v7e-m/fpv4-sp/hard\libc_nano.a(lib_a-fwalk.o)
 .ARM.attributes
                0x00000000000006f8       0x34 c:/st/stm32cubeide_1.4.0/stm32cubeide/plugins/com.st.stm32cube.ide.mcu.externaltools.gnu-tools-for-stm32.7-2018-q2-update.win32_1.4.0.202007081208/tools/bin/../lib/gcc/arm-none-eabi/7.3.1/../../../../arm-none-eabi/lib/thumb/v7e-m/fpv4-sp/hard\libc_nano.a(lib_a-nano-mallocr.o)
 .ARM.attributes
                0x000000000000072c       0x34 c:/st/stm32cubeide_1.4.0/stm32cubeide/plugins/com.st.stm32cube.ide.mcu.externaltools.gnu-tools-for-stm32.7-2018-q2-update.win32_1.4.0.202007081208/tools/bin/../lib/gcc/arm-none-eabi/7.3.1/../../../../arm-none-eabi/lib/thumb/v7e-m/fpv4-sp/hard\libc_nano.a(lib_a-nano-svfprintf.o)
 .ARM.attributes
                0x0000000000000760       0x34 c:/st/stm32cubeide_1.4.0/stm32cubeide/plugins/com.st.stm32cube.ide.mcu.externaltools.gnu-tools-for-stm32.7-2018-q2-update.win32_1.4.0.202007081208/tools/bin/../lib/gcc/arm-none-eabi/7.3.1/../../../../arm-none-eabi/lib/thumb/v7e-m/fpv4-sp/hard\libc_nano.a(lib_a-nano-vfprintf.o)
 .ARM.attributes
                0x0000000000000794       0x34 c:/st/stm32cubeide_1.4.0/stm32cubeide/plugins/com.st.stm32cube.ide.mcu.externaltools.gnu-tools-for-stm32.7-2018-q2-update.win32_1.4.0.202007081208/tools/bin/../lib/gcc/arm-none-eabi/7.3.1/../../../../arm-none-eabi/lib/thumb/v7e-m/fpv4-sp/hard\libc_nano.a(lib_a-nano-vfprintf_i.o)
 .ARM.attributes
                0x00000000000007c8       0x34 c:/st/stm32cubeide_1.4.0/stm32cubeide/plugins/com.st.stm32cube.ide.mcu.externaltools.gnu-tools-for-stm32.7-2018-q2-update.win32_1.4.0.202007081208/tools/bin/../lib/gcc/arm-none-eabi/7.3.1/../../../../arm-none-eabi/lib/thumb/v7e-m/fpv4-sp/hard\libc_nano.a(lib_a-sbrkr.o)
 .ARM.attributes
                0x00000000000007fc       0x34 c:/st/stm32cubeide_1.4.0/stm32cubeide/plugins/com.st.stm32cube.ide.mcu.externaltools.gnu-tools-for-stm32.7-2018-q2-update.win32_1.4.0.202007081208/tools/bin/../lib/gcc/arm-none-eabi/7.3.1/../../../../arm-none-eabi/lib/thumb/v7e-m/fpv4-sp/hard\libc_nano.a(lib_a-stdio.o)
 .ARM.attributes
                0x0000000000000830       0x34 c:/st/stm32cubeide_1.4.0/stm32cubeide/plugins/com.st.stm32cube.ide.mcu.externaltools.gnu-tools-for-stm32.7-2018-q2-update.win32_1.4.0.202007081208/tools/bin/../lib/gcc/arm-none-eabi/7.3.1/../../../../arm-none-eabi/lib/thumb/v7e-m/fpv4-sp/hard\libc_nano.a(lib_a-wbuf.o)
 .ARM.attributes
                0x0000000000000864       0x34 c:/st/stm32cubeide_1.4.0/stm32cubeide/plugins/com.st.stm32cube.ide.mcu.externaltools.gnu-tools-for-stm32.7-2018-q2-update.win32_1.4.0.202007081208/tools/bin/../lib/gcc/arm-none-eabi/7.3.1/../../../../arm-none-eabi/lib/thumb/v7e-m/fpv4-sp/hard\libc_nano.a(lib_a-writer.o)
 .ARM.attributes
                0x0000000000000898       0x34 c:/st/stm32cubeide_1.4.0/stm32cubeide/plugins/com.st.stm32cube.ide.mcu.externaltools.gnu-tools-for-stm32.7-2018-q2-update.win32_1.4.0.202007081208/tools/bin/../lib/gcc/arm-none-eabi/7.3.1/../../../../arm-none-eabi/lib/thumb/v7e-m/fpv4-sp/hard\libc_nano.a(lib_a-wsetup.o)
 .ARM.attributes
                0x00000000000008cc       0x34 c:/st/stm32cubeide_1.4.0/stm32cubeide/plugins/com.st.stm32cube.ide.mcu.externaltools.gnu-tools-for-stm32.7-2018-q2-update.win32_1.4.0.202007081208/tools/bin/../lib/gcc/arm-none-eabi/7.3.1/../../../../arm-none-eabi/lib/thumb/v7e-m/fpv4-sp/hard\libc_nano.a(lib_a-closer.o)
 .ARM.attributes
                0x0000000000000900       0x34 c:/st/stm32cubeide_1.4.0/stm32cubeide/plugins/com.st.stm32cube.ide.mcu.externaltools.gnu-tools-for-stm32.7-2018-q2-update.win32_1.4.0.202007081208/tools/bin/../lib/gcc/arm-none-eabi/7.3.1/../../../../arm-none-eabi/lib/thumb/v7e-m/fpv4-sp/hard\libc_nano.a(lib_a-fflush.o)
 .ARM.attributes
                0x0000000000000934       0x34 c:/st/stm32cubeide_1.4.0/stm32cubeide/plugins/com.st.stm32cube.ide.mcu.externaltools.gnu-tools-for-stm32.7-2018-q2-update.win32_1.4.0.202007081208/tools/bin/../lib/gcc/arm-none-eabi/7.3.1/../../../../arm-none-eabi/lib/thumb/v7e-m/fpv4-sp/hard\libc_nano.a(lib_a-lseekr.o)
 .ARM.attributes
                0x0000000000000968       0x34 c:/st/stm32cubeide_1.4.0/stm32cubeide/plugins/com.st.stm32cube.ide.mcu.externaltools.gnu-tools-for-stm32.7-2018-q2-update.win32_1.4.0.202007081208/tools/bin/../lib/gcc/arm-none-eabi/7.3.1/../../../../arm-none-eabi/lib/thumb/v7e-m/fpv4-sp/hard\libc_nano.a(lib_a-makebuf.o)
 .ARM.attributes
                0x000000000000099c       0x20 c:/st/stm32cubeide_1.4.0/stm32cubeide/plugins/com.st.stm32cube.ide.mcu.externaltools.gnu-tools-for-stm32.7-2018-q2-update.win32_1.4.0.202007081208/tools/bin/../lib/gcc/arm-none-eabi/7.3.1/../../../../arm-none-eabi/lib/thumb/v7e-m/fpv4-sp/hard\libc_nano.a(lib_a-memchr.o)
 .ARM.attributes
                0x00000000000009bc       0x34 c:/st/stm32cubeide_1.4.0/stm32cubeide/plugins/com.st.stm32cube.ide.mcu.externaltools.gnu-tools-for-stm32.7-2018-q2-update.win32_1.4.0.202007081208/tools/bin/../lib/gcc/arm-none-eabi/7.3.1/../../../../arm-none-eabi/lib/thumb/v7e-m/fpv4-sp/hard\libc_nano.a(lib_a-memmove.o)
 .ARM.attributes
                0x00000000000009f0       0x34 c:/st/stm32cubeide_1.4.0/stm32cubeide/plugins/com.st.stm32cube.ide.mcu.externaltools.gnu-tools-for-stm32.7-2018-q2-update.win32_1.4.0.202007081208/tools/bin/../lib/gcc/arm-none-eabi/7.3.1/../../../../arm-none-eabi/lib/thumb/v7e-m/fpv4-sp/hard\libc_nano.a(lib_a-mlock.o)
 .ARM.attributes
                0x0000000000000a24       0x34 c:/st/stm32cubeide_1.4.0/stm32cubeide/plugins/com.st.stm32cube.ide.mcu.externaltools.gnu-tools-for-stm32.7-2018-q2-update.win32_1.4.0.202007081208/tools/bin/../lib/gcc/arm-none-eabi/7.3.1/../../../../arm-none-eabi/lib/thumb/v7e-m/fpv4-sp/hard\libc_nano.a(lib_a-nano-freer.o)
 .ARM.attributes
                0x0000000000000a58       0x34 c:/st/stm32cubeide_1.4.0/stm32cubeide/plugins/com.st.stm32cube.ide.mcu.externaltools.gnu-tools-for-stm32.7-2018-q2-update.win32_1.4.0.202007081208/tools/bin/../lib/gcc/arm-none-eabi/7.3.1/../../../../arm-none-eabi/lib/thumb/v7e-m/fpv4-sp/hard\libc_nano.a(lib_a-nano-reallocr.o)
 .ARM.attributes
                0x0000000000000a8c       0x34 c:/st/stm32cubeide_1.4.0/stm32cubeide/plugins/com.st.stm32cube.ide.mcu.externaltools.gnu-tools-for-stm32.7-2018-q2-update.win32_1.4.0.202007081208/tools/bin/../lib/gcc/arm-none-eabi/7.3.1/../../../../arm-none-eabi/lib/thumb/v7e-m/fpv4-sp/hard\libc_nano.a(lib_a-readr.o)
 .ARM.attributes
                0x0000000000000ac0       0x34 c:/st/stm32cubeide_1.4.0/stm32cubeide/plugins/com.st.stm32cube.ide.mcu.externaltools.gnu-tools-for-stm32.7-2018-q2-update.win32_1.4.0.202007081208/tools/bin/../lib/gcc/arm-none-eabi/7.3.1/../../../../arm-none-eabi/lib/thumb/v7e-m/fpv4-sp/hard\libc_nano.a(lib_a-reent.o)
 .ARM.attributes
                0x0000000000000af4       0x34 c:/st/stm32cubeide_1.4.0/stm32cubeide/plugins/com.st.stm32cube.ide.mcu.externaltools.gnu-tools-for-stm32.7-2018-q2-update.win32_1.4.0.202007081208/tools/bin/../lib/gcc/arm-none-eabi/7.3.1/../../../../arm-none-eabi/lib/thumb/v7e-m/fpv4-sp/hard\libc_nano.a(lib_a-fstatr.o)
 .ARM.attributes
                0x0000000000000b28       0x34 c:/st/stm32cubeide_1.4.0/stm32cubeide/plugins/com.st.stm32cube.ide.mcu.externaltools.gnu-tools-for-stm32.7-2018-q2-update.win32_1.4.0.202007081208/tools/bin/../lib/gcc/arm-none-eabi/7.3.1/../../../../arm-none-eabi/lib/thumb/v7e-m/fpv4-sp/hard\libc_nano.a(lib_a-isattyr.o)
 .ARM.attributes
                0x0000000000000b5c       0x34 c:/st/stm32cubeide_1.4.0/stm32cubeide/plugins/com.st.stm32cube.ide.mcu.externaltools.gnu-tools-for-stm32.7-2018-q2-update.win32_1.4.0.202007081208/tools/bin/../lib/gcc/arm-none-eabi/7.3.1/../../../../arm-none-eabi/lib/thumb/v7e-m/fpv4-sp/hard\libc_nano.a(lib_a-nano-msizer.o)
 .ARM.attributes
                0x0000000000000b90       0x22 c:/st/stm32cubeide_1.4.0/stm32cubeide/plugins/com.st.stm32cube.ide.mcu.externaltools.gnu-tools-for-stm32.7-2018-q2-update.win32_1.4.0.202007081208/tools/bin/../lib/gcc/arm-none-eabi/7.3.1/thumb/v7e-m/fpv4-sp/hard\libgcc.a(_aeabi_uldivmod.o)
 .ARM.attributes
                0x0000000000000bb2       0x34 c:/st/stm32cubeide_1.4.0/stm32cubeide/plugins/com.st.stm32cube.ide.mcu.externaltools.gnu-tools-for-stm32.7-2018-q2-update.win32_1.4.0.202007081208/tools/bin/../lib/gcc/arm-none-eabi/7.3.1/thumb/v7e-m/fpv4-sp/hard\libgcc.a(_udivmoddi4.o)
 .ARM.attributes
                0x0000000000000be6       0x22 c:/st/stm32cubeide_1.4.0/stm32cubeide/plugins/com.st.stm32cube.ide.mcu.externaltools.gnu-tools-for-stm32.7-2018-q2-update.win32_1.4.0.202007081208/tools/bin/../lib/gcc/arm-none-eabi/7.3.1/thumb/v7e-m/fpv4-sp/hard\libgcc.a(_dvmd_tls.o)
 .ARM.attributes
                0x0000000000000c08       0x22 c:/st/stm32cubeide_1.4.0/stm32cubeide/plugins/com.st.stm32cube.ide.mcu.externaltools.gnu-tools-for-stm32.7-2018-q2-update.win32_1.4.0.202007081208/tools/bin/../lib/gcc/arm-none-eabi/7.3.1/thumb/v7e-m/fpv4-sp/hard/crtn.o
OUTPUT(AccelPlusAI.elf elf32-littlearm)

.debug_info     0x0000000000000000    0x25a8e
 .debug_info    0x0000000000000000     0x6c60 Drivers/BSP/Components/lsm6dso/lsm6dso.o
 .debug_info    0x0000000000006c60     0xb0b9 Drivers/BSP/Components/lsm6dso/lsm6dso_reg.o
 .debug_info    0x0000000000011d19     0x19b0 Drivers/BSP/NUCLEO-F401RE/stm32f4xx_nucleo.o
 .debug_info    0x00000000000136c9      0x8ce Drivers/STM32F4xx_HAL_Driver/Src/stm32f4xx_hal.o
 .debug_info    0x0000000000013f97      0xd92 Drivers/STM32F4xx_HAL_Driver/Src/stm32f4xx_hal_cortex.o
 .debug_info    0x0000000000014d29      0x43a Drivers/STM32F4xx_HAL_Driver/Src/stm32f4xx_hal_crc.o
 .debug_info    0x0000000000015163      0x5e1 Drivers/STM32F4xx_HAL_Driver/Src/stm32f4xx_hal_exti.o
 .debug_info    0x0000000000015744      0x7d7 Drivers/STM32F4xx_HAL_Driver/Src/stm32f4xx_hal_gpio.o
 .debug_info    0x0000000000015f1b     0x242b Drivers/STM32F4xx_HAL_Driver/Src/stm32f4xx_hal_i2c.o
 .debug_info    0x0000000000018346      0x929 Drivers/STM32F4xx_HAL_Driver/Src/stm32f4xx_hal_rcc.o
 .debug_info    0x0000000000018c6f     0x1244 Drivers/STM32F4xx_HAL_Driver/Src/stm32f4xx_hal_uart.o
 .debug_info    0x0000000000019eb3     0x1b1e Src/app_mems.o
 .debug_info    0x000000000001b9d1     0x1c9c Src/custom_motion_sensors.o
 .debug_info    0x000000000001d66d     0x2511 Src/custom_motion_sensors_ex.o
 .debug_info    0x000000000001fb7e     0x13a4 Src/main.o
 .debug_info    0x0000000000020f22     0x1189 Src/stm32f4xx_hal_msp.o
 .debug_info    0x00000000000220ab      0xed4 Src/stm32f4xx_it.o
 .debug_info    0x0000000000022f7f      0xd2d Src/stm32f4xx_nucleo_bus.o
 .debug_info    0x0000000000023cac      0xebd Src/syscalls.o
 .debug_info    0x0000000000024b69      0x985 Src/sysmem.o
 .debug_info    0x00000000000254ee      0x57e Src/system_stm32f4xx.o
 .debug_info    0x0000000000025a6c       0x22 Startup/startup_stm32f401retx.o

.debug_abbrev   0x0000000000000000     0x2f74
 .debug_abbrev  0x0000000000000000      0x340 Drivers/BSP/Components/lsm6dso/lsm6dso.o
 .debug_abbrev  0x0000000000000340      0x2c8 Drivers/BSP/Components/lsm6dso/lsm6dso_reg.o
 .debug_abbrev  0x0000000000000608      0x325 Drivers/BSP/NUCLEO-F401RE/stm32f4xx_nucleo.o
 .debug_abbrev  0x000000000000092d      0x1f2 Drivers/STM32F4xx_HAL_Driver/Src/stm32f4xx_hal.o
 .debug_abbrev  0x0000000000000b1f      0x2fa Drivers/STM32F4xx_HAL_Driver/Src/stm32f4xx_hal_cortex.o
 .debug_abbrev  0x0000000000000e19      0x18e Drivers/STM32F4xx_HAL_Driver/Src/stm32f4xx_hal_crc.o
 .debug_abbrev  0x0000000000000fa7      0x1cb Drivers/STM32F4xx_HAL_Driver/Src/stm32f4xx_hal_exti.o
 .debug_abbrev  0x0000000000001172      0x1c9 Drivers/STM32F4xx_HAL_Driver/Src/stm32f4xx_hal_gpio.o
 .debug_abbrev  0x000000000000133b      0x263 Drivers/STM32F4xx_HAL_Driver/Src/stm32f4xx_hal_i2c.o
 .debug_abbrev  0x000000000000159e      0x245 Drivers/STM32F4xx_HAL_Driver/Src/stm32f4xx_hal_rcc.o
 .debug_abbrev  0x00000000000017e3      0x251 Drivers/STM32F4xx_HAL_Driver/Src/stm32f4xx_hal_uart.o
 .debug_abbrev  0x0000000000001a34      0x296 Src/app_mems.o
 .debug_abbrev  0x0000000000001cca      0x2af Src/custom_motion_sensors.o
 .debug_abbrev  0x0000000000001f79      0x29d Src/custom_motion_sensors_ex.o
 .debug_abbrev  0x0000000000002216      0x238 Src/main.o
 .debug_abbrev  0x000000000000244e      0x1ee Src/stm32f4xx_hal_msp.o
 .debug_abbrev  0x000000000000263c      0x1ba Src/stm32f4xx_it.o
 .debug_abbrev  0x00000000000027f6      0x245 Src/stm32f4xx_nucleo_bus.o
 .debug_abbrev  0x0000000000002a3b      0x261 Src/syscalls.o
 .debug_abbrev  0x0000000000002c9c      0x19b Src/sysmem.o
 .debug_abbrev  0x0000000000002e37      0x12b Src/system_stm32f4xx.o
 .debug_abbrev  0x0000000000002f62       0x12 Startup/startup_stm32f401retx.o

.debug_aranges  0x0000000000000000     0x1b10
 .debug_aranges
                0x0000000000000000      0x300 Drivers/BSP/Components/lsm6dso/lsm6dso.o
 .debug_aranges
                0x0000000000000300      0xa28 Drivers/BSP/Components/lsm6dso/lsm6dso_reg.o
 .debug_aranges
                0x0000000000000d28       0xc8 Drivers/BSP/NUCLEO-F401RE/stm32f4xx_nucleo.o
 .debug_aranges
                0x0000000000000df0       0xf0 Drivers/STM32F4xx_HAL_Driver/Src/stm32f4xx_hal.o
 .debug_aranges
                0x0000000000000ee0      0x118 Drivers/STM32F4xx_HAL_Driver/Src/stm32f4xx_hal_cortex.o
 .debug_aranges
                0x0000000000000ff8       0x50 Drivers/STM32F4xx_HAL_Driver/Src/stm32f4xx_hal_crc.o
 .debug_aranges
                0x0000000000001048       0x60 Drivers/STM32F4xx_HAL_Driver/Src/stm32f4xx_hal_exti.o
 .debug_aranges
                0x00000000000010a8       0x58 Drivers/STM32F4xx_HAL_Driver/Src/stm32f4xx_hal_gpio.o
 .debug_aranges
                0x0000000000001100      0x2a0 Drivers/STM32F4xx_HAL_Driver/Src/stm32f4xx_hal_i2c.o
 .debug_aranges
                0x00000000000013a0       0x88 Drivers/STM32F4xx_HAL_Driver/Src/stm32f4xx_hal_rcc.o
 .debug_aranges