lsm6dso.c:101:9:LSM6DSO_RegisterBusIO	24	static
lsm6dso.c:158:9:LSM6DSO_Init	16	static
lsm6dso.c:225:9:LSM6DSO_DeInit	16	static
lsm6dso.c:253:9:LSM6DSO_ReadID	16	static
lsm6dso.c:269:9:LSM6DSO_GetCapabilities	16	static
lsm6dso.c:292:9:LSM6DSO_ACC_Enable	16	static
lsm6dso.c:316:9:LSM6DSO_ACC_Disable	16	static
lsm6dso.c:347:9:LSM6DSO_ACC_GetSensitivity	24	static
lsm6dso.c:391:9:LSM6DSO_ACC_GetOutputDataRate	24	static
lsm6dso.c:466:9:LSM6DSO_ACC_SetOutputDataRate	16	static
lsm6dso.c:479:9:LSM6DSO_ACC_SetOutputDataRate_With_Mode	56	static
lsm6dso.c:676:9:LSM6DSO_ACC_GetFullScale	24	static
lsm6dso.c:719:9:LSM6DSO_ACC_SetFullScale	24	static
lsm6dso.c:744:9:LSM6DSO_ACC_GetAxesRaw	24	static
lsm6dso.c:768:9:LSM6DSO_ACC_GetAxes	32	static
lsm6dso.c:798:9:LSM6DSO_GYRO_Enable	16	static
lsm6dso.c:822:9:LSM6DSO_GYRO_Disable	16	static
lsm6dso.c:853:9:LSM6DSO_GYRO_GetSensitivity	24	static
lsm6dso.c:901:9:LSM6DSO_GYRO_GetOutputDataRate	24	static
lsm6dso.c:972:9:LSM6DSO_GYRO_SetOutputDataRate	16	static
lsm6dso.c:984:9:LSM6DSO_GYRO_SetOutputDataRate_With_Mode	40	static
lsm6dso.c:1065:9:LSM6DSO_GYRO_GetFullScale	24	static
lsm6dso.c:1112:9:LSM6DSO_GYRO_SetFullScale	24	static
lsm6dso.c:1136:9:LSM6DSO_GYRO_GetAxesRaw	24	static
lsm6dso.c:1160:9:LSM6DSO_GYRO_GetAxes	32	static
lsm6dso.c:1192:9:LSM6DSO_Read_Reg	24	static
lsm6dso.c:1209:9:LSM6DSO_Write_Reg	16	static
lsm6dso.c:1225:9:LSM6DSO_Set_Interrupt_Latch	24	static
lsm6dso.c:1273:9:LSM6DSO_ACC_Enable_Free_Fall_Detection	40	static
lsm6dso.c:1359:9:LSM6DSO_ACC_Disable_Free_Fall_Detection	32	static
lsm6dso.c:1410:9:LSM6DSO_ACC_Set_Free_Fall_Threshold	24	static
lsm6dso.c:1465:9:LSM6DSO_ACC_Set_Free_Fall_Duration	16	static
lsm6dso.c:1480:9:LSM6DSO_ACC_Enable_Pedometer	24	static
lsm6dso.c:1523:9:LSM6DSO_ACC_Disable_Pedometer	24	static
lsm6dso.c:1555:9:LSM6DSO_ACC_Get_Step_Count	16	static
lsm6dso.c:1570:9:LSM6DSO_ACC_Step_Counter_Reset	16	static
lsm6dso.c:1586:9:LSM6DSO_ACC_Enable_Tilt_Detection	40	static
lsm6dso.c:1654:9:LSM6DSO_ACC_Disable_Tilt_Detection	32	static
lsm6dso.c:1699:9:LSM6DSO_ACC_Enable_Wake_Up_Detection	40	static
lsm6dso.c:1773:9:LSM6DSO_ACC_Disable_Wake_Up_Detection	32	static
lsm6dso.c:1824:9:LSM6DSO_ACC_Set_Wake_Up_Threshold	16	static
lsm6dso.c:1841:9:LSM6DSO_ACC_Set_Wake_Up_Duration	16	static
lsm6dso.c:1858:9:LSM6DSO_ACC_Enable_Single_Tap_Detection	40	static
lsm6dso.c:1960:9:LSM6DSO_ACC_Disable_Single_Tap_Detection	32	static
lsm6dso.c:2035:9:LSM6DSO_ACC_Enable_Double_Tap_Detection	40	static
lsm6dso.c:2145:9:LSM6DSO_ACC_Disable_Double_Tap_Detection	32	static
lsm6dso.c:2232:9:LSM6DSO_ACC_Set_Tap_Threshold	16	static
lsm6dso.c:2249:9:LSM6DSO_ACC_Set_Tap_Shock_Time	16	static
lsm6dso.c:2266:9:LSM6DSO_ACC_Set_Tap_Quiet_Time	16	static
lsm6dso.c:2283:9:LSM6DSO_ACC_Set_Tap_Duration_Time	16	static
lsm6dso.c:2300:9:LSM6DSO_ACC_Enable_6D_Orientation	40	static
lsm6dso.c:2368:9:LSM6DSO_ACC_Disable_6D_Orientation	32	static
lsm6dso.c:2413:9:LSM6DSO_ACC_Set_6D_Orientation_Threshold	24	static
lsm6dso.c:2456:9:LSM6DSO_ACC_Get_6D_Orientation_XL	24	static
lsm6dso.c:2476:9:LSM6DSO_ACC_Get_6D_Orientation_XH	24	static
lsm6dso.c:2496:9:LSM6DSO_ACC_Get_6D_Orientation_YL	24	static
lsm6dso.c:2516:9:LSM6DSO_ACC_Get_6D_Orientation_YH	24	static
lsm6dso.c:2536:9:LSM6DSO_ACC_Get_6D_Orientation_ZL	24	static
lsm6dso.c:2556:9:LSM6DSO_ACC_Get_6D_Orientation_ZH	24	static
lsm6dso.c:2576:9:LSM6DSO_ACC_Get_DRDY_Status	16	static
lsm6dso.c:2592:9:LSM6DSO_ACC_Get_Event_Status	48	static
lsm6dso.c:2726:9:LSM6DSO_ACC_Set_SelfTest	24	static
lsm6dso.c:2749:9:LSM6DSO_GYRO_Get_DRDY_Status	16	static
lsm6dso.c:2765:9:LSM6DSO_GYRO_Set_SelfTest	24	static
lsm6dso.c:2789:9:LSM6DSO_FIFO_Get_Num_Samples	16	static
lsm6dso.c:2805:9:LSM6DSO_FIFO_Get_Full_Status	24	static
lsm6dso.c:2825:9:LSM6DSO_FIFO_Set_INT1_FIFO_Full	24	static
lsm6dso.c:2850:9:LSM6DSO_FIFO_Set_Watermark_Level	16	static
lsm6dso.c:2866:9:LSM6DSO_FIFO_Set_Stop_On_Fth	16	static
lsm6dso.c:2882:9:LSM6DSO_FIFO_Set_Mode	24	static
lsm6dso.c:2931:9:LSM6DSO_FIFO_Get_Tag	24	static
lsm6dso.c:2951:9:LSM6DSO_FIFO_Get_Data	16	static
lsm6dso.c:2967:9:LSM6DSO_FIFO_ACC_Get_Axes	40	static
lsm6dso.c:3000:9:LSM6DSO_FIFO_ACC_Set_BDR	24	static
lsm6dso.c:3030:9:LSM6DSO_FIFO_GYRO_Get_Axes	40	static
lsm6dso.c:3063:9:LSM6DSO_FIFO_GYRO_Set_BDR	24	static
lsm6dso.c:3092:9:LSM6DSO_ACC_Enable_DRDY_On_INT1	24	static
lsm6dso.c:3116:9:LSM6DSO_ACC_Disable_DRDY_On_INT1	24	static
lsm6dso.c:3140:9:LSM6DSO_ACC_Set_Power_Mode	24	static
lsm6dso.c:3181:9:LSM6DSO_ACC_Set_Filter_Mode	24	static
lsm6dso.c:3299:9:LSM6DSO_ACC_Enable_Inactivity_Detection	40	static
lsm6dso.c:3410:9:LSM6DSO_ACC_Disable_Inactivity_Detection	32	static
lsm6dso.c:3460:9:LSM6DSO_ACC_Set_Sleep_Duration	16	static
lsm6dso.c:3476:9:LSM6DSO_GYRO_Enable_DRDY_On_INT2	24	static
lsm6dso.c:3501:9:LSM6DSO_GYRO_Set_Power_Mode	24	static
lsm6dso.c:3539:9:LSM6DSO_GYRO_Set_Filter_Mode	24	static
lsm6dso.c:3640:9:LSM6DSO_DRDY_Set_Mode	24	static
lsm6dso.c:3686:16:LSM6DSO_ACC_SetOutputDataRate_When_Enabled	24	static
lsm6dso.c:3717:16:LSM6DSO_ACC_SetOutputDataRate_When_Disabled	16	static
lsm6dso.c:3740:16:LSM6DSO_GYRO_SetOutputDataRate_When_Enabled	24	static
lsm6dso.c:3770:16:LSM6DSO_GYRO_SetOutputDataRate_When_Disabled	16	static
lsm6dso.c:3794:16:ReadRegWrap	40	static
lsm6dso.c:3809:16:WriteRegWrap	40	static
